Component: Arm Compiler for Embedded 6.19 Tool: armlink [5e73cb00]

==============================================================================

Section Cross References

    startup_stm32f407xx.o(STACK) refers (Special) to heapauxi.o(.text) for __use_two_region_memory
    startup_stm32f407xx.o(HEAP) refers (Special) to heapauxi.o(.text) for __use_two_region_memory
    startup_stm32f407xx.o(RESET) refers (Special) to heapauxi.o(.text) for __use_two_region_memory
    startup_stm32f407xx.o(RESET) refers to startup_stm32f407xx.o(STACK) for __initial_sp
    startup_stm32f407xx.o(RESET) refers to startup_stm32f407xx.o(.text) for Reset_Handler
    startup_stm32f407xx.o(RESET) refers to stm32f4xx_it.o(.text.NMI_Handler) for NMI_Handler
    startup_stm32f407xx.o(RESET) refers to stm32f4xx_it.o(.text.HardFault_Handler) for HardFault_Handler
    startup_stm32f407xx.o(RESET) refers to stm32f4xx_it.o(.text.MemManage_Handler) for MemManage_Handler
    startup_stm32f407xx.o(RESET) refers to stm32f4xx_it.o(.text.BusFault_Handler) for BusFault_Handler
    startup_stm32f407xx.o(RESET) refers to stm32f4xx_it.o(.text.UsageFault_Handler) for UsageFault_Handler
    startup_stm32f407xx.o(RESET) refers to stm32f4xx_it.o(.text.SVC_Handler) for SVC_Handler
    startup_stm32f407xx.o(RESET) refers to stm32f4xx_it.o(.text.DebugMon_Handler) for DebugMon_Handler
    startup_stm32f407xx.o(RESET) refers to stm32f4xx_it.o(.text.PendSV_Handler) for PendSV_Handler
    startup_stm32f407xx.o(RESET) refers to stm32f4xx_it.o(.text.SysTick_Handler) for SysTick_Handler
    startup_stm32f407xx.o(RESET) refers to stm32f4xx_it.o(.text.CAN1_TX_IRQHandler) for CAN1_TX_IRQHandler
    startup_stm32f407xx.o(RESET) refers to stm32f4xx_it.o(.text.CAN1_RX0_IRQHandler) for CAN1_RX0_IRQHandler
    startup_stm32f407xx.o(RESET) refers to stm32f4xx_it.o(.text.SPI1_IRQHandler) for SPI1_IRQHandler
    startup_stm32f407xx.o(RESET) refers to stm32f4xx_it.o(.text.TIM6_DAC_IRQHandler) for TIM6_DAC_IRQHandler
    startup_stm32f407xx.o(.text) refers (Special) to heapauxi.o(.text) for __use_two_region_memory
    startup_stm32f407xx.o(.text) refers to system_stm32f4xx_1.o(.text.SystemInit) for SystemInit
    startup_stm32f407xx.o(.text) refers to __main.o(!!!main) for __main
    startup_stm32f407xx.o(.text) refers to startup_stm32f407xx.o(HEAP) for Heap_Mem
    startup_stm32f407xx.o(.text) refers to startup_stm32f407xx.o(STACK) for Stack_Mem
    callback.o(.text.HAL_TIM_PeriodElapsedCallback) refers to tim.o(.bss.htim6) for htim6
    callback.o(.text.HAL_TIM_PeriodElapsedCallback) refers to imu.o(.data.imu) for imu
    callback.o(.text.HAL_TIM_PeriodElapsedCallback) refers to imu.o(.text._ZN3IMU9get_accelEv) for IMU::get_accel()
    callback.o(.text.HAL_TIM_PeriodElapsedCallback) refers to imu.o(.text._ZN3IMU8get_gyroEv) for IMU::get_gyro()
    callback.o(.text.HAL_TIM_PeriodElapsedCallback) refers to imu.o(.text._ZN3IMU9calculateEv) for IMU::calculate()
    callback.o(.text.HAL_TIM_PeriodElapsedCallback) refers to callback.o(.bss..L_MergedGlobals) for .L_MergedGlobals
    callback.o(.text.HAL_TIM_PeriodElapsedCallback) refers to callback.o(.bss.pitch) for pitch
    callback.o(.text.HAL_TIM_PeriodElapsedCallback) refers to can.o(.bss.hcan1) for hcan1
    callback.o(.text.HAL_TIM_PeriodElapsedCallback) refers to callback.o(.data.txHeader) for txHeader
    callback.o(.text.HAL_TIM_PeriodElapsedCallback) refers to stm32f4xx_hal_can.o(.text.HAL_CAN_AddTxMessage) for HAL_CAN_AddTxMessage
    callback.o(.text.HAL_TIM_PeriodElapsedCallback) refers to motor.o(.text._ZN5Motor11get_messageEv) for Motor::get_message()
    callback.o(.text.HAL_TIM_PeriodElapsedCallback) refers to motor.o(.text._ZN5Motor16angle_regulationEf) for Motor::angle_regulation(float)
    callback.o(.text.HAL_TIM_PeriodElapsedCallback) refers to callback.o(.bss.yaw) for yaw
    callback.o(.ARM.exidx.text.HAL_TIM_PeriodElapsedCallback) refers to callback.o(.text.HAL_TIM_PeriodElapsedCallback) for [Anonymous Symbol]
    callback.o(.text.HAL_CAN_RxFifo0MsgPendingCallback) refers to can.o(.bss.hcan1) for hcan1
    callback.o(.text.HAL_CAN_RxFifo0MsgPendingCallback) refers to callback.o(.bss.pitch) for pitch
    callback.o(.text.HAL_CAN_RxFifo0MsgPendingCallback) refers to motor.o(.text._ZN5Motor11get_messageEv) for Motor::get_message()
    callback.o(.text.HAL_CAN_RxFifo0MsgPendingCallback) refers to callback.o(.bss.yaw) for yaw
    callback.o(.ARM.exidx.text.HAL_CAN_RxFifo0MsgPendingCallback) refers to callback.o(.text.HAL_CAN_RxFifo0MsgPendingCallback) for [Anonymous Symbol]
    callback.o(.text._GLOBAL__sub_I_callback.cpp) refers to callback.o(.bss.pitch) for pitch
    callback.o(.text._GLOBAL__sub_I_callback.cpp) refers to motor.o(.text._ZN5MotorC2Eif) for Motor::Motor(int, float)
    callback.o(.text._GLOBAL__sub_I_callback.cpp) refers to callback.o(.bss.yaw) for yaw
    callback.o(.ARM.exidx.text._GLOBAL__sub_I_callback.cpp) refers to callback.o(.text._GLOBAL__sub_I_callback.cpp) for [Anonymous Symbol]
[...]
    .ARM.Collect$$libinit$$0000000E          0x08000202   Section        0  libinit2.o(.ARM.Collect$$libinit$$0000000E)
    .ARM.Collect$$libinit$$00000010          0x08000202   Section        0  libinit2.o(.ARM.Collect$$libinit$$00000010)
    .ARM.Collect$$libinit$$00000013          0x08000202   Section        0  libinit2.o(.ARM.Collect$$libinit$$00000013)
    .ARM.Collect$$libinit$$00000015          0x08000202   Section        0  libinit2.o(.ARM.Collect$$libinit$$00000015)
    .ARM.Collect$$libinit$$00000017          0x08000202   Section        0  libinit2.o(.ARM.Collect$$libinit$$00000017)
    .ARM.Collect$$libinit$$00000019          0x08000202   Section        0  libinit2.o(.ARM.Collect$$libinit$$00000019)
    .ARM.Collect$$libinit$$0000001B          0x08000202   Section        0  libinit2.o(.ARM.Collect$$libinit$$0000001B)
    .ARM.Collect$$libinit$$0000001D          0x08000202   Section        0  libinit2.o(.ARM.Collect$$libinit$$0000001D)
    .ARM.Collect$$libinit$$0000001F          0x08000202   Section        0  libinit2.o(.ARM.Collect$$libinit$$0000001F)
    .ARM.Collect$$libinit$$00000021          0x08000202   Section        0  libinit2.o(.ARM.Collect$$libinit$$00000021)
    .ARM.Collect$$libinit$$00000023          0x08000202   Section        0  libinit2.o(.ARM.Collect$$libinit$$00000023)
    .ARM.Collect$$libinit$$00000025          0x08000202   Section        0  libinit2.o(.ARM.Collect$$libinit$$00000025)
    .ARM.Collect$$libinit$$00000027          0x08000202   Section        0  libinit2.o(.ARM.Collect$$libinit$$00000027)
    .ARM.Collect$$libinit$$0000002E          0x08000202   Section        0  libinit2.o(.ARM.Collect$$libinit$$0000002E)
    .ARM.Collect$$libinit$$00000030          0x08000202   Section        0  libinit2.o(.ARM.Collect$$libinit$$00000030)
    .ARM.Collect$$libinit$$00000032          0x08000202   Section        0  libinit2.o(.ARM.Collect$$libinit$$00000032)
    .ARM.Collect$$libinit$$00000033          0x08000202   Section        4  libinit2.o(.ARM.Collect$$libinit$$00000033)
    .ARM.Collect$$libinit$$00000034          0x08000206   Section        0  libinit2.o(.ARM.Collect$$libinit$$00000034)
    .ARM.Collect$$libinit$$00000035          0x08000206   Section        2  libinit2.o(.ARM.Collect$$libinit$$00000035)
    .ARM.Collect$$libshutdown$$00000000      0x08000208   Section        2  libshutdown.o(.ARM.Collect$$libshutdown$$00000000)
    .ARM.Collect$$libshutdown$$00000002      0x0800020a   Section        0  libshutdown2.o(.ARM.Collect$$libshutdown$$00000002)
    .ARM.Collect$$libshutdown$$00000004      0x0800020a   Section        0  libshutdown2.o(.ARM.Collect$$libshutdown$$00000004)
    .ARM.Collect$$libshutdown$$00000007      0x0800020a   Section        0  libshutdown2.o(.ARM.Collect$$libshutdown$$00000007)
    .ARM.Collect$$libshutdown$$0000000A      0x0800020a   Section        0  libshutdown2.o(.ARM.Collect$$libshutdown$$0000000A)
    .ARM.Collect$$libshutdown$$0000000C      0x0800020a   Section        0  libshutdown2.o(.ARM.Collect$$libshutdown$$0000000C)
    .ARM.Collect$$libshutdown$$0000000F      0x0800020a   Section        0  libshutdown2.o(.ARM.Collect$$libshutdown$$0000000F)
    .ARM.Collect$$libshutdown$$00000010      0x0800020a   Section        2  libshutdown2.o(.ARM.Collect$$libshutdown$$00000010)
    .ARM.Collect$$rtentry$$00000000          0x0800020c   Section        0  __rtentry.o(.ARM.Collect$$rtentry$$00000000)
    .ARM.Collect$$rtentry$$00000002          0x0800020c   Section        0  __rtentry2.o(.ARM.Collect$$rtentry$$00000002)
    .ARM.Collect$$rtentry$$00000004          0x0800020c   Section        6  __rtentry4.o(.ARM.Collect$$rtentry$$00000004)
    .ARM.Collect$$rtentry$$00000009          0x08000212   Section        0  __rtentry2.o(.ARM.Collect$$rtentry$$00000009)
    .ARM.Collect$$rtentry$$0000000A          0x08000212   Section        4  __rtentry2.o(.ARM.Collect$$rtentry$$0000000A)
    .ARM.Collect$$rtentry$$0000000C          0x08000216   Section        0  __rtentry2.o(.ARM.Collect$$rtentry$$0000000C)
    .ARM.Collect$$rtentry$$0000000D          0x08000216   Section        8  __rtentry2.o(.ARM.Collect$$rtentry$$0000000D)
    .ARM.Collect$$rtexit$$00000000           0x0800021e   Section        2  rtexit.o(.ARM.Collect$$rtexit$$00000000)
    .ARM.Collect$$rtexit$$00000002           0x08000220   Section        0  rtexit2.o(.ARM.Collect$$rtexit$$00000002)
    .ARM.Collect$$rtexit$$00000003           0x08000220   Section        4  rtexit2.o(.ARM.Collect$$rtexit$$00000003)
    .ARM.Collect$$rtexit$$00000004           0x08000224   Section        6  rtexit2.o(.ARM.Collect$$rtexit$$00000004)
    $v0                                      0x0800022c   Number         0  startup_stm32f407xx.o(.text)
    .text                                    0x0800022c   Section       64  startup_stm32f407xx.o(.text)
    .text                                    0x0800026c   Section      240  lludivv7m.o(.text)
    .text                                    0x0800035c   Section       78  rt_memclr_w.o(.text)
    .text                                    0x080003aa   Section        0  heapauxi.o(.text)
    .text                                    0x080003b0   Section        0  init_aeabi.o(.text)
    .text                                    0x080003d4   Section        0  _rserrno.o(.text)
    .text                                    0x080003ec   Section        8  rt_errno_addr_intlibspace.o(.text)
    .text                                    0x080003f4   Section        8  libspace.o(.text)
    .text                                    0x080003fc   Section       74  sys_stackheap_outer.o(.text)
    .text                                    0x08000446   Section        0  exit.o(.text)
    .text                                    0x08000458   Section        0  sys_exit.o(.text)
    .text                                    0x08000464   Section        2  use_no_semi.o(.text)
    .text                                    0x08000466   Section        0  indicate_semi.o(.text)
    [Anonymous Symbol]                       0x08000468   Section        0  stm32f4xx_it.o(.text.BusFault_Handler)
    [Anonymous Symbol]                       0x0800046c   Section        0  stm32f4xx_it.o(.text.CAN1_RX0_IRQHandler)
    [Anonymous Symbol]                       0x08000478   Section        0  stm32f4xx_it.o(.text.CAN1_TX_IRQHandler)
    [Anonymous Symbol]                       0x08000484   Section        0  stm32f4xx_it.o(.text.DebugMon_Handler)
    [Anonymous Symbol]                       0x08000488   Section        0  main.o(.text.Error_Handler)
    [Anonymous Symbol]                       0x08000490   Section        0  stm32f4xx_hal_can.o(.text.HAL_CAN_ActivateNotification)
    [Anonymous Symbol]                       0x080004c0   Section        0  stm32f4xx_hal_can.o(.text.HAL_CAN_AddTxMessage)
    [Anonymous Symbol]                       0x08000568   Section        0  stm32f4xx_hal_can.o(.text.HAL_CAN_ConfigFilter)
    [Anonymous Symbol]                       0x08000648   Section        0  stm32f4xx_hal_can.o(.text.HAL_CAN_ErrorCallback)
    [Anonymous Symbol]                       0x0800064c   Section        0  stm32f4xx_hal_can.o(.text.HAL_CAN_GetRxMessage)
    [Anonymous Symbol]                       0x08000780   Section        0  stm32f4xx_hal_can.o(.text.HAL_CAN_IRQHandler)
    [Anonymous Symbol]                       0x080009e0   Section        0  stm32f4xx_hal_can.o(.text.HAL_CAN_Init)
    [Anonymous Symbol]                       0x08000ad4   Section        0  can.o(.text.HAL_CAN_MspInit)
    [Anonymous Symbol]                       0x08000b5c   Section        0  stm32f4xx_hal_can.o(.text.HAL_CAN_RxFifo0FullCallback)
    [Anonymous Symbol]                       0x08000b60   Section        0  callback.o(.text.HAL_CAN_RxFifo0MsgPendingCallback)
    [Anonymous Symbol]                       0x08000b90   Section        0  stm32f4xx_hal_can.o(.text.HAL_CAN_RxFifo1FullCallback)
    [Anonymous Symbol]                       0x08000b94   Section        0  stm32f4xx_hal_can.o(.text.HAL_CAN_RxFifo1MsgPendingCallback)
    [Anonymous Symbol]                       0x08000b98   Section        0  stm32f4xx_hal_can.o(.text.HAL_CAN_SleepCallback)
    [Anonymous Symbol]                       0x08000b9c   Section        0  stm32f4xx_hal_can.o(.text.HAL_CAN_Start)
    [Anonymous Symbol]                       0x08000bf8   Section        0  stm32f4xx_hal_can.o(.text.HAL_CAN_TxMailbox0AbortCallback)
    [Anonymous Symbol]                       0x08000bfc   Section        0  stm32f4xx_hal_can.o(.text.HAL_CAN_TxMailbox0CompleteCallback)
    [Anonymous Symbol]                       0x08000c00   Section        0  stm32f4xx_hal_can.o(.text.HAL_CAN_TxMailbox1AbortCallback)
    [Anonymous Symbol]                       0x08000c04   Section        0  stm32f4xx_hal_can.o(.text.HAL_CAN_TxMailbox1CompleteCallback)
    [Anonymous Symbol]                       0x08000c08   Section        0  stm32f4xx_hal_can.o(.text.HAL_CAN_TxMailbox2AbortCallback)
    [Anonymous Symbol]                       0x08000c0c   Section        0  stm32f4xx_hal_can.o(.text.HAL_CAN_TxMailbox2CompleteCallback)
    [Anonymous Symbol]                       0x08000c10   Section        0  stm32f4xx_hal_can.o(.text.HAL_CAN_WakeUpFromRxMsgCallback)
    [Anonymous Symbol]                       0x08000c14   Section        0  stm32f4xx_hal_dma.o(.text.HAL_DMA_Abort_IT)
    [Anonymous Symbol]                       0x08000c38   Section        0  stm32f4xx_hal_gpio.o(.text.HAL_GPIO_Init)
    [Anonymous Symbol]                       0x08000de0   Section        0  stm32f4xx_hal_gpio.o(.text.HAL_GPIO_WritePin)
    [Anonymous Symbol]                       0x08000dec   Section        0  stm32f4xx_hal.o(.text.HAL_GetTick)
    [Anonymous Symbol]                       0x08000df8   Section        0  stm32f4xx_hal.o(.text.HAL_IncTick)
    [Anonymous Symbol]                       0x08000e14   Section        0  stm32f4xx_hal.o(.text.HAL_Init)
    [Anonymous Symbol]                       0x08000e4c   Section        0  stm32f4xx_hal.o(.text.HAL_InitTick)
    [Anonymous Symbol]                       0x08000e94   Section        0  stm32f4xx_hal_msp.o(.text.HAL_MspInit)
    [Anonymous Symbol]                       0x08000ecc   Section        0  stm32f4xx_hal_cortex.o(.text.HAL_NVIC_EnableIRQ)
    [Anonymous Symbol]                       0x08000ef4   Section        0  stm32f4xx_hal_cortex.o(.text.HAL_NVIC_SetPriority)
    [Anonymous Symbol]                       0x08000f4c   Section        0  stm32f4xx_hal_cortex.o(.text.HAL_NVIC_SetPriorityGrouping)
    [Anonymous Symbol]                       0x08000f6c   Section        0  stm32f4xx_hal_rcc.o(.text.HAL_RCC_ClockConfig)
    [Anonymous Symbol]                       0x080010cc   Section        0  stm32f4xx_hal_rcc.o(.text.HAL_RCC_GetSysClockFreq)
    [Anonymous Symbol]                       0x08001138   Section        0  stm32f4xx_hal_rcc.o(.text.HAL_RCC_OscConfig)
    [Anonymous Symbol]                       0x080014ac   Section        0  stm32f4xx_hal_spi.o(.text.HAL_SPI_ErrorCallback)
    [Anonymous Symbol]                       0x080014b0   Section        0  stm32f4xx_hal_spi.o(.text.HAL_SPI_IRQHandler)
    [Anonymous Symbol]                       0x080015dc   Section        0  stm32f4xx_hal_spi.o(.text.HAL_SPI_Init)
    [Anonymous Symbol]                       0x08001690   Section        0  spi.o(.text.HAL_SPI_MspInit)
    [Anonymous Symbol]                       0x08001744   Section        0  stm32f4xx_hal_spi.o(.text.HAL_SPI_Receive)
    [Anonymous Symbol]                       0x08001944   Section        0  stm32f4xx_hal_spi.o(.text.HAL_SPI_Transmit)
    [Anonymous Symbol]                       0x08001bc0   Section        0  stm32f4xx_hal_spi.o(.text.HAL_SPI_TransmitReceive)
    [Anonymous Symbol]                       0x08001f10   Section        0  stm32f4xx_hal_cortex.o(.text.HAL_SYSTICK_Config)
    [Anonymous Symbol]                       0x08001f3c   Section        0  stm32f4xx_hal_tim_ex.o(.text.HAL_TIMEx_BreakCallback)
    [Anonymous Symbol]                       0x08001f40   Section        0  stm32f4xx_hal_tim_ex.o(.text.HAL_TIMEx_CommutCallback)
    [Anonymous Symbol]                       0x08001f44   Section        0  stm32f4xx_hal_tim_ex.o(.text.HAL_TIMEx_MasterConfigSynchronization)
    [Anonymous Symbol]                       0x08001ffc   Section        0  stm32f4xx_hal_tim.o(.text.HAL_TIM_Base_Init)
    [Anonymous Symbol]                       0x08002058   Section        0  tim.o(.text.HAL_TIM_Base_MspInit)
    [Anonymous Symbol]                       0x080020a4   Section        0  stm32f4xx_hal_tim.o(.text.HAL_TIM_Base_Start_IT)
    [Anonymous Symbol]                       0x08002150   Section        0  stm32f4xx_hal_tim.o(.text.HAL_TIM_IC_CaptureCallback)
    [Anonymous Symbol]                       0x08002154   Section        0  stm32f4xx_hal_tim.o(.text.HAL_TIM_IRQHandler)
    [Anonymous Symbol]                       0x080022a4   Section        0  stm32f4xx_hal_tim.o(.text.HAL_TIM_OC_DelayElapsedCallback)
    [Anonymous Symbol]                       0x080022a8   Section        0  stm32f4xx_hal_tim.o(.text.HAL_TIM_PWM_PulseFinishedCallback)
    [Anonymous Symbol]                       0x080022ac   Section        0  callback.o(.text.HAL_TIM_PeriodElapsedCallback)
    [Anonymous Symbol]                       0x0800239c   Section        0  stm32f4xx_hal_tim.o(.text.HAL_TIM_TriggerCallback)
    [Anonymous Symbol]                       0x080023a0   Section        0  stm32f4xx_it.o(.text.HardFault_Handler)
    [Anonymous Symbol]                       0x080023a4   Section        0  can.o(.text.MX_CAN1_Init)
    [Anonymous Symbol]                       0x080023e4   Section        0  gpio.o(.text.MX_GPIO_Init)
    [Anonymous Symbol]                       0x080024bc   Section        0  spi.o(.text.MX_SPI1_Init)
    [Anonymous Symbol]                       0x08002510   Section        0  tim.o(.text.MX_TIM6_Init)
    [Anonymous Symbol]                       0x08002560   Section        0  stm32f4xx_it.o(.text.MemManage_Handler)
    [Anonymous Symbol]                       0x08002564   Section        0  stm32f4xx_it.o(.text.NMI_Handler)
    [Anonymous Symbol]                       0x08002568   Section        0  stm32f4xx_it.o(.text.PendSV_Handler)
    [Anonymous Symbol]                       0x0800256c   Section        0  stm32f4xx_it.o(.text.SPI1_IRQHandler)
    SPI_DMAAbortOnError                      0x08002579   Thumb Code    12  stm32f4xx_hal_spi.o(.text.SPI_DMAAbortOnError)
    [Anonymous Symbol]                       0x08002578   Section        0  stm32f4xx_hal_spi.o(.text.SPI_DMAAbortOnError)
    SPI_WaitFlagStateUntilTimeout            0x08002585   Thumb Code   288  stm32f4xx_hal_spi.o(.text.SPI_WaitFlagStateUntilTimeout)
    [Anonymous Symbol]                       0x08002584   Section        0  stm32f4xx_hal_spi.o(.text.SPI_WaitFlagStateUntilTimeout)
    [Anonymous Symbol]                       0x080026a4   Section        0  stm32f4xx_it.o(.text.SVC_Handler)
    [Anonymous Symbol]                       0x080026a8   Section        0  stm32f4xx_it.o(.text.SysTick_Handler)
    [Anonymous Symbol]                       0x080026ac   Section        0  main.o(.text.SystemClock_Config)
    [Anonymous Symbol]                       0x08002754   Section        0  system_stm32f4xx_1.o(.text.SystemInit)
    [Anonymous Symbol]                       0x08002768   Section        0  stm32f4xx_it.o(.text.TIM6_DAC_IRQHandler)
    [Anonymous Symbol]                       0x08002774   Section        0  stm32f4xx_hal_tim.o(.text.TIM_Base_SetConfig)
    [Anonymous Symbol]                       0x080028c0   Section        0  stm32f4xx_it.o(.text.UsageFault_Handler)
    _GLOBAL__sub_I_callback.cpp              0x080028c5   Thumb Code    54  callback.o(.text._GLOBAL__sub_I_callback.cpp)
    [Anonymous Symbol]                       0x080028c4   Section        0  callback.o(.text._GLOBAL__sub_I_callback.cpp)
    [Anonymous Symbol]                       0x080028fc   Section        0  imu.o(.text._ZN3IMU8get_gyroEv)
    [Anonymous Symbol]                       0x080029e0   Section        0  imu.o(.text._ZN3IMU9calculateEv)
    [Anonymous Symbol]                       0x08002be4   Section        0  imu.o(.text._ZN3IMU9get_accelEv)
    [Anonymous Symbol]                       0x08002cbc   Section        0  pid.o(.text._ZN3PID9calculateEff)
    [Anonymous Symbol]                       0x08002d9c   Section        0  pid.o(.text._ZN3PIDC2Efffff)
    [Anonymous Symbol]                       0x08002da8   Section        0  motor.o(.text._ZN5Motor11get_messageEv)
    [Anonymous Symbol]                       0x08002eec   Section        0  motor.o(.text._ZN5Motor16angle_regulationEf)
    [Anonymous Symbol]                       0x08002f10   Section        0  motor.o(.text._ZN5MotorC2Eif)
    [Anonymous Symbol]                       0x08002f54   Section        0  main.o(.text.main)
    i.__ARM_fpclassify                       0x08002fae   Section        0  fpclassify.o(i.__ARM_fpclassify)
    i.__ARM_fpclassifyf                      0x08002fde   Section        0  fpclassifyf.o(i.__ARM_fpclassifyf)
    i.__hardfp_atan                          0x08003008   Section        0  atan.o(i.__hardfp_atan)
    i.__hardfp_cosf                          0x080032e0   Section        0  cosf.o(i.__hardfp_cosf)
    i.__hardfp_sinf                          0x08003430   Section        0  sinf.o(i.__hardfp_sinf)
    i.__hardfp_sqrt                          0x080035c0   Section        0  sqrt.o(i.__hardfp_sqrt)
    i.__kernel_poly                          0x0800363a   Section        0  poly.o(i.__kernel_poly)
    i.__mathlib_dbl_infnan                   0x08003732   Section        0  dunder.o(i.__mathlib_dbl_infnan)
    i.__mathlib_dbl_underflow                0x08003748   Section        0  dunder.o(i.__mathlib_dbl_underflow)
    i.__mathlib_flt_infnan                   0x08003768   Section        0  funder.o(i.__mathlib_flt_infnan)
    i.__mathlib_flt_invalid                  0x08003770   Section        0  funder.o(i.__mathlib_flt_invalid)
    i.__mathlib_flt_underflow                0x08003780   Section        0  funder.o(i.__mathlib_flt_underflow)
    i.__mathlib_rredf2                       0x08003790   Section        0  rredf.o(i.__mathlib_rredf2)
    i.fabs                                   0x080038e4   Section        0  fabs.o(i.fabs)
    $v0                                      0x080038fc   Number         0  basic.o(x$fpl$basic)
    x$fpl$basic                              0x080038fc   Section       24  basic.o(x$fpl$basic)
    $v0                                      0x08003914   Number         0  d2f.o(x$fpl$d2f)
    x$fpl$d2f                                0x08003914   Section       98  d2f.o(x$fpl$d2f)
    $v0                                      0x08003978   Number         0  daddsub_clz.o(x$fpl$dadd)
    x$fpl$dadd                               0x08003978   Section      336  daddsub_clz.o(x$fpl$dadd)
    _dadd1                                   0x08003989   Thumb Code     0  daddsub_clz.o(x$fpl$dadd)
    $v0                                      0x08003ac8   Number         0  ddiv.o(x$fpl$ddiv)
    x$fpl$ddiv                               0x08003ac8   Section      692  ddiv.o(x$fpl$ddiv)
    ddiv_entry                               0x08003acf   Thumb Code     0  ddiv.o(x$fpl$ddiv)
    $v0                                      0x08003d7c   Number         0  dflt_clz.o(x$fpl$dflt)
    x$fpl$dflt                               0x08003d7c   Section       46  dflt_clz.o(x$fpl$dflt)
    $v0                                      0x08003dac   Number         0  dmul.o(x$fpl$dmul)
    x$fpl$dmul                               0x08003dac   Section      340  dmul.o(x$fpl$dmul)
    $v0                                      0x08003f00   Number         0  dnaninf.o(x$fpl$dnaninf)
    x$fpl$dnaninf                            0x08003f00   Section      156  dnaninf.o(x$fpl$dnaninf)
    $v0                                      0x08003f9c   Number         0  dretinf.o(x$fpl$dretinf)
    x$fpl$dretinf                            0x08003f9c   Section       12  dretinf.o(x$fpl$dretinf)
    $v0                                      0x08003fa8   Number         0  daddsub_clz.o(x$fpl$drsb)
    x$fpl$drsb                               0x08003fa8   Section       22  daddsub_clz.o(x$fpl$drsb)
    $v0                                      0x08003fc0   Number         0  dsqrt_umaal.o(x$fpl$dsqrt)
    x$fpl$dsqrt                              0x08003fc0   Section      408  dsqrt_umaal.o(x$fpl$dsqrt)
    $v0                                      0x08004158   Number         0  daddsub_clz.o(x$fpl$dsub)
    x$fpl$dsub                               0x08004158   Section      476  daddsub_clz.o(x$fpl$dsub)
    _dsub1                                   0x08004169   Thumb Code     0  daddsub_clz.o(x$fpl$dsub)
    $v0                                      0x08004334   Number         0  f2d.o(x$fpl$f2d)
    x$fpl$f2d                                0x08004334   Section       86  f2d.o(x$fpl$f2d)
    $v0                                      0x0800438a   Number         0  fnaninf.o(x$fpl$fnaninf)
    x$fpl$fnaninf                            0x0800438a   Section      140  fnaninf.o(x$fpl$fnaninf)
    $v0                                      0x08004416   Number         0  fpinit.o(x$fpl$fpinit)
    x$fpl$fpinit                             0x08004416   Section       26  fpinit.o(x$fpl$fpinit)
    $v0                                      0x08004430   Number         0  fretinf.o(x$fpl$fretinf)
    x$fpl$fretinf                            0x08004430   Section       10  fretinf.o(x$fpl$fretinf)
    x$fpl$usenofp                            0x0800443a   Section        0  usenofp.o(x$fpl$usenofp)
    atanhi                                   0x08004440   Data          32  atan.o(.constdata)
    .constdata                               0x08004440   Section      152  atan.o(.constdata)
    atanlo                                   0x08004460   Data          32  atan.o(.constdata)
    aTodd                                    0x08004480   Data          40  atan.o(.constdata)
    aTeven                                   0x080044a8   Data          48  atan.o(.constdata)
    twooverpi                                0x080044d8   Data          32  rredf.o(.constdata)
    .constdata                               0x080044d8   Section       32  rredf.o(.constdata)
    .init_array                              0x0800452c   Section        0  init_aeabi.o(.init_array)
    .L_MergedGlobals                         0x20000000   Data           8  stm32f4xx_hal.o(.data..L_MergedGlobals)
    [Anonymous Symbol]                       0x20000000   Section        0  stm32f4xx_hal.o(.data..L_MergedGlobals)
    .bss                                     0x20000068   Section       96  libspace.o(.bss)
    .L_MergedGlobals                         0x200000c8   Data          24  callback.o(.bss..L_MergedGlobals)
    [Anonymous Symbol]                       0x200000c8   Section        0  callback.o(.bss..L_MergedGlobals)
    Heap_Mem                                 0x20000350   Data         512  startup_stm32f407xx.o(HEAP)
    HEAP                                     0x20000350   Section      512  startup_stm32f407xx.o(HEAP)
    Stack_Mem                                0x20000550   Data        1024  startup_stm32f407xx.o(STACK)
    STACK                                    0x20000550   Section     1024  startup_stm32f407xx.o(STACK)
    __initial_sp                             0x20000950   Data           0  startup_stm32f407xx.o(STACK)

    Global Symbols

    Symbol Name                              Value     Ov Type        Size  Object(Section)

    BuildAttributes$$THM_ISAv4$E$P$D$K$B$S$7EM$VFPi3$EXTD16$VFPS$VFMA$PE$A:L22UL41UL21$X:L11$S22US41US21$IEEE1$IW$~IW$USESV6$~STKCKD$USESV7$~SHL$OTIME$ROPI$IEEEX$EBA8$UX$STANDARDLIB$REQ8$PRES8$EABIv2 0x00000000   Number         0  anon$$obj.o ABSOLUTE
    __ARM_exceptions_init                     - Undefined Weak Reference
    __alloca_initialize                       - Undefined Weak Reference
    __arm_preinit_                            - Undefined Weak Reference
    __arm_relocate_pie_                       - Undefined Weak Reference
    __cxa_finalize                            - Undefined Weak Reference
    __rt_locale                               - Undefined Weak Reference
    __sigvec_lookup                           - Undefined Weak Reference
    _atexit_init                              - Undefined Weak Reference
    _call_atexit_fns                          - Undefined Weak Reference
    _clock_init                               - Undefined Weak Reference
    _fp_trap_init                             - Undefined Weak Reference
    _fp_trap_shutdown                         - Undefined Weak Reference
    _get_lc_collate                           - Undefined Weak Reference
    _get_lc_ctype                             - Undefined Weak Reference
    _get_lc_monetary                          - Undefined Weak Reference
    _get_lc_numeric                           - Undefined Weak Reference
    _get_lc_time                              - Undefined Weak Reference
    _getenv_init                              - Undefined Weak Reference
    _handle_redirection                       - Undefined Weak Reference
    _init_alloc                               - Undefined Weak Reference
    _init_user_alloc                          - Undefined Weak Reference
    _initio                                   - Undefined Weak Reference
    _rand_init                                - Undefined Weak Reference
    _signal_finish                            - Undefined Weak Reference
    _signal_init                              - Undefined Weak Reference
    _terminate_alloc                          - Undefined Weak Reference
    _terminate_user_alloc                     - Undefined Weak Reference
    _terminateio                              - Undefined Weak Reference
    __Vectors_Size                           0x00000188   Number         0  startup_stm32f407xx.o ABSOLUTE
    __Vectors                                0x08000000   Data           4  startup_stm32f407xx.o(RESET)
    __Vectors_End                            0x08000188   Data           0  startup_stm32f407xx.o(RESET)
    __main                                   0x08000189   Thumb Code     8  __main.o(!!!main)
    __scatterload                            0x08000191   Thumb Code     0  __scatter.o(!!!scatter)
    __scatterload_rt2                        0x08000191   Thumb Code    44  __scatter.o(!!!scatter)
    __scatterload_rt2_thumb_only             0x08000191   Thumb Code     0  __scatter.o(!!!scatter)
    __scatterload_null                       0x0800019f   Thumb Code     0  __scatter.o(!!!scatter)
    __scatterload_copy                       0x080001c5   Thumb Code    26  __scatter_copy.o(!!handler_copy)
    __scatterload_zeroinit                   0x080001e1   Thumb Code    28  __scatter_zi.o(!!handler_zi)
    __rt_lib_init                            0x080001fd   Thumb Code     0  libinit.o(.ARM.Collect$$libinit$$00000000)
    __rt_lib_init_fp_1                       0x080001ff   Thumb Code     0  libinit2.o(.ARM.Collect$$libinit$$00000001)
    __rt_lib_init_alloca_1                   0x08000203   Thumb Code     0  libinit2.o(.ARM.Collect$$libinit$$00000030)
    __rt_lib_init_argv_1                     0x08000203   Thumb Code     0  libinit2.o(.ARM.Collect$$libinit$$0000002E)
    __rt_lib_init_atexit_1                   0x08000203   Thumb Code     0  libinit2.o(.ARM.Collect$$libinit$$0000001D)
    __rt_lib_init_clock_1                    0x08000203   Thumb Code     0  libinit2.o(.ARM.Collect$$libinit$$00000023)
    __rt_lib_init_cpp_2                      0x08000203   Thumb Code     0  libinit2.o(.ARM.Collect$$libinit$$00000033)
    __rt_lib_init_exceptions_1               0x08000203   Thumb Code     0  libinit2.o(.ARM.Collect$$libinit$$00000032)
    __rt_lib_init_fp_trap_1                  0x08000203   Thumb Code     0  libinit2.o(.ARM.Collect$$libinit$$00000021)
    __rt_lib_init_getenv_1                   0x08000203   Thumb Code     0  libinit2.o(.ARM.Collect$$libinit$$00000025)
    __rt_lib_init_heap_1                     0x08000203   Thumb Code     0  libinit2.o(.ARM.Collect$$libinit$$0000000C)
    __rt_lib_init_lc_collate_1               0x08000203   Thumb Code     0  libinit2.o(.ARM.Collect$$libinit$$00000013)
    __rt_lib_init_lc_ctype_1                 0x08000203   Thumb Code     0  libinit2.o(.ARM.Collect$$libinit$$00000015)
    __rt_lib_init_lc_monetary_1              0x08000203   Thumb Code     0  libinit2.o(.ARM.Collect$$libinit$$00000017)
    __rt_lib_init_lc_numeric_1               0x08000203   Thumb Code     0  libinit2.o(.ARM.Collect$$libinit$$00000019)
    __rt_lib_init_lc_time_1                  0x08000203   Thumb Code     0  libinit2.o(.ARM.Collect$$libinit$$0000001B)
    __rt_lib_init_preinit_1                  0x08000203   Thumb Code     0  libinit2.o(.ARM.Collect$$libinit$$00000006)
    __rt_lib_init_rand_1                     0x08000203   Thumb Code     0  libinit2.o(.ARM.Collect$$libinit$$00000010)
    __rt_lib_init_relocate_pie_1             0x08000203   Thumb Code     0  libinit2.o(.ARM.Collect$$libinit$$00000004)
    __rt_lib_init_signal_1                   0x08000203   Thumb Code     0  libinit2.o(.ARM.Collect$$libinit$$0000001F)
    __rt_lib_init_stdio_1                    0x08000203   Thumb Code     0  libinit2.o(.ARM.Collect$$libinit$$00000027)
    __rt_lib_init_user_alloc_1               0x08000203   Thumb Code     0  libinit2.o(.ARM.Collect$$libinit$$0000000E)
    __rt_lib_init_cpp_1                      0x08000207   Thumb Code     0  libinit2.o(.ARM.Collect$$libinit$$00000034)
    __rt_lib_init_return                     0x08000207   Thumb Code     0  libinit2.o(.ARM.Collect$$libinit$$00000035)
    __rt_lib_shutdown                        0x08000209   Thumb Code     0  libshutdown.o(.ARM.Collect$$libshutdown$$00000000)
    __rt_lib_shutdown_cpp_1                  0x0800020b   Thumb Code     0  libshutdown2.o(.ARM.Collect$$libshutdown$$00000002)
    __rt_lib_shutdown_fp_trap_1              0x0800020b   Thumb Code     0  libshutdown2.o(.ARM.Collect$$libshutdown$$00000007)
    __rt_lib_shutdown_heap_1                 0x0800020b   Thumb Code     0  libshutdown2.o(.ARM.Collect$$libshutdown$$0000000F)
    __rt_lib_shutdown_return                 0x0800020b   Thumb Code     0  libshutdown2.o(.ARM.Collect$$libshutdown$$00000010)
    __rt_lib_shutdown_signal_1               0x0800020b   Thumb Code     0  libshutdown2.o(.ARM.Collect$$libshutdown$$0000000A)
    __rt_lib_shutdown_stdio_1                0x0800020b   Thumb Code     0  libshutdown2.o(.ARM.Collect$$libshutdown$$00000004)
    __rt_lib_shutdown_user_alloc_1           0x0800020b   Thumb Code     0  libshutdown2.o(.ARM.Collect$$libshutdown$$0000000C)
    __rt_entry                               0x0800020d   Thumb Code     0  __rtentry.o(.ARM.Collect$$rtentry$$00000000)
    __rt_entry_presh_1                       0x0800020d   Thumb Code     0  __rtentry2.o(.ARM.Collect$$rtentry$$00000002)
    __rt_entry_sh                            0x0800020d   Thumb Code     0  __rtentry4.o(.ARM.Collect$$rtentry$$00000004)
    __rt_entry_li                            0x08000213   Thumb Code     0  __rtentry2.o(.ARM.Collect$$rtentry$$0000000A)
    __rt_entry_postsh_1                      0x08000213   Thumb Code     0  __rtentry2.o(.ARM.Collect$$rtentry$$00000009)
    __rt_entry_main                          0x08000217   Thumb Code     0  __rtentry2.o(.ARM.Collect$$rtentry$$0000000D)
    __rt_entry_postli_1                      0x08000217   Thumb Code     0  __rtentry2.o(.ARM.Collect$$rtentry$$0000000C)
    __rt_exit                                0x0800021f   Thumb Code     0  rtexit.o(.ARM.Collect$$rtexit$$00000000)
    __rt_exit_ls                             0x08000221   Thumb Code     0  rtexit2.o(.ARM.Collect$$rtexit$$00000003)
    __rt_exit_prels_1                        0x08000221   Thumb Code     0  rtexit2.o(.ARM.Collect$$rtexit$$00000002)
    __rt_exit_exit                           0x08000225   Thumb Code     0  rtexit2.o(.ARM.Collect$$rtexit$$00000004)
    Reset_Handler                            0x0800022d   Thumb Code     8  startup_stm32f407xx.o(.text)
    ADC_IRQHandler                           0x08000247   Thumb Code     0  startup_stm32f407xx.o(.text)
    CAN1_RX1_IRQHandler                      0x08000247   Thumb Code     0  startup_stm32f407xx.o(.text)
    CAN1_SCE_IRQHandler                      0x08000247   Thumb Code     0  startup_stm32f407xx.o(.text)
    CAN2_RX0_IRQHandler                      0x08000247   Thumb Code     0  startup_stm32f407xx.o(.text)
    CAN2_RX1_IRQHandler                      0x08000247   Thumb Code     0  startup_stm32f407xx.o(.text)
    CAN2_SCE_IRQHandler                      0x08000247   Thumb Code     0  startup_stm32f407xx.o(.text)
    CAN2_TX_IRQHandler                       0x08000247   Thumb Code     0  startup_stm32f407xx.o(.text)
    DCMI_IRQHandler                          0x08000247   Thumb Code     0  startup_stm32f407xx.o(.text)
    DMA1_Stream0_IRQHandler                  0x08000247   Thumb Code     0  startup_stm32f407xx.o(.text)
    DMA1_Stream1_IRQHandler                  0x08000247   Thumb Code     0  startup_stm32f407xx.o(.text)
    DMA1_Stream2_IRQHandler                  0x08000247   Thumb Code     0  startup_stm32f407xx.o(.text)
    DMA1_Stream3_IRQHandler                  0x08000247   Thumb Code     0  startup_stm32f407xx.o(.text)
    DMA1_Stream4_IRQHandler                  0x08000247   Thumb Code     0  startup_stm32f407xx.o(.text)
    DMA1_Stream5_IRQHandler                  0x08000247   Thumb Code     0  startup_stm32f407xx.o(.text)
    DMA1_Stream6_IRQHandler                  0x08000247   Thumb Code     0  startup_stm32f407xx.o(.text)
    DMA1_Stream7_IRQHandler                  0x08000247   Thumb Code     0  startup_stm32f407xx.o(.text)
    DMA2_Stream0_IRQHandler                  0x08000247   Thumb Code     0  startup_stm32f407xx.o(.text)
    DMA2_Stream1_IRQHandler                  0x08000247   Thumb Code     0  startup_stm32f407xx.o(.text)
    DMA2_Stream2_IRQHandler                  0x08000247   Thumb Code     0  startup_stm32f407xx.o(.text)
    DMA2_Stream3_IRQHandler                  0x08000247   Thumb Code     0  startup_stm32f407xx.o(.text)
    DMA2_Stream4_IRQHandler                  0x08000247   Thumb Code     0  startup_stm32f407xx.o(.text)
    DMA2_Stream5_IRQHandler                  0x08000247   Thumb Code     0  startup_stm32f407xx.o(.text)
    DMA2_Stream6_IRQHandler                  0x08000247   Thumb Code     0  startup_stm32f407xx.o(.text)
    DMA2_Stream7_IRQHandler                  0x08000247   Thumb Code     0  startup_stm32f407xx.o(.text)
    ETH_IRQHandler                           0x08000247   Thumb Code     0  startup_stm32f407xx.o(.text)
    ETH_WKUP_IRQHandler                      0x08000247   Thumb Code     0  startup_stm32f407xx.o(.text)
    EXTI0_IRQHandler                         0x08000247   Thumb Code     0  startup_stm32f407xx.o(.text)
    EXTI15_10_IRQHandler                     0x08000247   Thumb Code     0  startup_stm32f407xx.o(.text)
    EXTI1_IRQHandler                         0x08000247   Thumb Code     0  startup_stm32f407xx.o(.text)
    EXTI2_IRQHandler                         0x08000247   Thumb Code     0  startup_stm32f407xx.o(.text)
    EXTI3_IRQHandler                         0x08000247   Thumb Code     0  startup_stm32f407xx.o(.text)
    EXTI4_IRQHandler                         0x08000247   Thumb Code     0  startup_stm32f407xx.o(.text)
    EXTI9_5_IRQHandler                       0x08000247   Thumb Code     0  startup_stm32f407xx.o(.text)
    FLASH_IRQHandler                         0x08000247   Thumb Code     0  startup_stm32f407xx.o(.text)
    FMC_IRQHandler                           0x08000247   Thumb Code     0  startup_stm32f407xx.o(.text)
    FPU_IRQHandler                           0x08000247   Thumb Code     0  startup_stm32f407xx.o(.text)
    HASH_RNG_IRQHandler                      0x08000247   Thumb Code     0  startup_stm32f407xx.o(.text)
    I2C1_ER_IRQHandler                       0x08000247   Thumb Code     0  startup_stm32f407xx.o(.text)
    I2C1_EV_IRQHandler                       0x08000247   Thumb Code     0  startup_stm32f407xx.o(.text)
    I2C2_ER_IRQHandler                       0x08000247   Thumb Code     0  startup_stm32f407xx.o(.text)
    I2C2_EV_IRQHandler                       0x08000247   Thumb Code     0  startup_stm32f407xx.o(.text)
    I2C3_ER_IRQHandler                       0x08000247   Thumb Code     0  startup_stm32f407xx.o(.text)
    I2C3_EV_IRQHandler                       0x08000247   Thumb Code     0  startup_stm32f407xx.o(.text)
    OTG_FS_IRQHandler                        0x08000247   Thumb Code     0  startup_stm32f407xx.o(.text)
    OTG_FS_WKUP_IRQHandler                   0x08000247   Thumb Code     0  startup_stm32f407xx.o(.text)
    OTG_HS_EP1_IN_IRQHandler                 0x08000247   Thumb Code     0  startup_stm32f407xx.o(.text)
    OTG_HS_EP1_OUT_IRQHandler                0x08000247   Thumb Code     0  startup_stm32f407xx.o(.text)
    OTG_HS_IRQHandler                        0x08000247   Thumb Code     0  startup_stm32f407xx.o(.text)
    OTG_HS_WKUP_IRQHandler                   0x08000247   Thumb Code     0  startup_stm32f407xx.o(.text)
    PVD_IRQHandler                           0x08000247   Thumb Code     0  startup_stm32f407xx.o(.text)
    RCC_IRQHandler                           0x08000247   Thumb Code     0  startup_stm32f407xx.o(.text)
    RTC_Alarm_IRQHandler                     0x08000247   Thumb Code     0  startup_stm32f407xx.o(.text)
    RTC_WKUP_IRQHandler                      0x08000247   Thumb Code     0  startup_stm32f407xx.o(.text)
    SDIO_IRQHandler                          0x08000247   Thumb Code     0  startup_stm32f407xx.o(.text)
    SPI2_IRQHandler                          0x08000247   Thumb Code     0  startup_stm32f407xx.o(.text)
    SPI3_IRQHandler                          0x08000247   Thumb Code     0  startup_stm32f407xx.o(.text)
    TAMP_STAMP_IRQHandler                    0x08000247   Thumb Code     0  startup_stm32f407xx.o(.text)
    TIM1_BRK_TIM9_IRQHandler                 0x08000247   Thumb Code     0  startup_stm32f407xx.o(.text)
    TIM1_CC_IRQHandler                       0x08000247   Thumb Code     0  startup_stm32f407xx.o(.text)
    TIM1_TRG_COM_TIM11_IRQHandler            0x08000247   Thumb Code     0  startup_stm32f407xx.o(.text)
    TIM1_UP_TIM10_IRQHandler                 0x08000247   Thumb Code     0  startup_stm32f407xx.o(.text)
    TIM2_IRQHandler                          0x08000247   Thumb Code     0  startup_stm32f407xx.o(.text)
    TIM3_IRQHandler                          0x08000247   Thumb Code     0  startup_stm32f407xx.o(.text)
    TIM4_IRQHandler                          0x08000247   Thumb Code     0  startup_stm32f407xx.o(.text)
    TIM5_IRQHandler                          0x08000247   Thumb Code     0  startup_stm32f407xx.o(.text)
    TIM7_IRQHandler                          0x08000247   Thumb Code     0  startup_stm32f407xx.o(.text)
    TIM8_BRK_TIM12_IRQHandler                0x08000247   Thumb Code     0  startup_stm32f407xx.o(.text)
    TIM8_CC_IRQHandler                       0x08000247   Thumb Code     0  startup_stm32f407xx.o(.text)
    TIM8_TRG_COM_TIM14_IRQHandler            0x08000247   Thumb Code     0  startup_stm32f407xx.o(.text)
    TIM8_UP_TIM13_IRQHandler                 0x08000247   Thumb Code     0  startup_stm32f407xx.o(.text)
    UART4_IRQHandler                         0x08000247   Thumb Code     0  startup_stm32f407xx.o(.text)
    UART5_IRQHandler                         0x08000247   Thumb Code     0  startup_stm32f407xx.o(.text)
    USART1_IRQHandler                        0x08000247   Thumb Code     0  startup_stm32f407xx.o(.text)
    USART2_IRQHandler                        0x08000247   Thumb Code     0  startup_stm32f407xx.o(.text)
    USART3_IRQHandler                        0x08000247   Thumb Code     0  startup_stm32f407xx.o(.text)
    USART6_IRQHandler                        0x08000247   Thumb Code     0  startup_stm32f407xx.o(.text)
    WWDG_IRQHandler                          0x08000247   Thumb Code     0  startup_stm32f407xx.o(.text)
    __user_initial_stackheap                 0x08000249   Thumb Code     0  startup_stm32f407xx.o(.text)
    __aeabi_uldivmod                         0x0800026d   Thumb Code     0  lludivv7m.o(.text)
    _ll_udiv                                 0x0800026d   Thumb Code   240  lludivv7m.o(.text)
    __aeabi_memclr4                          0x0800035d   Thumb Code     0  rt_memclr_w.o(.text)
    __aeabi_memclr8                          0x0800035d   Thumb Code     0  rt_memclr_w.o(.text)
    __rt_memclr_w                            0x0800035d   Thumb Code     0  rt_memclr_w.o(.text)
    _memset_w                                0x08000361   Thumb Code    74  rt_memclr_w.o(.text)
    __use_two_region_memory                  0x080003ab   Thumb Code     2  heapauxi.o(.text)
    __rt_heap_escrow$2region                 0x080003ad   Thumb Code     2  heapauxi.o(.text)
    __rt_heap_expand$2region                 0x080003af   Thumb Code     2  heapauxi.o(.text)
    __cpp_initialize__aeabi_                 0x080003b1   Thumb Code    28  init_aeabi.o(.text)
    __read_errno                             0x080003d5   Thumb Code    10  _rserrno.o(.text)
    __set_errno                              0x080003df   Thumb Code    12  _rserrno.o(.text)
    __aeabi_errno_addr                       0x080003ed   Thumb Code     8  rt_errno_addr_intlibspace.o(.text)
    __errno$intlibspace                      0x080003ed   Thumb Code     0  rt_errno_addr_intlibspace.o(.text)
    __rt_errno_addr$intlibspace              0x080003ed   Thumb Code     0  rt_errno_addr_intlibspace.o(.text)
    __user_libspace                          0x080003f5   Thumb Code     8  libspace.o(.text)
    __user_perproc_libspace                  0x080003f5   Thumb Code     0  libspace.o(.text)
    __user_perthread_libspace                0x080003f5   Thumb Code     0  libspace.o(.text)
    __user_setup_stackheap                   0x080003fd   Thumb Code    74  sys_stackheap_outer.o(.text)
    exit                                     0x08000447   Thumb Code    18  exit.o(.text)
    _sys_exit                                0x08000459   Thumb Code     8  sys_exit.o(.text)
    __I$use$semihosting                      0x08000465   Thumb Code     0  use_no_semi.o(.text)
    __use_no_semihosting_swi                 0x08000465   Thumb Code     2  use_no_semi.o(.text)
    __semihosting_library_function           0x08000467   Thumb Code     0  indicate_semi.o(.text)
    BusFault_Handler                         0x08000469   Thumb Code     2  stm32f4xx_it.o(.text.BusFault_Handler)
    CAN1_RX0_IRQHandler                      0x0800046d   Thumb Code    12  stm32f4xx_it.o(.text.CAN1_RX0_IRQHandler)
    CAN1_TX_IRQHandler                       0x08000479   Thumb Code    12  stm32f4xx_it.o(.text.CAN1_TX_IRQHandler)
    DebugMon_Handler                         0x08000485   Thumb Code     2  stm32f4xx_it.o(.text.DebugMon_Handler)
    Error_Handler                            0x08000489   Thumb Code     6  main.o(.text.Error_Handler)
    HAL_CAN_ActivateNotification             0x08000491   Thumb Code    46  stm32f4xx_hal_can.o(.text.HAL_CAN_ActivateNotification)
    HAL_CAN_AddTxMessage                     0x080004c1   Thumb Code   168  stm32f4xx_hal_can.o(.text.HAL_CAN_AddTxMessage)
    HAL_CAN_ConfigFilter                     0x08000569   Thumb Code   222  stm32f4xx_hal_can.o(.text.HAL_CAN_ConfigFilter)
    HAL_CAN_ErrorCallback                    0x08000649   Thumb Code     2  stm32f4xx_hal_can.o(.text.HAL_CAN_ErrorCallback)
    HAL_CAN_GetRxMessage                     0x0800064d   Thumb Code   308  stm32f4xx_hal_can.o(.text.HAL_CAN_GetRxMessage)
    HAL_CAN_IRQHandler                       0x08000781   Thumb Code   606  stm32f4xx_hal_can.o(.text.HAL_CAN_IRQHandler)
    HAL_CAN_Init                             0x080009e1   Thumb Code   244  stm32f4xx_hal_can.o(.text.HAL_CAN_Init)
    HAL_CAN_MspInit                          0x08000ad5   Thumb Code   136  can.o(.text.HAL_CAN_MspInit)
    HAL_CAN_RxFifo0FullCallback              0x08000b5d   Thumb Code     2  stm32f4xx_hal_can.o(.text.HAL_CAN_RxFifo0FullCallback)
    HAL_CAN_RxFifo0MsgPendingCallback        0x08000b61   Thumb Code    48  callback.o(.text.HAL_CAN_RxFifo0MsgPendingCallback)
    HAL_CAN_RxFifo1FullCallback              0x08000b91   Thumb Code     2  stm32f4xx_hal_can.o(.text.HAL_CAN_RxFifo1FullCallback)
    HAL_CAN_RxFifo1MsgPendingCallback        0x08000b95   Thumb Code     2  stm32f4xx_hal_can.o(.text.HAL_CAN_RxFifo1MsgPendingCallback)
    HAL_CAN_SleepCallback                    0x08000b99   Thumb Code     2  stm32f4xx_hal_can.o(.text.HAL_CAN_SleepCallback)
    HAL_CAN_Start                            0x08000b9d   Thumb Code    90  stm32f4xx_hal_can.o(.text.HAL_CAN_Start)
    HAL_CAN_TxMailbox0AbortCallback          0x08000bf9   Thumb Code     2  stm32f4xx_hal_can.o(.text.HAL_CAN_TxMailbox0AbortCallback)
    HAL_CAN_TxMailbox0CompleteCallback       0x08000bfd   Thumb Code     2  stm32f4xx_hal_can.o(.text.HAL_CAN_TxMailbox0CompleteCallback)
    HAL_CAN_TxMailbox1AbortCallback          0x08000c01   Thumb Code     2  stm32f4xx_hal_can.o(.text.HAL_CAN_TxMailbox1AbortCallback)
    HAL_CAN_TxMailbox1CompleteCallback       0x08000c05   Thumb Code     2  stm32f4xx_hal_can.o(.text.HAL_CAN_TxMailbox1CompleteCallback)
    HAL_CAN_TxMailbox2AbortCallback          0x08000c09   Thumb Code     2  stm32f4xx_hal_can.o(.text.HAL_CAN_TxMailbox2AbortCallback)
    HAL_CAN_TxMailbox2CompleteCallback       0x08000c0d   Thumb Code     2  stm32f4xx_hal_can.o(.text.HAL_CAN_TxMailbox2CompleteCallback)
    HAL_CAN_WakeUpFromRxMsgCallback          0x08000c11   Thumb Code     2  stm32f4xx_hal_can.o(.text.HAL_CAN_WakeUpFromRxMsgCallback)
    HAL_DMA_Abort_IT                         0x08000c15   Thumb Code    36  stm32f4xx_hal_dma.o(.text.HAL_DMA_Abort_IT)
    HAL_GPIO_Init                            0x08000c39   Thumb Code   422  stm32f4xx_hal_gpio.o(.text.HAL_GPIO_Init)
    HAL_GPIO_WritePin                        0x08000de1   Thumb Code    10  stm32f4xx_hal_gpio.o(.text.HAL_GPIO_WritePin)
    HAL_GetTick                              0x08000ded   Thumb Code    12  stm32f4xx_hal.o(.text.HAL_GetTick)
    HAL_IncTick                              0x08000df9   Thumb Code    26  stm32f4xx_hal.o(.text.HAL_IncTick)
    HAL_Init                                 0x08000e15   Thumb Code    54  stm32f4xx_hal.o(.text.HAL_Init)
    HAL_InitTick                             0x08000e4d   Thumb Code    72  stm32f4xx_hal.o(.text.HAL_InitTick)
    HAL_MspInit                              0x08000e95   Thumb Code    56  stm32f4xx_hal_msp.o(.text.HAL_MspInit)
    HAL_NVIC_EnableIRQ                       0x08000ecd   Thumb Code    38  stm32f4xx_hal_cortex.o(.text.HAL_NVIC_EnableIRQ)
    HAL_NVIC_SetPriority                     0x08000ef5   Thumb Code    86  stm32f4xx_hal_cortex.o(.text.HAL_NVIC_SetPriority)
    HAL_NVIC_SetPriorityGrouping             0x08000f4d   Thumb Code    32  stm32f4xx_hal_cortex.o(.text.HAL_NVIC_SetPriorityGrouping)
    HAL_RCC_ClockConfig                      0x08000f6d   Thumb Code   352  stm32f4xx_hal_rcc.o(.text.HAL_RCC_ClockConfig)
    HAL_RCC_GetSysClockFreq                  0x080010cd   Thumb Code   106  stm32f4xx_hal_rcc.o(.text.HAL_RCC_GetSysClockFreq)
    HAL_RCC_OscConfig                        0x08001139   Thumb Code   884  stm32f4xx_hal_rcc.o(.text.HAL_RCC_OscConfig)
    HAL_SPI_ErrorCallback                    0x080014ad   Thumb Code     2  stm32f4xx_hal_spi.o(.text.HAL_SPI_ErrorCallback)
    HAL_SPI_IRQHandler                       0x080014b1   Thumb Code   300  stm32f4xx_hal_spi.o(.text.HAL_SPI_IRQHandler)
    HAL_SPI_Init                             0x080015dd   Thumb Code   180  stm32f4xx_hal_spi.o(.text.HAL_SPI_Init)
    HAL_SPI_MspInit                          0x08001691   Thumb Code   178  spi.o(.text.HAL_SPI_MspInit)
    HAL_SPI_Receive                          0x08001745   Thumb Code   512  stm32f4xx_hal_spi.o(.text.HAL_SPI_Receive)
    HAL_SPI_Transmit                         0x08001945   Thumb Code   634  stm32f4xx_hal_spi.o(.text.HAL_SPI_Transmit)
    HAL_SPI_TransmitReceive                  0x08001bc1   Thumb Code   846  stm32f4xx_hal_spi.o(.text.HAL_SPI_TransmitReceive)
    HAL_SYSTICK_Config                       0x08001f11   Thumb Code    44  stm32f4xx_hal_cortex.o(.text.HAL_SYSTICK_Config)
    HAL_TIMEx_BreakCallback                  0x08001f3d   Thumb Code     2  stm32f4xx_hal_tim_ex.o(.text.HAL_TIMEx_BreakCallback)
    HAL_TIMEx_CommutCallback                 0x08001f41   Thumb Code     2  stm32f4xx_hal_tim_ex.o(.text.HAL_TIMEx_CommutCallback)
    HAL_TIMEx_MasterConfigSynchronization    0x08001f45   Thumb Code   182  stm32f4xx_hal_tim_ex.o(.text.HAL_TIMEx_MasterConfigSynchronization)
    HAL_TIM_Base_Init                        0x08001ffd   Thumb Code    90  stm32f4xx_hal_tim.o(.text.HAL_TIM_Base_Init)
    HAL_TIM_Base_MspInit                     0x08002059   Thumb Code    74  tim.o(.text.HAL_TIM_Base_MspInit)
    HAL_TIM_Base_Start_IT                    0x080020a5   Thumb Code   170  stm32f4xx_hal_tim.o(.text.HAL_TIM_Base_Start_IT)
    HAL_TIM_IC_CaptureCallback               0x08002151   Thumb Code     2  stm32f4xx_hal_tim.o(.text.HAL_TIM_IC_CaptureCallback)
    HAL_TIM_IRQHandler                       0x08002155   Thumb Code   334  stm32f4xx_hal_tim.o(.text.HAL_TIM_IRQHandler)
    HAL_TIM_OC_DelayElapsedCallback          0x080022a5   Thumb Code     2  stm32f4xx_hal_tim.o(.text.HAL_TIM_OC_DelayElapsedCallback)
    HAL_TIM_PWM_PulseFinishedCallback        0x080022a9   Thumb Code     2  stm32f4xx_hal_tim.o(.text.HAL_TIM_PWM_PulseFinishedCallback)
    HAL_TIM_PeriodElapsedCallback            0x080022ad   Thumb Code   240  callback.o(.text.HAL_TIM_PeriodElapsedCallback)
    HAL_TIM_TriggerCallback                  0x0800239d   Thumb Code     2  stm32f4xx_hal_tim.o(.text.HAL_TIM_TriggerCallback)
    HardFault_Handler                        0x080023a1   Thumb Code     2  stm32f4xx_it.o(.text.HardFault_Handler)
    MX_CAN1_Init                             0x080023a5   Thumb Code    64  can.o(.text.MX_CAN1_Init)
    MX_GPIO_Init                             0x080023e5   Thumb Code   214  gpio.o(.text.MX_GPIO_Init)
    MX_SPI1_Init                             0x080024bd   Thumb Code    82  spi.o(.text.MX_SPI1_Init)
    MX_TIM6_Init                             0x08002511   Thumb Code    80  tim.o(.text.MX_TIM6_Init)
    MemManage_Handler                        0x08002561   Thumb Code     2  stm32f4xx_it.o(.text.MemManage_Handler)
    NMI_Handler                              0x08002565   Thumb Code     2  stm32f4xx_it.o(.text.NMI_Handler)
    PendSV_Handler                           0x08002569   Thumb Code     2  stm32f4xx_it.o(.text.PendSV_Handler)
    SPI1_IRQHandler                          0x0800256d   Thumb Code    12  stm32f4xx_it.o(.text.SPI1_IRQHandler)
    SVC_Handler                              0x080026a5   Thumb Code     2  stm32f4xx_it.o(.text.SVC_Handler)
    SysTick_Handler                          0x080026a9   Thumb Code     4  stm32f4xx_it.o(.text.SysTick_Handler)
    SystemClock_Config                       0x080026ad   Thumb Code   168  main.o(.text.SystemClock_Config)
    SystemInit                               0x08002755   Thumb Code    18  system_stm32f4xx_1.o(.text.SystemInit)
    TIM6_DAC_IRQHandler                      0x08002769   Thumb Code    12  stm32f4xx_it.o(.text.TIM6_DAC_IRQHandler)
    TIM_Base_SetConfig                       0x08002775   Thumb Code   332  stm32f4xx_hal_tim.o(.text.TIM_Base_SetConfig)
    UsageFault_Handler                       0x080028c1   Thumb Code     2  stm32f4xx_it.o(.text.UsageFault_Handler)
    IMU::get_gyro()                          0x080028fd   Thumb Code   224  imu.o(.text._ZN3IMU8get_gyroEv)
    IMU::calculate()                         0x080029e1   Thumb Code   516  imu.o(.text._ZN3IMU9calculateEv)
    IMU::get_accel()                         0x08002be5   Thumb Code   216  imu.o(.text._ZN3IMU9get_accelEv)
    PID::calculate(float, float)             0x08002cbd   Thumb Code   222  pid.o(.text._ZN3PID9calculateEff)
    PID::PID(float, float, float, float, float) 0x08002d9d   Thumb Code     6  pid.o(.text._ZN3PIDC2Efffff)
    PID::PID__sub_object(float, float, float, float, float) 0x08002d9d   Thumb Code     6  pid.o(.text._ZN3PIDC2Efffff)
    Motor::get_message()                     0x08002da9   Thumb Code   324  motor.o(.text._ZN5Motor11get_messageEv)
    Motor::angle_regulation(float)           0x08002eed   Thumb Code    36  motor.o(.text._ZN5Motor16angle_regulationEf)
    Motor::Motor(int, float)                 0x08002f11   Thumb Code    66  motor.o(.text._ZN5MotorC2Eif)
    Motor::Motor__sub_object(int, float)     0x08002f11   Thumb Code    66  motor.o(.text._ZN5MotorC2Eif)
    main                                     0x08002f55   Thumb Code    90  main.o(.text.main)
    __ARM_fpclassify                         0x08002faf   Thumb Code    48  fpclassify.o(i.__ARM_fpclassify)
    __ARM_fpclassifyf                        0x08002fdf   Thumb Code    38  fpclassifyf.o(i.__ARM_fpclassifyf)
    __hardfp_atan                            0x08003009   Thumb Code   622  atan.o(i.__hardfp_atan)
    __hardfp_cosf                            0x080032e1   Thumb Code   280  cosf.o(i.__hardfp_cosf)
    __hardfp_sinf                            0x08003431   Thumb Code   344  sinf.o(i.__hardfp_sinf)
    __hardfp_sqrt                            0x080035c1   Thumb Code   122  sqrt.o(i.__hardfp_sqrt)
    __kernel_poly                            0x0800363b   Thumb Code   248  poly.o(i.__kernel_poly)
    __mathlib_dbl_infnan                     0x08003733   Thumb Code    20  dunder.o(i.__mathlib_dbl_infnan)
    __mathlib_dbl_underflow                  0x08003749   Thumb Code    24  dunder.o(i.__mathlib_dbl_underflow)
    __mathlib_flt_infnan                     0x08003769   Thumb Code     6  funder.o(i.__mathlib_flt_infnan)
    __mathlib_flt_invalid                    0x08003771   Thumb Code    10  funder.o(i.__mathlib_flt_invalid)
    __mathlib_flt_underflow                  0x08003781   Thumb Code    10  funder.o(i.__mathlib_flt_underflow)
    __mathlib_rredf2                         0x08003791   Thumb Code   316  rredf.o(i.__mathlib_rredf2)
    fabs                                     0x080038e5   Thumb Code    24  fabs.o(i.fabs)
    __aeabi_dneg                             0x080038fd   Thumb Code     0  basic.o(x$fpl$basic)
    _dneg                                    0x080038fd   Thumb Code     6  basic.o(x$fpl$basic)
    __aeabi_fneg                             0x08003903   Thumb Code     0  basic.o(x$fpl$basic)
    _fneg                                    0x08003903   Thumb Code     6  basic.o(x$fpl$basic)
    _dabs                                    0x08003909   Thumb Code     6  basic.o(x$fpl$basic)
    _fabs                                    0x0800390f   Thumb Code     6  basic.o(x$fpl$basic)
    __aeabi_d2f                              0x08003915   Thumb Code     0  d2f.o(x$fpl$d2f)
    _d2f                                     0x08003915   Thumb Code    98  d2f.o(x$fpl$d2f)
    __aeabi_dadd                             0x08003979   Thumb Code     0  daddsub_clz.o(x$fpl$dadd)
    _dadd                                    0x08003979   Thumb Code   332  daddsub_clz.o(x$fpl$dadd)
    __aeabi_ddiv                             0x08003ac9   Thumb Code     0  ddiv.o(x$fpl$ddiv)
    _ddiv                                    0x08003ac9   Thumb Code   556  ddiv.o(x$fpl$ddiv)
    __aeabi_i2d                              0x08003d7d   Thumb Code     0  dflt_clz.o(x$fpl$dflt)
    _dflt                                    0x08003d7d   Thumb Code    46  dflt_clz.o(x$fpl$dflt)
    __aeabi_dmul                             0x08003dad   Thumb Code     0  dmul.o(x$fpl$dmul)
    _dmul                                    0x08003dad   Thumb Code   332  dmul.o(x$fpl$dmul)
    __fpl_dnaninf                            0x08003f01   Thumb Code   156  dnaninf.o(x$fpl$dnaninf)
    __fpl_dretinf                            0x08003f9d   Thumb Code    12  dretinf.o(x$fpl$dretinf)
    __aeabi_drsub                            0x08003fa9   Thumb Code     0  daddsub_clz.o(x$fpl$drsb)
    _drsb                                    0x08003fa9   Thumb Code    22  daddsub_clz.o(x$fpl$drsb)
    _dsqrt                                   0x08003fc1   Thumb Code   404  dsqrt_umaal.o(x$fpl$dsqrt)
    __aeabi_dsub                             0x08004159   Thumb Code     0  daddsub_clz.o(x$fpl$dsub)
    _dsub                                    0x08004159   Thumb Code   472  daddsub_clz.o(x$fpl$dsub)
    __aeabi_f2d                              0x08004335   Thumb Code     0  f2d.o(x$fpl$f2d)
    _f2d                                     0x08004335   Thumb Code    86  f2d.o(x$fpl$f2d)
    __fpl_fnaninf                            0x0800438b   Thumb Code   140  fnaninf.o(x$fpl$fnaninf)
    _fp_init                                 0x08004417   Thumb Code    26  fpinit.o(x$fpl$fpinit)
    __fplib_config_fpu_vfp                   0x0800442f   Thumb Code     0  fpinit.o(x$fpl$fpinit)
    __fplib_config_pureend_doubles           0x0800442f   Thumb Code     0  fpinit.o(x$fpl$fpinit)
    __fpl_fretinf                            0x08004431   Thumb Code    10  fretinf.o(x$fpl$fretinf)
    __I$use$fp                               0x0800443a   Number         0  usenofp.o(x$fpl$usenofp)
    AHBPrescTable                            0x080044f8   Data          16  system_stm32f4xx_1.o(.rodata.AHBPrescTable)
    Region$$Table$$Base                      0x08004508   Number         0  anon$$obj.o(Region$$Table)
    Region$$Table$$Limit                     0x08004528   Number         0  anon$$obj.o(Region$$Table)
    SHT$$INIT_ARRAY$$Base                    0x08004528   Number         0  callback.o(.init_array)
    SHT$$INIT_ARRAY$$Limit                   0x0800452c   Number         0  init_aeabi.o(.init_array)
    uwTickFreq                               0x20000000   Data           1  stm32f4xx_hal.o(.data..L_MergedGlobals)
    uwTickPrio                               0x20000004   Data           4  stm32f4xx_hal.o(.data..L_MergedGlobals)
    SystemCoreClock                          0x20000008   Data           4  system_stm32f4xx_1.o(.data.SystemCoreClock)
    imu                                      0x2000000c   Data          64  imu.o(.data.imu)
    txHeader                                 0x2000004c   Data          24  callback.o(.data.txHeader)
    __libspace_start                         0x20000068   Data          96  libspace.o(.bss)
    TxMAilBox                                0x200000c8   Data           4  callback.o(.bss..L_MergedGlobals)
    __temporary_stack_top$libspace           0x200000c8   Data           0  libspace.o(.bss)
    t                                        0x200000cc   Data           4  callback.o(.bss..L_MergedGlobals)
    init_angle                               0x200000d0   Data           4  callback.o(.bss..L_MergedGlobals)
    init_last_angle                          0x200000d4   Data           4  callback.o(.bss..L_MergedGlobals)
    init_out                                 0x200000d8   Data           8  callback.o(.bss..L_MergedGlobals)
    hcan1                                    0x200000e0   Data          40  can.o(.bss.hcan1)
    hspi1                                    0x20000108   Data          88  spi.o(.bss.hspi1)
    htim6                                    0x20000160   Data          72  tim.o(.bss.htim6)
    pitch                                    0x200001a8   Data         208  callback.o(.bss.pitch)
    uwTick                                   0x20000278   Data           4  stm32f4xx_hal.o(.bss.uwTick)
    yaw                                      0x2000027c   Data         208  callback.o(.bss.yaw)



==============================================================================

Memory Map of the image

  Image Entry point : 0x08000189

  Load Region LR_IROM1 (Base: 0x08000000, Size: 0x00004598, Max: 0x00100000, ABSOLUTE)

    Execution Region ER_IROM1 (Exec base: 0x08000000, Load base: 0x08000000, Size: 0x0000452c, Max: 0x00100000, ABSOLUTE)

    Exec Addr    Load Addr    Size         Type   Attr      Idx    E Section Name        Object

    0x08000000   0x08000000   0x00000188   Data   RO            3    RESET               startup_stm32f407xx.o
    0x08000188   0x08000188   0x00000008   Code   RO         1125  * !!!main             c_w.l(__main.o)
    0x08000190   0x08000190   0x00000034   Code   RO         1420    !!!scatter          c_w.l(__scatter.o)
    0x080001c4   0x080001c4   0x0000001a   Code   RO         1422    !!handler_copy      c_w.l(__scatter_copy.o)
    0x080001de   0x080001de   0x00000002   PAD
    0x080001e0   0x080001e0   0x0000001c   Code   RO         1424    !!handler_zi        c_w.l(__scatter_zi.o)
    0x080001fc   0x080001fc   0x00000002   Code   RO         1340    .ARM.Collect$$libinit$$00000000  c_w.l(libinit.o)
    0x080001fe   0x080001fe   0x00000004   Code   RO         1185    .ARM.Collect$$libinit$$00000001  c_w.l(libinit2.o)
    0x08000202   0x08000202   0x00000000   Code   RO         1188    .ARM.Collect$$libinit$$00000004  c_w.l(libinit2.o)
    0x08000202   0x08000202   0x00000000   Code   RO         1190    .ARM.Collect$$libinit$$00000006  c_w.l(libinit2.o)
    0x08000202   0x08000202   0x00000000   Code   RO         1193    .ARM.Collect$$libinit$$0000000C  c_w.l(libinit2.o)
    0x08000202   0x08000202   0x00000000   Code   RO         1195    .ARM.Collect$$libinit$$0000000E  c_w.l(libinit2.o)
    0x08000202   0x08000202   0x00000000   Code   RO         1197    .ARM.Collect$$libinit$$00000010  c_w.l(libinit2.o)
    0x08000202   0x08000202   0x00000000   Code   RO         1200    .ARM.Collect$$libinit$$00000013  c_w.l(libinit2.o)
    0x08000202   0x08000202   0x00000000   Code   RO         1202    .ARM.Collect$$libinit$$00000015  c_w.l(libinit2.o)
    0x08000202   0x08000202   0x00000000   Code   RO         1204    .ARM.Collect$$libinit$$00000017  c_w.l(libinit2.o)
    0x08000202   0x08000202   0x00000000   Code   RO         1206    .ARM.Collect$$libinit$$00000019  c_w.l(libinit2.o)
    0x08000202   0x08000202   0x00000000   Code   RO         1208    .ARM.Collect$$libinit$$0000001B  c_w.l(libinit2.o)
    0x08000202   0x08000202   0x00000000   Code   RO         1210    .ARM.Collect$$libinit$$0000001D  c_w.l(libinit2.o)
    0x08000202   0x08000202   0x00000000   Code   RO         1212    .ARM.Collect$$libinit$$0000001F  c_w.l(libinit2.o)
    0x08000202   0x08000202   0x00000000   Code   RO         1214    .ARM.Collect$$libinit$$00000021  c_w.l(libinit2.o)
    0x08000202   0x08000202   0x00000000   Code   RO         1216    .ARM.Collect$$libinit$$00000023  c_w.l(libinit2.o)
    0x08000202   0x08000202   0x00000000   Code   RO         1218    .ARM.Collect$$libinit$$00000025  c_w.l(libinit2.o)
    0x08000202   0x08000202   0x00000000   Code   RO         1220    .ARM.Collect$$libinit$$00000027  c_w.l(libinit2.o)
    0x08000202   0x08000202   0x00000000   Code   RO         1224    .ARM.Collect$$libinit$$0000002E  c_w.l(libinit2.o)
    0x08000202   0x08000202   0x00000000   Code   RO         1226    .ARM.Collect$$libinit$$00000030  c_w.l(libinit2.o)
    0x08000202   0x08000202   0x00000000   Code   RO         1228    .ARM.Collect$$libinit$$00000032  c_w.l(libinit2.o)
    0x08000202   0x08000202   0x00000004   Code   RO         1229    .ARM.Collect$$libinit$$00000033  c_w.l(libinit2.o)
    0x08000206   0x08000206   0x00000000   Code   RO         1230    .ARM.Collect$$libinit$$00000034  c_w.l(libinit2.o)
    0x08000206   0x08000206   0x00000002   Code   RO         1231    .ARM.Collect$$libinit$$00000035  c_w.l(libinit2.o)
    0x08000208   0x08000208   0x00000002   Code   RO         1387    .ARM.Collect$$libshutdown$$00000000  c_w.l(libshutdown.o)
    0x0800020a   0x0800020a   0x00000000   Code   RO         1403    .ARM.Collect$$libshutdown$$00000002  c_w.l(libshutdown2.o)
    0x0800020a   0x0800020a   0x00000000   Code   RO         1405    .ARM.Collect$$libshutdown$$00000004  c_w.l(libshutdown2.o)
    0x0800020a   0x0800020a   0x00000000   Code   RO         1408    .ARM.Collect$$libshutdown$$00000007  c_w.l(libshutdown2.o)
    0x0800020a   0x0800020a   0x00000000   Code   RO         1411    .ARM.Collect$$libshutdown$$0000000A  c_w.l(libshutdown2.o)
    0x0800020a   0x0800020a   0x00000000   Code   RO         1413    .ARM.Collect$$libshutdown$$0000000C  c_w.l(libshutdown2.o)
    0x0800020a   0x0800020a   0x00000000   Code   RO         1416    .ARM.Collect$$libshutdown$$0000000F  c_w.l(libshutdown2.o)
    0x0800020a   0x0800020a   0x00000002   Code   RO         1417    .ARM.Collect$$libshutdown$$00000010  c_w.l(libshutdown2.o)
    0x0800020c   0x0800020c   0x00000000   Code   RO         1178    .ARM.Collect$$rtentry$$00000000  c_w.l(__rtentry.o)
    0x0800020c   0x0800020c   0x00000000   Code   RO         1295    .ARM.Collect$$rtentry$$00000002  c_w.l(__rtentry2.o)
    0x0800020c   0x0800020c   0x00000006   Code   RO         1307    .ARM.Collect$$rtentry$$00000004  c_w.l(__rtentry4.o)
    0x08000212   0x08000212   0x00000000   Code   RO         1297    .ARM.Collect$$rtentry$$00000009  c_w.l(__rtentry2.o)
    0x08000212   0x08000212   0x00000004   Code   RO         1298    .ARM.Collect$$rtentry$$0000000A  c_w.l(__rtentry2.o)
    0x08000216   0x08000216   0x00000000   Code   RO         1300    .ARM.Collect$$rtentry$$0000000C  c_w.l(__rtentry2.o)
    0x08000216   0x08000216   0x00000008   Code   RO         1301    .ARM.Collect$$rtentry$$0000000D  c_w.l(__rtentry2.o)
    0x0800021e   0x0800021e   0x00000002   Code   RO         1345    .ARM.Collect$$rtexit$$00000000  c_w.l(rtexit.o)
    0x08000220   0x08000220   0x00000000   Code   RO         1367    .ARM.Collect$$rtexit$$00000002  c_w.l(rtexit2.o)
    0x08000220   0x08000220   0x00000004   Code   RO         1368    .ARM.Collect$$rtexit$$00000003  c_w.l(rtexit2.o)
    0x08000224   0x08000224   0x00000006   Code   RO         1369    .ARM.Collect$$rtexit$$00000004  c_w.l(rtexit2.o)
    0x0800022a   0x0800022a   0x00000002   PAD
    0x0800022c   0x0800022c   0x00000040   Code   RO            4    .text               startup_stm32f407xx.o
    0x0800026c   0x0800026c   0x000000f0   Code   RO         1119    .text               c_w.l(lludivv7m.o)
    0x0800035c   0x0800035c   0x0000004e   Code   RO         1121    .text               c_w.l(rt_memclr_w.o)
    0x080003aa   0x080003aa   0x00000006   Code   RO         1123    .text               c_w.l(heapauxi.o)
    0x080003b0   0x080003b0   0x00000024   Code   RO         1130    .text               c_w.l(init_aeabi.o)
    0x080003d4   0x080003d4   0x00000016   Code   RO         1183    .text               c_w.l(_rserrno.o)
    0x080003ea   0x080003ea   0x00000002   PAD
    0x080003ec   0x080003ec   0x00000008   Code   RO         1314    .text               c_w.l(rt_errno_addr_intlibspace.o)
    0x080003f4   0x080003f4   0x00000008   Code   RO         1320    .text               c_w.l(libspace.o)
    0x080003fc   0x080003fc   0x0000004a   Code   RO         1323    .text               c_w.l(sys_stackheap_outer.o)
    0x08000446   0x08000446   0x00000012   Code   RO         1325    .text               c_w.l(exit.o)
    0x08000458   0x08000458   0x0000000c   Code   RO         1359    .text               c_w.l(sys_exit.o)
    0x08000464   0x08000464   0x00000002   Code   RO         1363    .text               c_w.l(use_no_semi.o)
    0x08000466   0x08000466   0x00000000   Code   RO         1365    .text               c_w.l(indicate_semi.o)
    0x08000466   0x08000466   0x00000002   PAD
    0x08000468   0x08000468   0x00000002   Code   RO          170    .text.BusFault_Handler  stm32f4xx_it.o
    0x0800046a   0x0800046a   0x00000002   PAD
    0x0800046c   0x0800046c   0x0000000c   Code   RO          184    .text.CAN1_RX0_IRQHandler  stm32f4xx_it.o
    0x08000478   0x08000478   0x0000000c   Code   RO          182    .text.CAN1_TX_IRQHandler  stm32f4xx_it.o
    0x08000484   0x08000484   0x00000002   Code   RO          176    .text.DebugMon_Handler  stm32f4xx_it.o
    0x08000486   0x08000486   0x00000002   PAD
    0x08000488   0x08000488   0x00000006   Code   RO          100    .text.Error_Handler  main.o
    0x0800048e   0x0800048e   0x00000002   PAD
    0x08000490   0x08000490   0x0000002e   Code   RO          239    .text.HAL_CAN_ActivateNotification  stm32f4xx_hal_can.o
    0x080004be   0x080004be   0x00000002   PAD
    0x080004c0   0x080004c0   0x000000a8   Code   RO          225    .text.HAL_CAN_AddTxMessage  stm32f4xx_hal_can.o
    0x08000568   0x08000568   0x000000de   Code   RO          215    .text.HAL_CAN_ConfigFilter  stm32f4xx_hal_can.o
    0x08000646   0x08000646   0x00000002   PAD
    0x08000648   0x08000648   0x00000002   Code   RO          269    .text.HAL_CAN_ErrorCallback  stm32f4xx_hal_can.o
    0x0800064a   0x0800064a   0x00000002   PAD
    0x0800064c   0x0800064c   0x00000134   Code   RO          235    .text.HAL_CAN_GetRxMessage  stm32f4xx_hal_can.o
    0x08000780   0x08000780   0x0000025e   Code   RO          243    .text.HAL_CAN_IRQHandler  stm32f4xx_hal_can.o
    0x080009de   0x080009de   0x00000002   PAD
    0x080009e0   0x080009e0   0x000000f4   Code   RO          205    .text.HAL_CAN_Init  stm32f4xx_hal_can.o
    0x08000ad4   0x08000ad4   0x00000088   Code   RO          121    .text.HAL_CAN_MspInit  can.o
    0x08000b5c   0x08000b5c   0x00000002   Code   RO          257    .text.HAL_CAN_RxFifo0FullCallback  stm32f4xx_hal_can.o
    0x08000b5e   0x08000b5e   0x00000002   PAD
    0x08000b60   0x08000b60   0x00000030   Code   RO           13    .text.HAL_CAN_RxFifo0MsgPendingCallback  callback.o
    0x08000b90   0x08000b90   0x00000002   Code   RO          261    .text.HAL_CAN_RxFifo1FullCallback  stm32f4xx_hal_can.o
    0x08000b92   0x08000b92   0x00000002   PAD
    0x08000b94   0x08000b94   0x00000002   Code   RO          263    .text.HAL_CAN_RxFifo1MsgPendingCallback  stm32f4xx_hal_can.o
    0x08000b96   0x08000b96   0x00000002   PAD
    0x08000b98   0x08000b98   0x00000002   Code   RO          265    .text.HAL_CAN_SleepCallback  stm32f4xx_hal_can.o
    0x08000b9a   0x08000b9a   0x00000002   PAD
    0x08000b9c   0x08000b9c   0x0000005a   Code   RO          217    .text.HAL_CAN_Start  stm32f4xx_hal_can.o
    0x08000bf6   0x08000bf6   0x00000002   PAD
    0x08000bf8   0x08000bf8   0x00000002   Code   RO          247    .text.HAL_CAN_TxMailbox0AbortCallback  stm32f4xx_hal_can.o
    0x08000bfa   0x08000bfa   0x00000002   PAD
    0x08000bfc   0x08000bfc   0x00000002   Code   RO          245    .text.HAL_CAN_TxMailbox0CompleteCallback  stm32f4xx_hal_can.o
    0x08000bfe   0x08000bfe   0x00000002   PAD
    0x08000c00   0x08000c00   0x00000002   Code   RO          251    .text.HAL_CAN_TxMailbox1AbortCallback  stm32f4xx_hal_can.o
    0x08000c02   0x08000c02   0x00000002   PAD
    0x08000c04   0x08000c04   0x00000002   Code   RO          249    .text.HAL_CAN_TxMailbox1CompleteCallback  stm32f4xx_hal_can.o
    0x08000c06   0x08000c06   0x00000002   PAD
    0x08000c08   0x08000c08   0x00000002   Code   RO          255    .text.HAL_CAN_TxMailbox2AbortCallback  stm32f4xx_hal_can.o
    0x08000c0a   0x08000c0a   0x00000002   PAD
    0x08000c0c   0x08000c0c   0x00000002   Code   RO          253    .text.HAL_CAN_TxMailbox2CompleteCallback  stm32f4xx_hal_can.o
    0x08000c0e   0x08000c0e   0x00000002   PAD
    0x08000c10   0x08000c10   0x00000002   Code   RO          267    .text.HAL_CAN_WakeUpFromRxMsgCallback  stm32f4xx_hal_can.o
    0x08000c12   0x08000c12   0x00000002   PAD
    0x08000c14   0x08000c14   0x00000024   Code   RO          443    .text.HAL_DMA_Abort_IT  stm32f4xx_hal_dma.o
    0x08000c38   0x08000c38   0x000001a6   Code   RO          395    .text.HAL_GPIO_Init  stm32f4xx_hal_gpio.o
    0x08000dde   0x08000dde   0x00000002   PAD
    0x08000de0   0x08000de0   0x0000000a   Code   RO          401    .text.HAL_GPIO_WritePin  stm32f4xx_hal_gpio.o
    0x08000dea   0x08000dea   0x00000002   PAD
    0x08000dec   0x08000dec   0x0000000c   Code   RO          592    .text.HAL_GetTick   stm32f4xx_hal.o
    0x08000df8   0x08000df8   0x0000001a   Code   RO          590    .text.HAL_IncTick   stm32f4xx_hal.o
    0x08000e12   0x08000e12   0x00000002   PAD
    0x08000e14   0x08000e14   0x00000036   Code   RO          580    .text.HAL_Init      stm32f4xx_hal.o
    0x08000e4a   0x08000e4a   0x00000002   PAD
    0x08000e4c   0x08000e4c   0x00000048   Code   RO          582    .text.HAL_InitTick  stm32f4xx_hal.o
    0x08000e94   0x08000e94   0x00000038   Code   RO          197    .text.HAL_MspInit   stm32f4xx_hal_msp.o
    0x08000ecc   0x08000ecc   0x00000026   Code   RO          532    .text.HAL_NVIC_EnableIRQ  stm32f4xx_hal_cortex.o
    0x08000ef2   0x08000ef2   0x00000002   PAD
    0x08000ef4   0x08000ef4   0x00000056   Code   RO          530    .text.HAL_NVIC_SetPriority  stm32f4xx_hal_cortex.o
    0x08000f4a   0x08000f4a   0x00000002   PAD
    0x08000f4c   0x08000f4c   0x00000020   Code   RO          528    .text.HAL_NVIC_SetPriorityGrouping  stm32f4xx_hal_cortex.o
    0x08000f6c   0x08000f6c   0x00000160   Code   RO          289    .text.HAL_RCC_ClockConfig  stm32f4xx_hal_rcc.o
    0x080010cc   0x080010cc   0x0000006a   Code   RO          291    .text.HAL_RCC_GetSysClockFreq  stm32f4xx_hal_rcc.o
    0x08001136   0x08001136   0x00000002   PAD
    0x08001138   0x08001138   0x00000374   Code   RO          287    .text.HAL_RCC_OscConfig  stm32f4xx_hal_rcc.o
    0x080014ac   0x080014ac   0x00000002   Code   RO          750    .text.HAL_SPI_ErrorCallback  stm32f4xx_hal_spi.o
    0x080014ae   0x080014ae   0x00000002   PAD
    0x080014b0   0x080014b0   0x0000012c   Code   RO          746    .text.HAL_SPI_IRQHandler  stm32f4xx_hal_spi.o
    0x080015dc   0x080015dc   0x000000b4   Code   RO          670    .text.HAL_SPI_Init  stm32f4xx_hal_spi.o
    0x08001690   0x08001690   0x000000b2   Code   RO          136    .text.HAL_SPI_MspInit  spi.o
    0x08001742   0x08001742   0x00000002   PAD
    0x08001744   0x08001744   0x00000200   Code   RO          680    .text.HAL_SPI_Receive  stm32f4xx_hal_spi.o
    0x08001944   0x08001944   0x0000027a   Code   RO          678    .text.HAL_SPI_Transmit  stm32f4xx_hal_spi.o
    0x08001bbe   0x08001bbe   0x00000002   PAD
    0x08001bc0   0x08001bc0   0x0000034e   Code   RO          682    .text.HAL_SPI_TransmitReceive  stm32f4xx_hal_spi.o
    0x08001f0e   0x08001f0e   0x00000002   PAD
    0x08001f10   0x08001f10   0x0000002c   Code   RO          540    .text.HAL_SYSTICK_Config  stm32f4xx_hal_cortex.o
    0x08001f3c   0x08001f3c   0x00000002   Code   RO         1089    .text.HAL_TIMEx_BreakCallback  stm32f4xx_hal_tim_ex.o
    0x08001f3e   0x08001f3e   0x00000002   PAD
    0x08001f40   0x08001f40   0x00000002   Code   RO         1085    .text.HAL_TIMEx_CommutCallback  stm32f4xx_hal_tim_ex.o
    0x08001f42   0x08001f42   0x00000002   PAD
    0x08001f44   0x08001f44   0x000000b6   Code   RO         1079    .text.HAL_TIMEx_MasterConfigSynchronization  stm32f4xx_hal_tim_ex.o
    0x08001ffa   0x08001ffa   0x00000002   PAD
    0x08001ffc   0x08001ffc   0x0000005a   Code   RO          784    .text.HAL_TIM_Base_Init  stm32f4xx_hal_tim.o
    0x08002056   0x08002056   0x00000002   PAD
    0x08002058   0x08002058   0x0000004a   Code   RO          151    .text.HAL_TIM_Base_MspInit  tim.o
    0x080020a2   0x080020a2   0x00000002   PAD
    0x080020a4   0x080020a4   0x000000aa   Code   RO          798    .text.HAL_TIM_Base_Start_IT  stm32f4xx_hal_tim.o
    0x0800214e   0x0800214e   0x00000002   PAD
    0x08002150   0x08002150   0x00000002   Code   RO          920    .text.HAL_TIM_IC_CaptureCallback  stm32f4xx_hal_tim.o
    0x08002152   0x08002152   0x00000002   PAD
    0x08002154   0x08002154   0x0000014e   Code   RO          918    .text.HAL_TIM_IRQHandler  stm32f4xx_hal_tim.o
    0x080022a2   0x080022a2   0x00000002   PAD
    0x080022a4   0x080022a4   0x00000002   Code   RO          922    .text.HAL_TIM_OC_DelayElapsedCallback  stm32f4xx_hal_tim.o
    0x080022a6   0x080022a6   0x00000002   PAD
    0x080022a8   0x080022a8   0x00000002   Code   RO          924    .text.HAL_TIM_PWM_PulseFinishedCallback  stm32f4xx_hal_tim.o
    0x080022aa   0x080022aa   0x00000002   PAD
    0x080022ac   0x080022ac   0x000000f0   Code   RO           11    .text.HAL_TIM_PeriodElapsedCallback  callback.o
    0x0800239c   0x0800239c   0x00000002   Code   RO          928    .text.HAL_TIM_TriggerCallback  stm32f4xx_hal_tim.o
    0x0800239e   0x0800239e   0x00000002   PAD
    0x080023a0   0x080023a0   0x00000002   Code   RO          166    .text.HardFault_Handler  stm32f4xx_it.o
    0x080023a2   0x080023a2   0x00000002   PAD
    0x080023a4   0x080023a4   0x00000040   Code   RO          119    .text.MX_CAN1_Init  can.o
    0x080023e4   0x080023e4   0x000000d6   Code   RO          110    .text.MX_GPIO_Init  gpio.o
    0x080024ba   0x080024ba   0x00000002   PAD
    0x080024bc   0x080024bc   0x00000052   Code   RO          134    .text.MX_SPI1_Init  spi.o
    0x0800250e   0x0800250e   0x00000002   PAD
    0x08002510   0x08002510   0x00000050   Code   RO          149    .text.MX_TIM6_Init  tim.o
    0x08002560   0x08002560   0x00000002   Code   RO          168    .text.MemManage_Handler  stm32f4xx_it.o
    0x08002562   0x08002562   0x00000002   PAD
    0x08002564   0x08002564   0x00000002   Code   RO          164    .text.NMI_Handler   stm32f4xx_it.o
    0x08002566   0x08002566   0x00000002   PAD
    0x08002568   0x08002568   0x00000002   Code   RO          178    .text.PendSV_Handler  stm32f4xx_it.o
    0x0800256a   0x0800256a   0x00000002   PAD
    0x0800256c   0x0800256c   0x0000000c   Code   RO          186    .text.SPI1_IRQHandler  stm32f4xx_it.o
    0x08002578   0x08002578   0x0000000c   Code   RO          748    .text.SPI_DMAAbortOnError  stm32f4xx_hal_spi.o
    0x08002584   0x08002584   0x00000120   Code   RO          774    .text.SPI_WaitFlagStateUntilTimeout  stm32f4xx_hal_spi.o
    0x080026a4   0x080026a4   0x00000002   Code   RO          174    .text.SVC_Handler   stm32f4xx_it.o
    0x080026a6   0x080026a6   0x00000002   PAD
    0x080026a8   0x080026a8   0x00000004   Code   RO          180    .text.SysTick_Handler  stm32f4xx_it.o
    0x080026ac   0x080026ac   0x000000a8   Code   RO           98    .text.SystemClock_Config  main.o
    0x08002754   0x08002754   0x00000012   Code   RO         1103    .text.SystemInit    system_stm32f4xx_1.o
    0x08002766   0x08002766   0x00000002   PAD
    0x08002768   0x08002768   0x0000000c   Code   RO          188    .text.TIM6_DAC_IRQHandler  stm32f4xx_it.o
    0x08002774   0x08002774   0x0000014c   Code   RO          788    .text.TIM_Base_SetConfig  stm32f4xx_hal_tim.o
    0x080028c0   0x080028c0   0x00000002   Code   RO          172    .text.UsageFault_Handler  stm32f4xx_it.o
    0x080028c2   0x080028c2   0x00000002   PAD
    0x080028c4   0x080028c4   0x00000036   Code   RO           15    .text._GLOBAL__sub_I_callback.cpp  callback.o
    0x080028fa   0x080028fa   0x00000002   PAD
    0x080028fc   0x080028fc   0x000000e0   Code   RO           51    .text._ZN3IMU8get_gyroEv  imu.o
    0x080029dc   0x080029dc   0x00000004   PAD
    0x080029e0   0x080029e0   0x00000204   Code   RO           55    .text._ZN3IMU9calculateEv  imu.o
    0x08002be4   0x08002be4   0x000000d8   Code   RO           49    .text._ZN3IMU9get_accelEv  imu.o
    0x08002cbc   0x08002cbc   0x000000de   Code   RO           86    .text._ZN3PID9calculateEff  pid.o
    0x08002d9a   0x08002d9a   0x00000002   PAD
    0x08002d9c   0x08002d9c   0x00000006   Code   RO           84    .text._ZN3PIDC2Efffff  pid.o
    0x08002da2   0x08002da2   0x00000006   PAD
    0x08002da8   0x08002da8   0x00000144   Code   RO           70    .text._ZN5Motor11get_messageEv  motor.o
    0x08002eec   0x08002eec   0x00000024   Code   RO           74    .text._ZN5Motor16angle_regulationEf  motor.o
    0x08002f10   0x08002f10   0x00000042   Code   RO           68    .text._ZN5MotorC2Eif  motor.o
    0x08002f52   0x08002f52   0x00000002   PAD
    0x08002f54   0x08002f54   0x0000005a   Code   RO           96    .text.main          main.o
    0x08002fae   0x08002fae   0x00000030   Code   RO         1271    i.__ARM_fpclassify  m_wm.l(fpclassify.o)
    0x08002fde   0x08002fde   0x00000026   Code   RO         1273    i.__ARM_fpclassifyf  m_wm.l(fpclassifyf.o)
    0x08003004   0x08003004   0x00000004   PAD
    0x08003008   0x08003008   0x000002d8   Code   RO         1153    i.__hardfp_atan     m_wm.l(atan.o)
    0x080032e0   0x080032e0   0x00000150   Code   RO         1160    i.__hardfp_cosf     m_wm.l(cosf.o)
    0x08003430   0x08003430   0x00000190   Code   RO         1166    i.__hardfp_sinf     m_wm.l(sinf.o)
    0x080035c0   0x080035c0   0x0000007a   Code   RO         1172    i.__hardfp_sqrt     m_wm.l(sqrt.o)
    0x0800363a   0x0800363a   0x000000f8   Code   RO         1289    i.__kernel_poly     m_wm.l(poly.o)
    0x08003732   0x08003732   0x00000014   Code   RO         1252    i.__mathlib_dbl_infnan  m_wm.l(dunder.o)
    0x08003746   0x08003746   0x00000002   PAD
    0x08003748   0x08003748   0x00000020   Code   RO         1257    i.__mathlib_dbl_underflow  m_wm.l(dunder.o)
    0x08003768   0x08003768   0x00000006   Code   RO         1276    i.__mathlib_flt_infnan  m_wm.l(funder.o)
    0x0800376e   0x0800376e   0x00000002   PAD
    0x08003770   0x08003770   0x00000010   Code   RO         1278    i.__mathlib_flt_invalid  m_wm.l(funder.o)
    0x08003780   0x08003780   0x00000010   Code   RO         1281    i.__mathlib_flt_underflow  m_wm.l(funder.o)
    0x08003790   0x08003790   0x00000154   Code   RO         1291    i.__mathlib_rredf2  m_wm.l(rredf.o)
    0x080038e4   0x080038e4   0x00000018   Code   RO         1267    i.fabs              m_wm.l(fabs.o)
    0x080038fc   0x080038fc   0x00000018   Code   RO         1236    x$fpl$basic         fz_wm.l(basic.o)
    0x08003914   0x08003914   0x00000062   Code   RO         1133    x$fpl$d2f           fz_wm.l(d2f.o)
    0x08003976   0x08003976   0x00000002   PAD
    0x08003978   0x08003978   0x00000150   Code   RO         1135    x$fpl$dadd          fz_wm.l(daddsub_clz.o)
    0x08003ac8   0x08003ac8   0x000002b4   Code   RO         1142    x$fpl$ddiv          fz_wm.l(ddiv.o)
    0x08003d7c   0x08003d7c   0x0000002e   Code   RO         1146    x$fpl$dflt          fz_wm.l(dflt_clz.o)
    0x08003daa   0x08003daa   0x00000002   PAD
    0x08003dac   0x08003dac   0x00000154   Code   RO         1238    x$fpl$dmul          fz_wm.l(dmul.o)
    0x08003f00   0x08003f00   0x0000009c   Code   RO         1240    x$fpl$dnaninf       fz_wm.l(dnaninf.o)
    0x08003f9c   0x08003f9c   0x0000000c   Code   RO         1242    x$fpl$dretinf       fz_wm.l(dretinf.o)
    0x08003fa8   0x08003fa8   0x00000016   Code   RO         1136    x$fpl$drsb          fz_wm.l(daddsub_clz.o)
    0x08003fbe   0x08003fbe   0x00000002   PAD
    0x08003fc0   0x08003fc0   0x00000198   Code   RO         1244    x$fpl$dsqrt         fz_wm.l(dsqrt_umaal.o)
    0x08004158   0x08004158   0x000001dc   Code   RO         1137    x$fpl$dsub          fz_wm.l(daddsub_clz.o)
    0x08004334   0x08004334   0x00000056   Code   RO         1151    x$fpl$f2d           fz_wm.l(f2d.o)
    0x0800438a   0x0800438a   0x0000008c   Code   RO         1246    x$fpl$fnaninf       fz_wm.l(fnaninf.o)
    0x08004416   0x08004416   0x0000001a   Code   RO         1318    x$fpl$fpinit        fz_wm.l(fpinit.o)
    0x08004430   0x08004430   0x0000000a   Code   RO         1248    x$fpl$fretinf       fz_wm.l(fretinf.o)
    0x0800443a   0x0800443a   0x00000000   Code   RO         1250    x$fpl$usenofp       fz_wm.l(usenofp.o)
    0x0800443a   0x0800443a   0x00000006   PAD
    0x08004440   0x08004440   0x00000098   Data   RO         1156    .constdata          m_wm.l(atan.o)
    0x080044d8   0x080044d8   0x00000020   Data   RO         1292    .constdata          m_wm.l(rredf.o)
    0x080044f8   0x080044f8   0x00000010   Data   RO         1108    .rodata.AHBPrescTable  system_stm32f4xx_1.o
    0x08004508   0x08004508   0x00000020   Data   RO         1419    Region$$Table       anon$$obj.o
    0x08004528   0x08004528   0x00000004   Data   RO           23    .init_array         callback.o
    0x0800452c   0x08004528   0x00000000   Data   RO         1128    .init_array         c_w.l(init_aeabi.o)


    Execution Region RW_IRAM1 (Exec base: 0x20000000, Load base: 0x08004530, Size: 0x00000950, Max: 0x0001c000, ABSOLUTE)

    Exec Addr    Load Addr    Size         Type   Attr      Idx    E Section Name        Object

    0x20000000   0x08004530   0x00000008   Data   RW          635    .data..L_MergedGlobals  stm32f4xx_hal.o
    0x20000008   0x08004538   0x00000004   Data   RW         1107    .data.SystemCoreClock  system_stm32f4xx_1.o
    0x2000000c   0x0800453c   0x00000040   Data   RW           57    .data.imu           imu.o
    0x2000004c   0x0800457c   0x00000018   Data   RW           21    .data.txHeader      callback.o
    0x20000064   0x08004594   0x00000004   PAD
    0x20000068        -       0x00000060   Zero   RW         1321    .bss                c_w.l(libspace.o)
    0x200000c8        -       0x00000018   Zero   RW           24    .bss..L_MergedGlobals  callback.o
    0x200000e0        -       0x00000028   Zero   RW          125    .bss.hcan1          can.o
    0x20000108        -       0x00000058   Zero   RW          140    .bss.hspi1          spi.o
    0x20000160        -       0x00000048   Zero   RW          155    .bss.htim6          tim.o
    0x200001a8        -       0x000000d0   Zero   RW           19    .bss.pitch          callback.o
    0x20000278        -       0x00000004   Zero   RW          634    .bss.uwTick         stm32f4xx_hal.o
    0x2000027c        -       0x000000d0   Zero   RW           20    .bss.yaw            callback.o
    0x2000034c   0x08004594   0x00000004   PAD
    0x20000350        -       0x00000200   Zero   RW            2    HEAP                startup_stm32f407xx.o
    0x20000550        -       0x00000400   Zero   RW            1    STACK               startup_stm32f407xx.o


    Execution Region RW_IRAM2 (Exec base: 0x2001c000, Load base: 0x08004598, Size: 0x00000000, Max: 0x00004000, ABSOLUTE)

    **** No section assigned to this execution region ****


==============================================================================

Image component sizes


      Code (inc. data)   RO Data    RW Data    ZI Data      Debug   Object Name

       342          0          4         24        440      17376   callback.o
       200          0          0          0         40       6184   can.o
       214          0          0          0          0       2171   gpio.o
       956         56          0         64          0      19727   imu.o
       264          0          0          0          0       4303   main.o
       426         28          0          0          0       4773   motor.o
       228          0          0          0          0       1317   pid.o
       260          0          0          0         88       7025   spi.o
        64         26        392          0       1536        832   startup_stm32f407xx.o
       164          0          0          8          4       7280   stm32f4xx_hal.o
      1708          6          0          0          0      13812   stm32f4xx_hal_can.o
       200          0          0          0          0      10801   stm32f4xx_hal_cortex.o
        36          0          0          0          0      10583   stm32f4xx_hal_dma.o
       432          0          0          0          0       5242   stm32f4xx_hal_gpio.o
        56          0          0          0          0       1441   stm32f4xx_hal_msp.o
      1342          0          0          0          0       7345   stm32f4xx_hal_rcc.o
      2774          0          0          0          0      24798   stm32f4xx_hal_spi.o
       934          0          0          0          0      55060   stm32f4xx_hal_tim.o
       186          0          0          0          0      21174   stm32f4xx_hal_tim_ex.o
        68          0          0          0          0       7537   stm32f4xx_it.o
        18          0         16          4          0       2632   system_stm32f4xx_1.o
       154          0          0          0         72       7003   tim.o

    ----------------------------------------------------------------------
     11142        120        444        100       2188     238416   Object Totals
         0          0         32          0          0          0   (incl. Generated)
       116          4          0          0          8          0   (incl. Padding)

    ----------------------------------------------------------------------

      Code (inc. data)   RO Data    RW Data    ZI Data      Debug   Library Member Name

         8          0          0          0          0         68   __main.o
         0          0          0          0          0          0   __rtentry.o
        12          0          0          0          0          0   __rtentry2.o
         6          0          0          0          0          0   __rtentry4.o
        52          8          0          0          0          0   __scatter.o
        26          0          0          0          0          0   __scatter_copy.o
        28          0          0          0          0          0   __scatter_zi.o
        22          0          0          0          0        100   _rserrno.o
        18          0          0          0          0         80   exit.o
         6          0          0          0          0        152   heapauxi.o
         0          0          0          0          0          0   indicate_semi.o
        36          8          0          0          0         80   init_aeabi.o
         2          0          0          0          0          0   libinit.o
        10          0          0          0          0          0   libinit2.o
         2          0          0          0          0          0   libshutdown.o
         2          0          0          0          0          0   libshutdown2.o
         8          4          0          0         96         68   libspace.o
       240          0          0          0          0        100   lludivv7m.o
         8          4          0          0          0         68   rt_errno_addr_intlibspace.o
        78          0          0          0          0         80   rt_memclr_w.o
         2          0          0          0          0          0   rtexit.o
        10          0          0          0          0          0   rtexit2.o
        12          4          0          0          0         68   sys_exit.o
        74          0          0          0          0         80   sys_stackheap_outer.o
         2          0          0          0          0         68   use_no_semi.o
        24          0          0          0          0        164   basic.o
        98          4          0          0          0        140   d2f.o
       834         16          0          0          0        516   daddsub_clz.o
       692        140          0          0          0        264   ddiv.o
        46          0          0          0          0        116   dflt_clz.o
       340         12          0          0          0        152   dmul.o
       156          4          0          0          0        140   dnaninf.o
        12          0          0          0          0        116   dretinf.o
       408         56          0          0          0        168   dsqrt_umaal.o
        86          4          0          0          0        132   f2d.o
       140          4          0          0          0        132   fnaninf.o
        26          0          0          0          0        116   fpinit.o
        10          0          0          0          0        116   fretinf.o
         0          0          0          0          0          0   usenofp.o
       728        106        152          0          0        228   atan.o
       336         56          0          0          0        136   cosf.o
        52          8          0          0          0        248   dunder.o
        24          0          0          0          0        124   fabs.o
        48          0          0          0          0        124   fpclassify.o
        38          0          0          0          0        116   fpclassifyf.o
        38         12          0          0          0        348   funder.o
       248          0          0          0          0        152   poly.o
       340         24         32          0          0        160   rredf.o
       400         56          0          0          0        212   sinf.o
       122          0          0          0          0        148   sqrt.o

    ----------------------------------------------------------------------
      5938        530        184          0         96       5280   Library Totals
        28          0          0          0          0          0   (incl. Padding)

    ----------------------------------------------------------------------

      Code (inc. data)   RO Data    RW Data    ZI Data      Debug   Library Name

       664         28          0          0         96       1012   c_w.l
      2872        240          0          0          0       2272   fz_wm.l
      2374        262        184          0          0       1996   m_wm.l

    ----------------------------------------------------------------------
      5938        530        184          0         96       5280   Library Totals

    ----------------------------------------------------------------------

==============================================================================


      Code (inc. data)   RO Data    RW Data    ZI Data      Debug   

     17080        650        628        100       2284     240180   Grand Totals
     17080        650        628        100       2284     240180   ELF Image Totals
     17080        650        628        100          0          0   ROM Totals

==============================================================================

    Total RO  Size (Code + RO Data)                17708 (  17.29kB)
    Total RW  Size (RW Data + ZI Data)              2384 (   2.33kB)
    Total ROM Size (Code + RO Data + RW Data)      17808 (  17.39kB)

==============================================================================

