Archive member included to satisfy reference by file (symbol)

C:/RMdiankong/STM32CubeCLT/STM32CubeCLT_1.16.0/GNU-tools-for-STM32/bin/../lib/gcc/arm-none-eabi/12.3.1/../../../../arm-none-eabi/lib/thumb/v7e-m/nofp\libm.a(libm_a-w_sqrt.o)
                              CMakeFiles/competition_test.elf.dir/Core/Src/IMU.cpp.obj (sqrt)
C:/RMdiankong/STM32CubeCLT/STM32CubeCLT_1.16.0/GNU-tools-for-STM32/bin/../lib/gcc/arm-none-eabi/12.3.1/../../../../arm-none-eabi/lib/thumb/v7e-m/nofp\libm.a(libm_a-s_atan.o)
                              CMakeFiles/competition_test.elf.dir/Core/Src/IMU.cpp.obj (atan)
C:/RMdiankong/STM32CubeCLT/STM32CubeCLT_1.16.0/GNU-tools-for-STM32/bin/../lib/gcc/arm-none-eabi/12.3.1/../../../../arm-none-eabi/lib/thumb/v7e-m/nofp\libm.a(libm_a-s_cos.o)
                              CMakeFiles/competition_test.elf.dir/Core/Src/IMU.cpp.obj (cos)
C:/RMdiankong/STM32CubeCLT/STM32CubeCLT_1.16.0/GNU-tools-for-STM32/bin/../lib/gcc/arm-none-eabi/12.3.1/../../../../arm-none-eabi/lib/thumb/v7e-m/nofp\libm.a(libm_a-s_fabs.o)
                              C:/RMdiankong/STM32CubeCLT/STM32CubeCLT_1.16.0/GNU-tools-for-STM32/bin/../lib/gcc/arm-none-eabi/12.3.1/../../../../arm-none-eabi/lib/thumb/v7e-m/nofp\libm.a(libm_a-s_atan.o) (fabs)
C:/RMdiankong/STM32CubeCLT/STM32CubeCLT_1.16.0/GNU-tools-for-STM32/bin/../lib/gcc/arm-none-eabi/12.3.1/../../../../arm-none-eabi/lib/thumb/v7e-m/nofp\libm.a(libm_a-s_sin.o)
                              CMakeFiles/competition_test.elf.dir/Core/Src/IMU.cpp.obj (sin)
C:/RMdiankong/STM32CubeCLT/STM32CubeCLT_1.16.0/GNU-tools-for-STM32/bin/../lib/gcc/arm-none-eabi/12.3.1/../../../../arm-none-eabi/lib/thumb/v7e-m/nofp\libm.a(libm_a-e_sqrt.o)
                              C:/RMdiankong/STM32CubeCLT/STM32CubeCLT_1.16.0/GNU-tools-for-STM32/bin/../lib/gcc/arm-none-eabi/12.3.1/../../../../arm-none-eabi/lib/thumb/v7e-m/nofp\libm.a(libm_a-w_sqrt.o) (__ieee754_sqrt)
C:/RMdiankong/STM32CubeCLT/STM32CubeCLT_1.16.0/GNU-tools-for-STM32/bin/../lib/gcc/arm-none-eabi/12.3.1/../../../../arm-none-eabi/lib/thumb/v7e-m/nofp\libm.a(libm_a-k_cos.o)
                              C:/RMdiankong/STM32CubeCLT/STM32CubeCLT_1.16.0/GNU-tools-for-STM32/bin/../lib/gcc/arm-none-eabi/12.3.1/../../../../arm-none-eabi/lib/thumb/v7e-m/nofp\libm.a(libm_a-s_cos.o) (__kernel_cos)
C:/RMdiankong/STM32CubeCLT/STM32CubeCLT_1.16.0/GNU-tools-for-STM32/bin/../lib/gcc/arm-none-eabi/12.3.1/../../../../arm-none-eabi/lib/thumb/v7e-m/nofp\libm.a(libm_a-k_sin.o)
                              C:/RMdiankong/STM32CubeCLT/STM32CubeCLT_1.16.0/GNU-tools-for-STM32/bin/../lib/gcc/arm-none-eabi/12.3.1/../../../../arm-none-eabi/lib/thumb/v7e-m/nofp\libm.a(libm_a-s_cos.o) (__kernel_sin)
C:/RMdiankong/STM32CubeCLT/STM32CubeCLT_1.16.0/GNU-tools-for-STM32/bin/../lib/gcc/arm-none-eabi/12.3.1/../../../../arm-none-eabi/lib/thumb/v7e-m/nofp\libm.a(libm_a-e_rem_pio2.o)
                              C:/RMdiankong/STM32CubeCLT/STM32CubeCLT_1.16.0/GNU-tools-for-STM32/bin/../lib/gcc/arm-none-eabi/12.3.1/../../../../arm-none-eabi/lib/thumb/v7e-m/nofp\libm.a(libm_a-s_cos.o) (__ieee754_rem_pio2)
C:/RMdiankong/STM32CubeCLT/STM32CubeCLT_1.16.0/GNU-tools-for-STM32/bin/../lib/gcc/arm-none-eabi/12.3.1/../../../../arm-none-eabi/lib/thumb/v7e-m/nofp\libm.a(libm_a-k_rem_pio2.o)
                              C:/RMdiankong/STM32CubeCLT/STM32CubeCLT_1.16.0/GNU-tools-for-STM32/bin/../lib/gcc/arm-none-eabi/12.3.1/../../../../arm-none-eabi/lib/thumb/v7e-m/nofp\libm.a(libm_a-e_rem_pio2.o) (__kernel_rem_pio2)
C:/RMdiankong/STM32CubeCLT/STM32CubeCLT_1.16.0/GNU-tools-for-STM32/bin/../lib/gcc/arm-none-eabi/12.3.1/../../../../arm-none-eabi/lib/thumb/v7e-m/nofp\libm.a(libm_a-s_scalbn.o)
                              C:/RMdiankong/STM32CubeCLT/STM32CubeCLT_1.16.0/GNU-tools-for-STM32/bin/../lib/gcc/arm-none-eabi/12.3.1/../../../../arm-none-eabi/lib/thumb/v7e-m/nofp\libm.a(libm_a-k_rem_pio2.o) (scalbn)
C:/RMdiankong/STM32CubeCLT/STM32CubeCLT_1.16.0/GNU-tools-for-STM32/bin/../lib/gcc/arm-none-eabi/12.3.1/../../../../arm-none-eabi/lib/thumb/v7e-m/nofp\libm.a(libm_a-s_floor.o)
                              C:/RMdiankong/STM32CubeCLT/STM32CubeCLT_1.16.0/GNU-tools-for-STM32/bin/../lib/gcc/arm-none-eabi/12.3.1/../../../../arm-none-eabi/lib/thumb/v7e-m/nofp\libm.a(libm_a-k_rem_pio2.o) (floor)
C:/RMdiankong/STM32CubeCLT/STM32CubeCLT_1.16.0/GNU-tools-for-STM32/bin/../lib/gcc/arm-none-eabi/12.3.1/thumb/v7e-m/nofp\libgcc.a(_arm_muldf3.o)
                              CMakeFiles/competition_test.elf.dir/Core/Src/IMU.cpp.obj (__aeabi_dmul)
C:/RMdiankong/STM32CubeCLT/STM32CubeCLT_1.16.0/GNU-tools-for-STM32/bin/../lib/gcc/arm-none-eabi/12.3.1/thumb/v7e-m/nofp\libgcc.a(_arm_mulsf3.o)
                              CMakeFiles/competition_test.elf.dir/Core/Src/IMU.cpp.obj (__aeabi_fmul)
C:/RMdiankong/STM32CubeCLT/STM32CubeCLT_1.16.0/GNU-tools-for-STM32/bin/../lib/gcc/arm-none-eabi/12.3.1/thumb/v7e-m/nofp\libgcc.a(_arm_addsubdf3.o)
[...]
Memory Configuration

Name             Origin             Length             Attributes
CCMRAM           0x10000000         0x00010000         xrw
RAM              0x20000000         0x00020000         xrw
FLASH            0x08000000         0x00100000         xr
*default*        0x00000000         0xffffffff

Linker script and memory map

LOAD C:/RMdiankong/STM32CubeCLT/STM32CubeCLT_1.16.0/GNU-tools-for-STM32/bin/../lib/gcc/arm-none-eabi/12.3.1/thumb/v7e-m/nofp/crti.o
LOAD C:/RMdiankong/STM32CubeCLT/STM32CubeCLT_1.16.0/GNU-tools-for-STM32/bin/../lib/gcc/arm-none-eabi/12.3.1/thumb/v7e-m/nofp/crtbegin.o
LOAD C:/RMdiankong/STM32CubeCLT/STM32CubeCLT_1.16.0/GNU-tools-for-STM32/bin/../lib/gcc/arm-none-eabi/12.3.1/../../../../arm-none-eabi/lib/thumb/v7e-m/nofp/crt0.o
LOAD CMakeFiles/competition_test.elf.dir/Core/Src/IMU.cpp.obj
LOAD CMakeFiles/competition_test.elf.dir/Core/Src/Motor.cpp.obj
LOAD CMakeFiles/competition_test.elf.dir/Core/Src/PID.cpp.obj
LOAD CMakeFiles/competition_test.elf.dir/Core/Src/callback.cpp.obj
LOAD CMakeFiles/competition_test.elf.dir/Core/Src/can.c.obj
LOAD CMakeFiles/competition_test.elf.dir/Core/Src/gpio.c.obj
LOAD CMakeFiles/competition_test.elf.dir/Core/Src/iwdg.c.obj
LOAD CMakeFiles/competition_test.elf.dir/Core/Src/main.c.obj
LOAD CMakeFiles/competition_test.elf.dir/Core/Src/spi.c.obj
LOAD CMakeFiles/competition_test.elf.dir/Core/Src/stm32f4xx_hal_msp.c.obj
LOAD CMakeFiles/competition_test.elf.dir/Core/Src/stm32f4xx_it.c.obj
LOAD CMakeFiles/competition_test.elf.dir/Core/Src/syscalls.c.obj
LOAD CMakeFiles/competition_test.elf.dir/Core/Src/sysmem.c.obj
LOAD CMakeFiles/competition_test.elf.dir/Core/Src/system_stm32f4xx.c.obj
LOAD CMakeFiles/competition_test.elf.dir/Core/Src/tim.c.obj
LOAD CMakeFiles/competition_test.elf.dir/Core/Startup/startup_stm32f407ighx.s.obj
LOAD CMakeFiles/competition_test.elf.dir/Drivers/STM32F4xx_HAL_Driver/Src/stm32f4xx_hal.c.obj
LOAD CMakeFiles/competition_test.elf.dir/Drivers/STM32F4xx_HAL_Driver/Src/stm32f4xx_hal_can.c.obj
LOAD CMakeFiles/competition_test.elf.dir/Drivers/STM32F4xx_HAL_Driver/Src/stm32f4xx_hal_cortex.c.obj
LOAD CMakeFiles/competition_test.elf.dir/Drivers/STM32F4xx_HAL_Driver/Src/stm32f4xx_hal_dma.c.obj
LOAD CMakeFiles/competition_test.elf.dir/Drivers/STM32F4xx_HAL_Driver/Src/stm32f4xx_hal_dma_ex.c.obj
LOAD CMakeFiles/competition_test.elf.dir/Drivers/STM32F4xx_HAL_Driver/Src/stm32f4xx_hal_exti.c.obj
LOAD CMakeFiles/competition_test.elf.dir/Drivers/STM32F4xx_HAL_Driver/Src/stm32f4xx_hal_flash.c.obj
LOAD CMakeFiles/competition_test.elf.dir/Drivers/STM32F4xx_HAL_Driver/Src/stm32f4xx_hal_flash_ex.c.obj
LOAD CMakeFiles/competition_test.elf.dir/Drivers/STM32F4xx_HAL_Driver/Src/stm32f4xx_hal_flash_ramfunc.c.obj
LOAD CMakeFiles/competition_test.elf.dir/Drivers/STM32F4xx_HAL_Driver/Src/stm32f4xx_hal_gpio.c.obj
LOAD CMakeFiles/competition_test.elf.dir/Drivers/STM32F4xx_HAL_Driver/Src/stm32f4xx_hal_iwdg.c.obj
LOAD CMakeFiles/competition_test.elf.dir/Drivers/STM32F4xx_HAL_Driver/Src/stm32f4xx_hal_pwr.c.obj
LOAD CMakeFiles/competition_test.elf.dir/Drivers/STM32F4xx_HAL_Driver/Src/stm32f4xx_hal_pwr_ex.c.obj
LOAD CMakeFiles/competition_test.elf.dir/Drivers/STM32F4xx_HAL_Driver/Src/stm32f4xx_hal_rcc.c.obj
LOAD CMakeFiles/competition_test.elf.dir/Drivers/STM32F4xx_HAL_Driver/Src/stm32f4xx_hal_rcc_ex.c.obj
LOAD CMakeFiles/competition_test.elf.dir/Drivers/STM32F4xx_HAL_Driver/Src/stm32f4xx_hal_spi.c.obj
LOAD CMakeFiles/competition_test.elf.dir/Drivers/STM32F4xx_HAL_Driver/Src/stm32f4xx_hal_tim.c.obj
LOAD CMakeFiles/competition_test.elf.dir/Drivers/STM32F4xx_HAL_Driver/Src/stm32f4xx_hal_tim_ex.c.obj
LOAD C:/RMdiankong/STM32CubeCLT/STM32CubeCLT_1.16.0/GNU-tools-for-STM32/bin/../lib/gcc/arm-none-eabi/12.3.1/../../../../arm-none-eabi/lib/thumb/v7e-m/nofp\libstdc++.a
LOAD C:/RMdiankong/STM32CubeCLT/STM32CubeCLT_1.16.0/GNU-tools-for-STM32/bin/../lib/gcc/arm-none-eabi/12.3.1/../../../../arm-none-eabi/lib/thumb/v7e-m/nofp\libm.a
START GROUP
LOAD C:/RMdiankong/STM32CubeCLT/STM32CubeCLT_1.16.0/GNU-tools-for-STM32/bin/../lib/gcc/arm-none-eabi/12.3.1/thumb/v7e-m/nofp\libgcc.a
LOAD C:/RMdiankong/STM32CubeCLT/STM32CubeCLT_1.16.0/GNU-tools-for-STM32/bin/../lib/gcc/arm-none-eabi/12.3.1/../../../../arm-none-eabi/lib/thumb/v7e-m/nofp\libg.a
LOAD C:/RMdiankong/STM32CubeCLT/STM32CubeCLT_1.16.0/GNU-tools-for-STM32/bin/../lib/gcc/arm-none-eabi/12.3.1/../../../../arm-none-eabi/lib/thumb/v7e-m/nofp\libc.a
END GROUP
LOAD C:/RMdiankong/STM32CubeCLT/STM32CubeCLT_1.16.0/GNU-tools-for-STM32/bin/../lib/gcc/arm-none-eabi/12.3.1/thumb/v7e-m/nofp/crtend.o
LOAD C:/RMdiankong/STM32CubeCLT/STM32CubeCLT_1.16.0/GNU-tools-for-STM32/bin/../lib/gcc/arm-none-eabi/12.3.1/thumb/v7e-m/nofp/crtn.o
                0x20020000                        _estack = (ORIGIN (RAM) + LENGTH (RAM))
                0x00000200                        _Min_Heap_Size = 0x200
                0x00000400                        _Min_Stack_Size = 0x400

.isr_vector     0x08000000      0x188
                0x08000000                        . = ALIGN (0x4)
 *(.isr_vector)
 .isr_vector    0x08000000      0x188 CMakeFiles/competition_test.elf.dir/Core/Startup/startup_stm32f407ighx.s.obj
                0x08000000                g_pfnVectors
                0x08000188                        . = ALIGN (0x4)

.text           0x08000188     0x666c
                0x08000188                        . = ALIGN (0x4)
 *(.text)
 .text          0x08000188       0x40 C:/RMdiankong/STM32CubeCLT/STM32CubeCLT_1.16.0/GNU-tools-for-STM32/bin/../lib/gcc/arm-none-eabi/12.3.1/thumb/v7e-m/nofp/crtbegin.o
 .text          0x080001c8      0x378 C:/RMdiankong/STM32CubeCLT/STM32CubeCLT_1.16.0/GNU-tools-for-STM32/bin/../lib/gcc/arm-none-eabi/12.3.1/thumb/v7e-m/nofp\libgcc.a(_arm_addsubdf3.o)
                0x080001c8                __aeabi_drsub
                0x080001d0                __aeabi_dsub
                0x080001d0                __subdf3
                0x080001d4                __aeabi_dadd
                0x080001d4                __adddf3
                0x0800044c                __floatunsidf
                0x0800044c                __aeabi_ui2d
                0x0800046c                __floatsidf
                0x0800046c                __aeabi_i2d
                0x08000490                __aeabi_f2d
                0x08000490                __extendsfdf2
                0x080004d4                __floatundidf
                0x080004d4                __aeabi_ul2d
                0x080004e4                __floatdidf
                0x080004e4                __aeabi_l2d
 .text          0x08000540      0x424 C:/RMdiankong/STM32CubeCLT/STM32CubeCLT_1.16.0/GNU-tools-for-STM32/bin/../lib/gcc/arm-none-eabi/12.3.1/thumb/v7e-m/nofp\libgcc.a(_arm_muldivdf3.o)
                0x08000540                __aeabi_dmul
                0x08000540                __muldf3
                0x08000794                __divdf3
                0x08000794                __aeabi_ddiv
 .text          0x08000964      0x110 C:/RMdiankong/STM32CubeCLT/STM32CubeCLT_1.16.0/GNU-tools-for-STM32/bin/../lib/gcc/arm-none-eabi/12.3.1/thumb/v7e-m/nofp\libgcc.a(_arm_cmpdf2.o)
                0x08000964                __gtdf2
                0x08000964                __gedf2
                0x0800096c                __ltdf2
                0x0800096c                __ledf2
                0x08000974                __nedf2
                0x08000974                __eqdf2
                0x08000974                __cmpdf2
                0x080009f0                __aeabi_cdrcmple
                0x08000a00                __aeabi_cdcmpeq
                0x08000a00                __aeabi_cdcmple
                0x08000a10                __aeabi_dcmpeq
                0x08000a24                __aeabi_dcmplt
                0x08000a38                __aeabi_dcmple
                0x08000a4c                __aeabi_dcmpge
                0x08000a60                __aeabi_dcmpgt
 .text          0x08000a74       0x2c C:/RMdiankong/STM32CubeCLT/STM32CubeCLT_1.16.0/GNU-tools-for-STM32/bin/../lib/gcc/arm-none-eabi/12.3.1/thumb/v7e-m/nofp\libgcc.a(_arm_unorddf2.o)
                0x08000a74                __unorddf2
                0x08000a74                __aeabi_dcmpun
 .text          0x08000aa0       0x50 C:/RMdiankong/STM32CubeCLT/STM32CubeCLT_1.16.0/GNU-tools-for-STM32/bin/../lib/gcc/arm-none-eabi/12.3.1/thumb/v7e-m/nofp\libgcc.a(_arm_fixdfsi.o)
                0x08000aa0                __aeabi_d2iz
                0x08000aa0                __fixdfsi
 .text          0x08000af0       0xa0 C:/RMdiankong/STM32CubeCLT/STM32CubeCLT_1.16.0/GNU-tools-for-STM32/bin/../lib/gcc/arm-none-eabi/12.3.1/thumb/v7e-m/nofp\libgcc.a(_arm_truncdfsf2.o)
                0x08000af0                __truncdfsf2
                0x08000af0                __aeabi_d2f
 .text          0x08000b90      0x21c C:/RMdiankong/STM32CubeCLT/STM32CubeCLT_1.16.0/GNU-tools-for-STM32/bin/../lib/gcc/arm-none-eabi/12.3.1/thumb/v7e-m/nofp\libgcc.a(_arm_addsubsf3.o)
                0x08000b90                __aeabi_frsub
                0x08000b98                __subsf3
                0x08000b98                __aeabi_fsub
                0x08000b9c                __aeabi_fadd
                0x08000b9c                __addsf3
                0x08000cfc                __aeabi_ui2f
                0x08000cfc                __floatunsisf
                0x08000d04                __aeabi_i2f
                0x08000d04                __floatsisf
                0x08000d20                __aeabi_ul2f
                0x08000d20                __floatundisf
                0x08000d30                __aeabi_l2f
                0x08000d30                __floatdisf
 .text          0x08000dac      0x2a0 C:/RMdiankong/STM32CubeCLT/STM32CubeCLT_1.16.0/GNU-tools-for-STM32/bin/../lib/gcc/arm-none-eabi/12.3.1/thumb/v7e-m/nofp\libgcc.a(_arm_muldivsf3.o)
                0x08000dac                __mulsf3
                0x08000dac                __aeabi_fmul
                0x08000f14                __aeabi_fdiv
                0x08000f14                __divsf3
 .text          0x0800104c       0xec C:/RMdiankong/STM32CubeCLT/STM32CubeCLT_1.16.0/GNU-tools-for-STM32/bin/../lib/gcc/arm-none-eabi/12.3.1/thumb/v7e-m/nofp\libgcc.a(_arm_cmpsf2.o)
                0x0800104c                __gesf2
                0x0800104c                __gtsf2
                0x08001054                __lesf2
                0x08001054                __ltsf2
                0x0800105c                __nesf2
                0x0800105c                __eqsf2
                0x0800105c                __cmpsf2
                0x080010bc                __aeabi_cfrcmple
                0x080010c4                __aeabi_cfcmpeq
                0x080010c4                __aeabi_cfcmple
                0x080010d4                __aeabi_fcmpeq
                0x080010e8                __aeabi_fcmplt
                0x080010fc                __aeabi_fcmple
                0x08001110                __aeabi_fcmpge
                0x08001124                __aeabi_fcmpgt
 .text          0x08001138       0x4c C:/RMdiankong/STM32CubeCLT/STM32CubeCLT_1.16.0/GNU-tools-for-STM32/bin/../lib/gcc/arm-none-eabi/12.3.1/thumb/v7e-m/nofp\libgcc.a(_arm_fixsfsi.o)
                0x08001138                __aeabi_f2iz
                0x08001138                __fixsfsi
 .text          0x08001184       0x40 C:/RMdiankong/STM32CubeCLT/STM32CubeCLT_1.16.0/GNU-tools-for-STM32/bin/../lib/gcc/arm-none-eabi/12.3.1/thumb/v7e-m/nofp\libgcc.a(_arm_fixunssfsi.o)
                0x08001184                __fixunssfsi
                0x08001184                __aeabi_f2uiz
 .text          0x080011c4       0x30 C:/RMdiankong/STM32CubeCLT/STM32CubeCLT_1.16.0/GNU-tools-for-STM32/bin/../lib/gcc/arm-none-eabi/12.3.1/thumb/v7e-m/nofp\libgcc.a(_aeabi_uldivmod.o)
                0x080011c4                __aeabi_uldivmod
 .text          0x080011f4      0x2bc C:/RMdiankong/STM32CubeCLT/STM32CubeCLT_1.16.0/GNU-tools-for-STM32/bin/../lib/gcc/arm-none-eabi/12.3.1/thumb/v7e-m/nofp\libgcc.a(_udivmoddi4.o)
                0x080011f4                __udivmoddi4
 .text          0x080014b0      0x9f4 C:/RMdiankong/STM32CubeCLT/STM32CubeCLT_1.16.0/GNU-tools-for-STM32/bin/../lib/gcc/arm-none-eabi/12.3.1/thumb/v7e-m/nofp\libgcc.a(unwind-arm.o)
                0x08001760                _Unwind_GetCFA
                0x08001764                __gnu_Unwind_RaiseException
                0x080017cc                __gnu_Unwind_ForcedUnwind
                0x080017dc                __gnu_Unwind_Resume
                0x08001820                __gnu_Unwind_Resume_or_Rethrow
                0x08001830                _Unwind_Complete
                0x08001834                _Unwind_DeleteException
                0x08001840                _Unwind_VRS_Get
                0x0800188c                _Unwind_VRS_Set
                0x080018d4                __gnu_Unwind_Backtrace
                0x08001bf0                __aeabi_unwind_cpp_pr0
                0x08001bf4                __aeabi_unwind_cpp_pr1
                0x08001bf8                __aeabi_unwind_cpp_pr2
                0x08001bfc                _Unwind_VRS_Pop
 .text          0x08001ea4      0x1ac C:/RMdiankong/STM32CubeCLT/STM32CubeCLT_1.16.0/GNU-tools-for-STM32/bin/../lib/gcc/arm-none-eabi/12.3.1/thumb/v7e-m/nofp\libgcc.a(libunwind.o)
                0x08001ea4                __restore_core_regs
                0x08001ea4                restore_core_regs
                0x08001ebc                __gnu_Unwind_Restore_VFP
                0x08001ec4                __gnu_Unwind_Save_VFP
                0x08001ecc                __gnu_Unwind_Restore_VFP_D
                0x08001ed4                __gnu_Unwind_Save_VFP_D
                0x08001edc                __gnu_Unwind_Restore_VFP_D_16_to_31
                0x08001ee4                __gnu_Unwind_Save_VFP_D_16_to_31
                0x08001eec                __gnu_Unwind_Restore_WMMXD
                0x08001f30                __gnu_Unwind_Save_WMMXD
                0x08001f74                __gnu_Unwind_Restore_WMMXC
                0x08001f88                __gnu_Unwind_Save_WMMXC
                0x08001f9c                ___Unwind_RaiseException
                0x08001f9c                _Unwind_RaiseException
                0x08001fc0                _Unwind_Resume
                0x08001fc0                ___Unwind_Resume
                0x08001fe4                _Unwind_Resume_or_Rethrow
                0x08001fe4                ___Unwind_Resume_or_Rethrow
                0x08002008                _Unwind_ForcedUnwind
                0x08002008                ___Unwind_ForcedUnwind
                0x0800202c                ___Unwind_Backtrace
                0x0800202c                _Unwind_Backtrace
 .text          0x08002050      0x378 C:/RMdiankong/STM32CubeCLT/STM32CubeCLT_1.16.0/GNU-tools-for-STM32/bin/../lib/gcc/arm-none-eabi/12.3.1/thumb/v7e-m/nofp\libgcc.a(pr-support.o)
                0x080020a8                __gnu_unwind_execute
                0x0800237c                __gnu_unwind_frame
                0x080023a8                _Unwind_GetRegionStart
                0x080023b4                _Unwind_GetLanguageSpecificData
 .text          0x080023c8        0x4 C:/RMdiankong/STM32CubeCLT/STM32CubeCLT_1.16.0/GNU-tools-for-STM32/bin/../lib/gcc/arm-none-eabi/12.3.1/thumb/v7e-m/nofp\libgcc.a(_dvmd_tls.o)
                0x080023c8                __aeabi_idiv0
                0x080023c8                __aeabi_ldiv0
 *(.text*)
 .text._ZN3IMUC2Ev
                0x080023cc       0x14 CMakeFiles/competition_test.elf.dir/Core/Src/IMU.cpp.obj
                0x080023cc                IMU::IMU()
                0x080023cc                IMU::IMU()
 .text._Z41__static_initialization_and_destruction_0ii
                0x080023e0       0x20 CMakeFiles/competition_test.elf.dir/Core/Src/IMU.cpp.obj
 .text._ZN3IMU17BMI088_ACCEL_NS_LEv
                0x08002400       0x14 CMakeFiles/competition_test.elf.dir/Core/Src/IMU.cpp.obj
                0x08002400                IMU::BMI088_ACCEL_NS_L()
 .text._ZN3IMU17BMI088_ACCEL_NS_HEv
                0x08002414       0x14 CMakeFiles/competition_test.elf.dir/Core/Src/IMU.cpp.obj
                0x08002414                IMU::BMI088_ACCEL_NS_H()
 .text._ZN3IMU16BMI088_GYRO_NS_LEv
                0x08002428       0x14 CMakeFiles/competition_test.elf.dir/Core/Src/IMU.cpp.obj
                0x08002428                IMU::BMI088_GYRO_NS_L()
 .text._ZN3IMU16BMI088_GYRO_NS_HEv
                0x0800243c       0x14 CMakeFiles/competition_test.elf.dir/Core/Src/IMU.cpp.obj
                0x0800243c                IMU::BMI088_GYRO_NS_H()
 .text._ZN3IMU20BMI088_ReadReg_ACCELEv
                0x08002450       0x40 CMakeFiles/competition_test.elf.dir/Core/Src/IMU.cpp.obj
                0x08002450                IMU::BMI088_ReadReg_ACCEL()
 .text._ZN3IMU19BMI088_ReadReg_GYROEv
                0x08002490       0x40 CMakeFiles/competition_test.elf.dir/Core/Src/IMU.cpp.obj
                0x08002490                IMU::BMI088_ReadReg_GYRO()
 .text._ZN3IMU9get_accelEv
                0x080024d0       0x8c CMakeFiles/competition_test.elf.dir/Core/Src/IMU.cpp.obj
                0x080024d0                IMU::get_accel()
 .text._ZN3IMU8get_gyroEv
                0x0800255c       0x94 CMakeFiles/competition_test.elf.dir/Core/Src/IMU.cpp.obj
                0x0800255c                IMU::get_gyro()
 .text._ZN3IMU9calculateEv
                0x080025f0      0x244 CMakeFiles/competition_test.elf.dir/Core/Src/IMU.cpp.obj
                0x080025f0                IMU::calculate()
 .text._GLOBAL__sub_I__ZN3IMUC2Ev
                0x08002834        0xe CMakeFiles/competition_test.elf.dir/Core/Src/IMU.cpp.obj
 .text._Z13linearMappingfffff
                0x08002842       0x34 CMakeFiles/competition_test.elf.dir/Core/Src/Motor.cpp.obj
                0x08002842                linearMapping(float, float, float, float, float)
 .text._ZN5MotorC2Eif
                0x08002876       0x54 CMakeFiles/competition_test.elf.dir/Core/Src/Motor.cpp.obj
                0x08002876                Motor::Motor(int, float)
                0x08002876                Motor::Motor(int, float)
 *fill*         0x080028ca        0x2 
 .text._ZN5Motor11get_messageEv
                0x080028cc      0x130 CMakeFiles/competition_test.elf.dir/Core/Src/Motor.cpp.obj
                0x080028cc                Motor::get_message()
 .text._ZN5Motor16angle_regulationEf
                0x080029fc       0x20 CMakeFiles/competition_test.elf.dir/Core/Src/Motor.cpp.obj
                0x080029fc                Motor::angle_regulation(float)
 .text._ZN3PIDC2Efffff
                0x08002a1c       0x10 CMakeFiles/competition_test.elf.dir/Core/Src/PID.cpp.obj
                0x08002a1c                PID::PID(float, float, float, float, float)
                0x08002a1c                PID::PID(float, float, float, float, float)
 .text._ZN3PID9calculateEff
                0x08002a2c       0xa2 CMakeFiles/competition_test.elf.dir/Core/Src/PID.cpp.obj
                0x08002a2c                PID::calculate(float, float)
 *fill*         0x08002ace        0x2 
 .text._Z41__static_initialization_and_destruction_0ii
                0x08002ad0       0x34 CMakeFiles/competition_test.elf.dir/Core/Src/callback.cpp.obj
 .text.HAL_TIM_PeriodElapsedCallback
                0x08002b04      0x108 CMakeFiles/competition_test.elf.dir/Core/Src/callback.cpp.obj
                0x08002b04                HAL_TIM_PeriodElapsedCallback
 .text.HAL_CAN_RxFifo0MsgPendingCallback
                0x08002c0c       0x28 CMakeFiles/competition_test.elf.dir/Core/Src/callback.cpp.obj
                0x08002c0c                HAL_CAN_RxFifo0MsgPendingCallback
 .text._GLOBAL__sub_I_TxMAilBox
                0x08002c34        0xe CMakeFiles/competition_test.elf.dir/Core/Src/callback.cpp.obj
 *fill*         0x08002c42        0x2 
 .text.MX_CAN1_Init
                0x08002c44       0x40 CMakeFiles/competition_test.elf.dir/Core/Src/can.c.obj
                0x08002c44                MX_CAN1_Init
 .text.HAL_CAN_MspInit
                0x08002c84       0x8c CMakeFiles/competition_test.elf.dir/Core/Src/can.c.obj
                0x08002c84                HAL_CAN_MspInit
 .text.MX_GPIO_Init
                0x08002d10       0xdc CMakeFiles/competition_test.elf.dir/Core/Src/gpio.c.obj
                0x08002d10                MX_GPIO_Init
 .text.MX_IWDG_Init
                0x08002dec       0x28 CMakeFiles/competition_test.elf.dir/Core/Src/iwdg.c.obj
                0x08002dec                MX_IWDG_Init
 .text.Error_Handler
                0x08002e14        0x4 CMakeFiles/competition_test.elf.dir/Core/Src/main.c.obj
                0x08002e14                Error_Handler
 .text.SystemClock_Config
                0x08002e18       0xac CMakeFiles/competition_test.elf.dir/Core/Src/main.c.obj
                0x08002e18                SystemClock_Config
 .text.main     0x08002ec4       0x64 CMakeFiles/competition_test.elf.dir/Core/Src/main.c.obj
                0x08002ec4                main
 .text.MX_SPI1_Init
                0x08002f28       0x48 CMakeFiles/competition_test.elf.dir/Core/Src/spi.c.obj
                0x08002f28                MX_SPI1_Init
 .text.HAL_SPI_MspInit
                0x08002f70       0xa8 CMakeFiles/competition_test.elf.dir/Core/Src/spi.c.obj
                0x08002f70                HAL_SPI_MspInit
 .text.HAL_MspInit
                0x08003018       0x38 CMakeFiles/competition_test.elf.dir/Core/Src/stm32f4xx_hal_msp.c.obj
                0x08003018                HAL_MspInit
 .text.NMI_Handler
                0x08003050        0x2 CMakeFiles/competition_test.elf.dir/Core/Src/stm32f4xx_it.c.obj
                0x08003050                NMI_Handler
 .text.HardFault_Handler
                0x08003052        0x2 CMakeFiles/competition_test.elf.dir/Core/Src/stm32f4xx_it.c.obj
                0x08003052                HardFault_Handler
 .text.MemManage_Handler
                0x08003054        0x2 CMakeFiles/competition_test.elf.dir/Core/Src/stm32f4xx_it.c.obj
                0x08003054                MemManage_Handler
 .text.BusFault_Handler
                0x08003056        0x2 CMakeFiles/competition_test.elf.dir/Core/Src/stm32f4xx_it.c.obj
                0x08003056                BusFault_Handler
 .text.UsageFault_Handler
                0x08003058        0x2 CMakeFiles/competition_test.elf.dir/Core/Src/stm32f4xx_it.c.obj
                0x08003058                UsageFault_Handler
 .text.SVC_Handler
                0x0800305a        0x2 CMakeFiles/competition_test.elf.dir/Core/Src/stm32f4xx_it.c.obj
                0x0800305a                SVC_Handler
 .text.DebugMon_Handler
                0x0800305c        0x2 CMakeFiles/competition_test.elf.dir/Core/Src/stm32f4xx_it.c.obj
                0x0800305c                DebugMon_Handler
 .text.PendSV_Handler
                0x0800305e        0x2 CMakeFiles/competition_test.elf.dir/Core/Src/stm32f4xx_it.c.obj
                0x0800305e                PendSV_Handler
 .text.SysTick_Handler
                0x08003060        0x8 CMakeFiles/competition_test.elf.dir/Core/Src/stm32f4xx_it.c.obj
                0x08003060                SysTick_Handler
 .text.CAN1_TX_IRQHandler
                0x08003068       0x10 CMakeFiles/competition_test.elf.dir/Core/Src/stm32f4xx_it.c.obj
                0x08003068                CAN1_TX_IRQHandler
 .text.CAN1_RX0_IRQHandler
                0x08003078       0x10 CMakeFiles/competition_test.elf.dir/Core/Src/stm32f4xx_it.c.obj
                0x08003078                CAN1_RX0_IRQHandler
 .text.SPI1_IRQHandler
                0x08003088       0x10 CMakeFiles/competition_test.elf.dir/Core/Src/stm32f4xx_it.c.obj
                0x08003088                SPI1_IRQHandler
 .text.TIM6_DAC_IRQHandler
                0x08003098       0x10 CMakeFiles/competition_test.elf.dir/Core/Src/stm32f4xx_it.c.obj
                0x08003098                TIM6_DAC_IRQHandler
 .text._getpid  0x080030a8        0x4 CMakeFiles/competition_test.elf.dir/Core/Src/syscalls.c.obj
                0x080030a8                _getpid
 .text._kill    0x080030ac       0x10 CMakeFiles/competition_test.elf.dir/Core/Src/syscalls.c.obj
                0x080030ac                _kill
 .text._exit    0x080030bc        0xc CMakeFiles/competition_test.elf.dir/Core/Src/syscalls.c.obj
                0x080030bc                _exit
 .text.SystemInit
                0x080030c8        0x2 CMakeFiles/competition_test.elf.dir/Core/Src/system_stm32f4xx.c.obj
                0x080030c8                SystemInit
 *fill*         0x080030ca        0x2 
 .text.MX_TIM6_Init
                0x080030cc       0x50 CMakeFiles/competition_test.elf.dir/Core/Src/tim.c.obj
                0x080030cc                MX_TIM6_Init
 .text.HAL_TIM_Base_MspInit
                0x0800311c       0x40 CMakeFiles/competition_test.elf.dir/Core/Src/tim.c.obj
                0x0800311c                HAL_TIM_Base_MspInit
 .text.Reset_Handler
                0x0800315c       0x50 CMakeFiles/competition_test.elf.dir/Core/Startup/startup_stm32f407ighx.s.obj
                0x0800315c                Reset_Handler
 .text.Default_Handler
                0x080031ac        0x2 CMakeFiles/competition_test.elf.dir/Core/Startup/startup_stm32f407ighx.s.obj
                0x080031ac                RTC_Alarm_IRQHandler
                0x080031ac                HASH_RNG_IRQHandler
                0x080031ac                EXTI2_IRQHandler
                0x080031ac                TIM8_CC_IRQHandler
                0x080031ac                TIM1_CC_IRQHandler
                0x080031ac                DMA2_Stream5_IRQHandler
                0x080031ac                DMA1_Stream5_IRQHandler
                0x080031ac                PVD_IRQHandler
                0x080031ac                SDIO_IRQHandler
                0x080031ac                TAMP_STAMP_IRQHandler
                0x080031ac                CAN2_RX1_IRQHandler
                0x080031ac                EXTI3_IRQHandler
                0x080031ac                TIM8_TRG_COM_TIM14_IRQHandler
                0x080031ac                TIM1_UP_TIM10_IRQHandler
                0x080031ac                TIM8_UP_TIM13_IRQHandler
                0x080031ac                I2C3_ER_IRQHandler
                0x080031ac                EXTI0_IRQHandler
                0x080031ac                I2C2_EV_IRQHandler
                0x080031ac                DMA1_Stream2_IRQHandler
                0x080031ac                FPU_IRQHandler
                0x080031ac                OTG_HS_WKUP_IRQHandler
                0x080031ac                CAN2_SCE_IRQHandler
                0x080031ac                DMA2_Stream2_IRQHandler
                0x080031ac                TIM1_BRK_TIM9_IRQHandler
                0x080031ac                DCMI_IRQHandler
                0x080031ac                CAN2_RX0_IRQHandler
                0x080031ac                DMA2_Stream3_IRQHandler
                0x080031ac                USART6_IRQHandler
                0x080031ac                USART3_IRQHandler
                0x080031ac                CAN1_RX1_IRQHandler
                0x080031ac                UART5_IRQHandler
                0x080031ac                DMA2_Stream0_IRQHandler
                0x080031ac                TIM4_IRQHandler
                0x080031ac                I2C1_EV_IRQHandler
                0x080031ac                DMA1_Stream6_IRQHandler
                0x080031ac                DMA1_Stream1_IRQHandler
                0x080031ac                UART4_IRQHandler
                0x080031ac                TIM3_IRQHandler
                0x080031ac                RCC_IRQHandler
                0x080031ac                TIM8_BRK_TIM12_IRQHandler
                0x080031ac                Default_Handler
                0x080031ac                EXTI15_10_IRQHandler
                0x080031ac                ADC_IRQHandler
                0x080031ac                DMA1_Stream7_IRQHandler
                0x080031ac                TIM7_IRQHandler
                0x080031ac                CAN2_TX_IRQHandler
                0x080031ac                TIM5_IRQHandler
                0x080031ac                DMA2_Stream7_IRQHandler
                0x080031ac                I2C3_EV_IRQHandler
                0x080031ac                EXTI9_5_IRQHandler
                0x080031ac                RTC_WKUP_IRQHandler
                0x080031ac                ETH_WKUP_IRQHandler
                0x080031ac                SPI2_IRQHandler
                0x080031ac                OTG_HS_EP1_IN_IRQHandler
                0x080031ac                DMA1_Stream0_IRQHandler
                0x080031ac                EXTI4_IRQHandler
                0x080031ac                FSMC_IRQHandler
                0x080031ac                ETH_IRQHandler
                0x080031ac                OTG_HS_EP1_OUT_IRQHandler
                0x080031ac                WWDG_IRQHandler
                0x080031ac                TIM2_IRQHandler
                0x080031ac                OTG_FS_WKUP_IRQHandler
                0x080031ac                TIM1_TRG_COM_TIM11_IRQHandler
                0x080031ac                OTG_HS_IRQHandler
                0x080031ac                EXTI1_IRQHandler
                0x080031ac                USART2_IRQHandler
                0x080031ac                I2C2_ER_IRQHandler
                0x080031ac                DMA2_Stream1_IRQHandler
                0x080031ac                CAN1_SCE_IRQHandler
                0x080031ac                FLASH_IRQHandler
                0x080031ac                DMA2_Stream4_IRQHandler
                0x080031ac                USART1_IRQHandler
                0x080031ac                OTG_FS_IRQHandler
                0x080031ac                SPI3_IRQHandler
                0x080031ac                DMA1_Stream4_IRQHandler
                0x080031ac                I2C1_ER_IRQHandler
                0x080031ac                DMA2_Stream6_IRQHandler
                0x080031ac                DMA1_Stream3_IRQHandler
 *fill*         0x080031ae        0x2 
 .text.HAL_InitTick
                0x080031b0       0x4c CMakeFiles/competition_test.elf.dir/Drivers/STM32F4xx_HAL_Driver/Src/stm32f4xx_hal.c.obj
                0x080031b0                HAL_InitTick
 .text.HAL_Init
                0x080031fc       0x34 CMakeFiles/competition_test.elf.dir/Drivers/STM32F4xx_HAL_Driver/Src/stm32f4xx_hal.c.obj
                0x080031fc                HAL_Init
 .text.HAL_IncTick
                0x08003230       0x18 CMakeFiles/competition_test.elf.dir/Drivers/STM32F4xx_HAL_Driver/Src/stm32f4xx_hal.c.obj
                0x08003230                HAL_IncTick
 .text.HAL_GetTick
                0x08003248        0xc CMakeFiles/competition_test.elf.dir/Drivers/STM32F4xx_HAL_Driver/Src/stm32f4xx_hal.c.obj
                0x08003248                HAL_GetTick
 .text.HAL_CAN_Init
                0x08003254      0x14c CMakeFiles/competition_test.elf.dir/Drivers/STM32F4xx_HAL_Driver/Src/stm32f4xx_hal_can.c.obj
                0x08003254                HAL_CAN_Init
 .text.HAL_CAN_ConfigFilter
                0x080033a0      0x13c CMakeFiles/competition_test.elf.dir/Drivers/STM32F4xx_HAL_Driver/Src/stm32f4xx_hal_can.c.obj
                0x080033a0                HAL_CAN_ConfigFilter
 .text.HAL_CAN_Start
                0x080034dc       0x5c CMakeFiles/competition_test.elf.dir/Drivers/STM32F4xx_HAL_Driver/Src/stm32f4xx_hal_can.c.obj
                0x080034dc                HAL_CAN_Start
 .text.HAL_CAN_AddTxMessage
                0x08003538       0xea CMakeFiles/competition_test.elf.dir/Drivers/STM32F4xx_HAL_Driver/Src/stm32f4xx_hal_can.c.obj
                0x08003538                HAL_CAN_AddTxMessage
 .text.HAL_CAN_GetRxMessage
                0x08003622      0x16a CMakeFiles/competition_test.elf.dir/Drivers/STM32F4xx_HAL_Driver/Src/stm32f4xx_hal_can.c.obj
                0x08003622                HAL_CAN_GetRxMessage
 .text.HAL_CAN_ActivateNotification
                0x0800378c       0x24 CMakeFiles/competition_test.elf.dir/Drivers/STM32F4xx_HAL_Driver/Src/stm32f4xx_hal_can.c.obj
                0x0800378c                HAL_CAN_ActivateNotification
 .text.HAL_CAN_TxMailbox0CompleteCallback
                0x080037b0        0x2 CMakeFiles/competition_test.elf.dir/Drivers/STM32F4xx_HAL_Driver/Src/stm32f4xx_hal_can.c.obj
                0x080037b0                HAL_CAN_TxMailbox0CompleteCallback
 .text.HAL_CAN_TxMailbox1CompleteCallback
                0x080037b2        0x2 CMakeFiles/competition_test.elf.dir/Drivers/STM32F4xx_HAL_Driver/Src/stm32f4xx_hal_can.c.obj
                0x080037b2                HAL_CAN_TxMailbox1CompleteCallback
 .text.HAL_CAN_TxMailbox2CompleteCallback
                0x080037b4        0x2 CMakeFiles/competition_test.elf.dir/Drivers/STM32F4xx_HAL_Driver/Src/stm32f4xx_hal_can.c.obj
                0x080037b4                HAL_CAN_TxMailbox2CompleteCallback
 .text.HAL_CAN_TxMailbox0AbortCallback
                0x080037b6        0x2 CMakeFiles/competition_test.elf.dir/Drivers/STM32F4xx_HAL_Driver/Src/stm32f4xx_hal_can.c.obj
                0x080037b6                HAL_CAN_TxMailbox0AbortCallback
 .text.HAL_CAN_TxMailbox1AbortCallback
                0x080037b8        0x2 CMakeFiles/competition_test.elf.dir/Drivers/STM32F4xx_HAL_Driver/Src/stm32f4xx_hal_can.c.obj
                0x080037b8                HAL_CAN_TxMailbox1AbortCallback
 .text.HAL_CAN_TxMailbox2AbortCallback
                0x080037ba        0x2 CMakeFiles/competition_test.elf.dir/Drivers/STM32F4xx_HAL_Driver/Src/stm32f4xx_hal_can.c.obj
                0x080037ba                HAL_CAN_TxMailbox2AbortCallback
 .text.HAL_CAN_RxFifo0FullCallback
                0x080037bc        0x2 CMakeFiles/competition_test.elf.dir/Drivers/STM32F4xx_HAL_Driver/Src/stm32f4xx_hal_can.c.obj
                0x080037bc                HAL_CAN_RxFifo0FullCallback
 .text.HAL_CAN_RxFifo1MsgPendingCallback
                0x080037be        0x2 CMakeFiles/competition_test.elf.dir/Drivers/STM32F4xx_HAL_Driver/Src/stm32f4xx_hal_can.c.obj
                0x080037be                HAL_CAN_RxFifo1MsgPendingCallback
 .text.HAL_CAN_RxFifo1FullCallback
                0x080037c0        0x2 CMakeFiles/competition_test.elf.dir/Drivers/STM32F4xx_HAL_Driver/Src/stm32f4xx_hal_can.c.obj
                0x080037c0                HAL_CAN_RxFifo1FullCallback
 .text.HAL_CAN_SleepCallback
                0x080037c2        0x2 CMakeFiles/competition_test.elf.dir/Drivers/STM32F4xx_HAL_Driver/Src/stm32f4xx_hal_can.c.obj
                0x080037c2                HAL_CAN_SleepCallback
 .text.HAL_CAN_WakeUpFromRxMsgCallback
                0x080037c4        0x2 CMakeFiles/competition_test.elf.dir/Drivers/STM32F4xx_HAL_Driver/Src/stm32f4xx_hal_can.c.obj
                0x080037c4                HAL_CAN_WakeUpFromRxMsgCallback
 .text.HAL_CAN_ErrorCallback
                0x080037c6        0x2 CMakeFiles/competition_test.elf.dir/Drivers/STM32F4xx_HAL_Driver/Src/stm32f4xx_hal_can.c.obj
                0x080037c6                HAL_CAN_ErrorCallback
 .text.HAL_CAN_IRQHandler
                0x080037c8      0x24a CMakeFiles/competition_test.elf.dir/Drivers/STM32F4xx_HAL_Driver/Src/stm32f4xx_hal_can.c.obj
                0x080037c8                HAL_CAN_IRQHandler
 *fill*         0x08003a12        0x2 
 .text.__NVIC_EnableIRQ
                0x08003a14       0x1c CMakeFiles/competition_test.elf.dir/Drivers/STM32F4xx_HAL_Driver/Src/stm32f4xx_hal_cortex.c.obj
 .text.__NVIC_SetPriority
                0x08003a30       0x28 CMakeFiles/competition_test.elf.dir/Drivers/STM32F4xx_HAL_Driver/Src/stm32f4xx_hal_cortex.c.obj
 .text.NVIC_EncodePriority
                0x08003a58       0x3e CMakeFiles/competition_test.elf.dir/Drivers/STM32F4xx_HAL_Driver/Src/stm32f4xx_hal_cortex.c.obj
 *fill*         0x08003a96        0x2 
 .text.HAL_NVIC_SetPriorityGrouping
                0x08003a98       0x24 CMakeFiles/competition_test.elf.dir/Drivers/STM32F4xx_HAL_Driver/Src/stm32f4xx_hal_cortex.c.obj
                0x08003a98                HAL_NVIC_SetPriorityGrouping
 .text.HAL_NVIC_SetPriority
                0x08003abc       0x20 CMakeFiles/competition_test.elf.dir/Drivers/STM32F4xx_HAL_Driver/Src/stm32f4xx_hal_cortex.c.obj
                0x08003abc                HAL_NVIC_SetPriority
 .text.HAL_NVIC_EnableIRQ
                0x08003adc        0x8 CMakeFiles/competition_test.elf.dir/Drivers/STM32F4xx_HAL_Driver/Src/stm32f4xx_hal_cortex.c.obj
                0x08003adc                HAL_NVIC_EnableIRQ
 .text.HAL_SYSTICK_Config
                0x08003ae4       0x28 CMakeFiles/competition_test.elf.dir/Drivers/STM32F4xx_HAL_Driver/Src/stm32f4xx_hal_cortex.c.obj
                0x08003ae4                HAL_SYSTICK_Config
 .text.HAL_DMA_Abort_IT
                0x08003b0c       0x26 CMakeFiles/competition_test.elf.dir/Drivers/STM32F4xx_HAL_Driver/Src/stm32f4xx_hal_dma.c.obj
                0x08003b0c                HAL_DMA_Abort_IT
 *fill*         0x08003b32        0x2 
 .text.HAL_GPIO_Init
                0x08003b34      0x1f4 CMakeFiles/competition_test.elf.dir/Drivers/STM32F4xx_HAL_Driver/Src/stm32f4xx_hal_gpio.c.obj
                0x08003b34                HAL_GPIO_Init
 .text.HAL_GPIO_WritePin
                0x08003d28        0xc CMakeFiles/competition_test.elf.dir/Drivers/STM32F4xx_HAL_Driver/Src/stm32f4xx_hal_gpio.c.obj
                0x08003d28                HAL_GPIO_WritePin
 .text.HAL_IWDG_Init
                0x08003d34       0x58 CMakeFiles/competition_test.elf.dir/Drivers/STM32F4xx_HAL_Driver/Src/stm32f4xx_hal_iwdg.c.obj
                0x08003d34                HAL_IWDG_Init
 .text.HAL_IWDG_Refresh
                0x08003d8c        0xc CMakeFiles/competition_test.elf.dir/Drivers/STM32F4xx_HAL_Driver/Src/stm32f4xx_hal_iwdg.c.obj
                0x08003d8c                HAL_IWDG_Refresh
 .text.HAL_RCC_OscConfig
                0x08003d98      0x3f8 CMakeFiles/competition_test.elf.dir/Drivers/STM32F4xx_HAL_Driver/Src/stm32f4xx_hal_rcc.c.obj
                0x08003d98                HAL_RCC_OscConfig
 .text.HAL_RCC_GetSysClockFreq
                0x08004190       0xa8 CMakeFiles/competition_test.elf.dir/Drivers/STM32F4xx_HAL_Driver/Src/stm32f4xx_hal_rcc.c.obj
                0x08004190                HAL_RCC_GetSysClockFreq
 .text.HAL_RCC_ClockConfig
                0x08004238      0x160 CMakeFiles/competition_test.elf.dir/Drivers/STM32F4xx_HAL_Driver/Src/stm32f4xx_hal_rcc.c.obj
                0x08004238                HAL_RCC_ClockConfig
 .text.SPI_WaitFlagStateUntilTimeout
                0x08004398       0xc8 CMakeFiles/competition_test.elf.dir/Drivers/STM32F4xx_HAL_Driver/Src/stm32f4xx_hal_spi.c.obj
 .text.SPI_EndRxTxTransaction
                0x08004460       0x80 CMakeFiles/competition_test.elf.dir/Drivers/STM32F4xx_HAL_Driver/Src/stm32f4xx_hal_spi.c.obj
 .text.SPI_EndRxTransaction
                0x080044e0       0x8c CMakeFiles/competition_test.elf.dir/Drivers/STM32F4xx_HAL_Driver/Src/stm32f4xx_hal_spi.c.obj
 .text.HAL_SPI_Init
                0x0800456c       0xbe CMakeFiles/competition_test.elf.dir/Drivers/STM32F4xx_HAL_Driver/Src/stm32f4xx_hal_spi.c.obj
                0x0800456c                HAL_SPI_Init
 .text.HAL_SPI_Transmit
                0x0800462a      0x1c4 CMakeFiles/competition_test.elf.dir/Drivers/STM32F4xx_HAL_Driver/Src/stm32f4xx_hal_spi.c.obj
                0x0800462a                HAL_SPI_Transmit
 .text.HAL_SPI_TransmitReceive
                0x080047ee      0x254 CMakeFiles/competition_test.elf.dir/Drivers/STM32F4xx_HAL_Driver/Src/stm32f4xx_hal_spi.c.obj
                0x080047ee                HAL_SPI_TransmitReceive
 .text.HAL_SPI_Receive
                0x08004a42      0x188 CMakeFiles/competition_test.elf.dir/Drivers/STM32F4xx_HAL_Driver/Src/stm32f4xx_hal_spi.c.obj
                0x08004a42                HAL_SPI_Receive
 .text.HAL_SPI_ErrorCallback
                0x08004bca        0x2 CMakeFiles/competition_test.elf.dir/Drivers/STM32F4xx_HAL_Driver/Src/stm32f4xx_hal_spi.c.obj
                0x08004bca                HAL_SPI_ErrorCallback
 .text.HAL_SPI_IRQHandler
                0x08004bcc      0x118 CMakeFiles/competition_test.elf.dir/Drivers/STM32F4xx_HAL_Driver/Src/stm32f4xx_hal_spi.c.obj
                0x08004bcc                HAL_SPI_IRQHandler
 .text.SPI_DMAAbortOnError
                0x08004ce4       0x10 CMakeFiles/competition_test.elf.dir/Drivers/STM32F4xx_HAL_Driver/Src/stm32f4xx_hal_spi.c.obj
 .text.HAL_TIM_Base_Start_IT
                0x08004cf4       0x88 CMakeFiles/competition_test.elf.dir/Drivers/STM32F4xx_HAL_Driver/Src/stm32f4xx_hal_tim.c.obj
                0x08004cf4                HAL_TIM_Base_Start_IT
 .text.HAL_TIM_OC_DelayElapsedCallback
                0x08004d7c        0x2 CMakeFiles/competition_test.elf.dir/Drivers/STM32F4xx_HAL_Driver/Src/stm32f4xx_hal_tim.c.obj
                0x08004d7c                HAL_TIM_OC_DelayElapsedCallback
 .text.HAL_TIM_IC_CaptureCallback
                0x08004d7e        0x2 CMakeFiles/competition_test.elf.dir/Drivers/STM32F4xx_HAL_Driver/Src/stm32f4xx_hal_tim.c.obj
                0x08004d7e                HAL_TIM_IC_CaptureCallback
 .text.HAL_TIM_PWM_PulseFinishedCallback
                0x08004d80        0x2 CMakeFiles/competition_test.elf.dir/Drivers/STM32F4xx_HAL_Driver/Src/stm32f4xx_hal_tim.c.obj
                0x08004d80                HAL_TIM_PWM_PulseFinishedCallback
 .text.HAL_TIM_TriggerCallback
                0x08004d82        0x2 CMakeFiles/competition_test.elf.dir/Drivers/STM32F4xx_HAL_Driver/Src/stm32f4xx_hal_tim.c.obj
                0x08004d82                HAL_TIM_TriggerCallback
 .text.HAL_TIM_IRQHandler
                0x08004d84      0x15e CMakeFiles/competition_test.elf.dir/Drivers/STM32F4xx_HAL_Driver/Src/stm32f4xx_hal_tim.c.obj
                0x08004d84                HAL_TIM_IRQHandler
 *fill*         0x08004ee2        0x2 
 .text.TIM_Base_SetConfig
                0x08004ee4       0xd8 CMakeFiles/competition_test.elf.dir/Drivers/STM32F4xx_HAL_Driver/Src/stm32f4xx_hal_tim.c.obj
                0x08004ee4                TIM_Base_SetConfig
 .text.HAL_TIM_Base_Init
                0x08004fbc       0x58 CMakeFiles/competition_test.elf.dir/Drivers/STM32F4xx_HAL_Driver/Src/stm32f4xx_hal_tim.c.obj
                0x08004fbc                HAL_TIM_Base_Init
 .text.HAL_TIMEx_MasterConfigSynchronization
                0x08005014       0x8c CMakeFiles/competition_test.elf.dir/Drivers/STM32F4xx_HAL_Driver/Src/stm32f4xx_hal_tim_ex.c.obj
                0x08005014                HAL_TIMEx_MasterConfigSynchronization
 .text.HAL_TIMEx_CommutCallback
                0x080050a0        0x2 CMakeFiles/competition_test.elf.dir/Drivers/STM32F4xx_HAL_Driver/Src/stm32f4xx_hal_tim_ex.c.obj
                0x080050a0                HAL_TIMEx_CommutCallback
 .text.HAL_TIMEx_BreakCallback
                0x080050a2        0x2 CMakeFiles/competition_test.elf.dir/Drivers/STM32F4xx_HAL_Driver/Src/stm32f4xx_hal_tim_ex.c.obj
                0x080050a2                HAL_TIMEx_BreakCallback
 .text.sqrt     0x080050a4       0x48 C:/RMdiankong/STM32CubeCLT/STM32CubeCLT_1.16.0/GNU-tools-for-STM32/bin/../lib/gcc/arm-none-eabi/12.3.1/../../../../arm-none-eabi/lib/thumb/v7e-m/nofp\libm.a(libm_a-w_sqrt.o)
                0x080050a4                sqrt
 *fill*         0x080050ec        0x4 
 .text.atan     0x080050f0      0x320 C:/RMdiankong/STM32CubeCLT/STM32CubeCLT_1.16.0/GNU-tools-for-STM32/bin/../lib/gcc/arm-none-eabi/12.3.1/../../../../arm-none-eabi/lib/thumb/v7e-m/nofp\libm.a(libm_a-s_atan.o)
                0x080050f0                atan
 .text.cos      0x08005410       0x8c C:/RMdiankong/STM32CubeCLT/STM32CubeCLT_1.16.0/GNU-tools-for-STM32/bin/../lib/gcc/arm-none-eabi/12.3.1/../../../../arm-none-eabi/lib/thumb/v7e-m/nofp\libm.a(libm_a-s_cos.o)
                0x08005410                cos
 .text.fabs     0x0800549c        0x8 C:/RMdiankong/STM32CubeCLT/STM32CubeCLT_1.16.0/GNU-tools-for-STM32/bin/../lib/gcc/arm-none-eabi/12.3.1/../../../../arm-none-eabi/lib/thumb/v7e-m/nofp\libm.a(libm_a-s_fabs.o)
                0x0800549c                fabs
 .text.sin      0x080054a4       0x8c C:/RMdiankong/STM32CubeCLT/STM32CubeCLT_1.16.0/GNU-tools-for-STM32/bin/../lib/gcc/arm-none-eabi/12.3.1/../../../../arm-none-eabi/lib/thumb/v7e-m/nofp\libm.a(libm_a-s_sin.o)
                0x080054a4                sin
 .text.__ieee754_sqrt
                0x08005530      0x1ac C:/RMdiankong/STM32CubeCLT/STM32CubeCLT_1.16.0/GNU-tools-for-STM32/bin/../lib/gcc/arm-none-eabi/12.3.1/../../../../arm-none-eabi/lib/thumb/v7e-m/nofp\libm.a(libm_a-e_sqrt.o)
                0x08005530                __ieee754_sqrt
 *fill*         0x080056dc        0x4 
 .text.__kernel_cos
                0x080056e0      0x17c C:/RMdiankong/STM32CubeCLT/STM32CubeCLT_1.16.0/GNU-tools-for-STM32/bin/../lib/gcc/arm-none-eabi/12.3.1/../../../../arm-none-eabi/lib/thumb/v7e-m/nofp\libm.a(libm_a-k_cos.o)
                0x080056e0                __kernel_cos
 *fill*         0x0800585c        0x4 
 .text.__kernel_sin
                0x08005860      0x16c C:/RMdiankong/STM32CubeCLT/STM32CubeCLT_1.16.0/GNU-tools-for-STM32/bin/../lib/gcc/arm-none-eabi/12.3.1/../../../../arm-none-eabi/lib/thumb/v7e-m/nofp\libm.a(libm_a-k_sin.o)
                0x08005860                __kernel_sin
 *fill*         0x080059cc        0x4 
 .text.__ieee754_rem_pio2
                0x080059d0      0x3ec C:/RMdiankong/STM32CubeCLT/STM32CubeCLT_1.16.0/GNU-tools-for-STM32/bin/../lib/gcc/arm-none-eabi/12.3.1/../../../../arm-none-eabi/lib/thumb/v7e-m/nofp\libm.a(libm_a-e_rem_pio2.o)
                0x080059d0                __ieee754_rem_pio2
 .text.__kernel_rem_pio2
                0x08005dbc      0x648 C:/RMdiankong/STM32CubeCLT/STM32CubeCLT_1.16.0/GNU-tools-for-STM32/bin/../lib/gcc/arm-none-eabi/12.3.1/../../../../arm-none-eabi/lib/thumb/v7e-m/nofp\libm.a(libm_a-k_rem_pio2.o)
                0x08005dbc                __kernel_rem_pio2
 *fill*         0x08006404        0x4 
 .text.scalbn   0x08006408       0xec C:/RMdiankong/STM32CubeCLT/STM32CubeCLT_1.16.0/GNU-tools-for-STM32/bin/../lib/gcc/arm-none-eabi/12.3.1/../../../../arm-none-eabi/lib/thumb/v7e-m/nofp\libm.a(libm_a-s_scalbn.o)
                0x08006408                scalbn
 *fill*         0x080064f4        0x4 
 .text.floor    0x080064f8      0x100 C:/RMdiankong/STM32CubeCLT/STM32CubeCLT_1.16.0/GNU-tools-for-STM32/bin/../lib/gcc/arm-none-eabi/12.3.1/../../../../arm-none-eabi/lib/thumb/v7e-m/nofp\libm.a(libm_a-s_floor.o)
                0x080064f8                floor
 .text.abort    0x080065f8        0xe C:/RMdiankong/STM32CubeCLT/STM32CubeCLT_1.16.0/GNU-tools-for-STM32/bin/../lib/gcc/arm-none-eabi/12.3.1/../../../../arm-none-eabi/lib/thumb/v7e-m/nofp\libg.a(libc_a-abort.o)
                0x080065f8                abort
 .text.memset   0x08006606       0x10 C:/RMdiankong/STM32CubeCLT/STM32CubeCLT_1.16.0/GNU-tools-for-STM32/bin/../lib/gcc/arm-none-eabi/12.3.1/../../../../arm-none-eabi/lib/thumb/v7e-m/nofp\libg.a(libc_a-memset.o)
                0x08006606                memset
 .text._raise_r
                0x08006616       0x52 C:/RMdiankong/STM32CubeCLT/STM32CubeCLT_1.16.0/GNU-tools-for-STM32/bin/../lib/gcc/arm-none-eabi/12.3.1/../../../../arm-none-eabi/lib/thumb/v7e-m/nofp\libg.a(libc_a-signal.o)
                0x08006616                _raise_r
 .text.raise    0x08006668       0x10 C:/RMdiankong/STM32CubeCLT/STM32CubeCLT_1.16.0/GNU-tools-for-STM32/bin/../lib/gcc/arm-none-eabi/12.3.1/../../../../arm-none-eabi/lib/thumb/v7e-m/nofp\libg.a(libc_a-signal.o)
                0x08006668                raise
 .text._kill_r  0x08006678       0x24 C:/RMdiankong/STM32CubeCLT/STM32CubeCLT_1.16.0/GNU-tools-for-STM32/bin/../lib/gcc/arm-none-eabi/12.3.1/../../../../arm-none-eabi/lib/thumb/v7e-m/nofp\libg.a(libc_a-signalr.o)
                0x08006678                _kill_r
 .text._getpid_r
                0x0800669c        0x4 C:/RMdiankong/STM32CubeCLT/STM32CubeCLT_1.16.0/GNU-tools-for-STM32/bin/../lib/gcc/arm-none-eabi/12.3.1/../../../../arm-none-eabi/lib/thumb/v7e-m/nofp\libg.a(libc_a-signalr.o)
                0x0800669c                _getpid_r
 .text.__errno  0x080066a0        0xc C:/RMdiankong/STM32CubeCLT/STM32CubeCLT_1.16.0/GNU-tools-for-STM32/bin/../lib/gcc/arm-none-eabi/12.3.1/../../../../arm-none-eabi/lib/thumb/v7e-m/nofp\libg.a(libc_a-errno.o)
                0x080066a0                __errno
 .text.__libc_init_array
                0x080066ac       0x48 C:/RMdiankong/STM32CubeCLT/STM32CubeCLT_1.16.0/GNU-tools-for-STM32/bin/../lib/gcc/arm-none-eabi/12.3.1/../../../../arm-none-eabi/lib/thumb/v7e-m/nofp\libg.a(libc_a-init.o)
                0x080066ac                __libc_init_array
 .text.__retarget_lock_acquire_recursive
                0x080066f4        0x2 C:/RMdiankong/STM32CubeCLT/STM32CubeCLT_1.16.0/GNU-tools-for-STM32/bin/../lib/gcc/arm-none-eabi/12.3.1/../../../../arm-none-eabi/lib/thumb/v7e-m/nofp\libg.a(libc_a-lock.o)
                0x080066f4                __retarget_lock_acquire_recursive
 .text.__retarget_lock_release_recursive
                0x080066f6        0x2 C:/RMdiankong/STM32CubeCLT/STM32CubeCLT_1.16.0/GNU-tools-for-STM32/bin/../lib/gcc/arm-none-eabi/12.3.1/../../../../arm-none-eabi/lib/thumb/v7e-m/nofp\libg.a(libc_a-lock.o)
                0x080066f6                __retarget_lock_release_recursive
 .text.memcpy   0x080066f8       0x1c C:/RMdiankong/STM32CubeCLT/STM32CubeCLT_1.16.0/GNU-tools-for-STM32/bin/../lib/gcc/arm-none-eabi/12.3.1/../../../../arm-none-eabi/lib/thumb/v7e-m/nofp\libg.a(libc_a-memcpy-stub.o)
                0x080066f8                memcpy
 .text.startup.register_fini
                0x08006714       0x14 C:/RMdiankong/STM32CubeCLT/STM32CubeCLT_1.16.0/GNU-tools-for-STM32/bin/../lib/gcc/arm-none-eabi/12.3.1/../../../../arm-none-eabi/lib/thumb/v7e-m/nofp\libg.a(libc_a-__call_atexit.o)
 .text.atexit   0x08006728        0xc C:/RMdiankong/STM32CubeCLT/STM32CubeCLT_1.16.0/GNU-tools-for-STM32/bin/../lib/gcc/arm-none-eabi/12.3.1/../../../../arm-none-eabi/lib/thumb/v7e-m/nofp\libg.a(libc_a-atexit.o)
                0x08006728                atexit
 .text.__libc_fini_array
                0x08006734       0x28 C:/RMdiankong/STM32CubeCLT/STM32CubeCLT_1.16.0/GNU-tools-for-STM32/bin/../lib/gcc/arm-none-eabi/12.3.1/../../../../arm-none-eabi/lib/thumb/v7e-m/nofp\libg.a(libc_a-fini.o)
                0x08006734                __libc_fini_array
 .text.__register_exitproc
                0x0800675c       0x80 C:/RMdiankong/STM32CubeCLT/STM32CubeCLT_1.16.0/GNU-tools-for-STM32/bin/../lib/gcc/arm-none-eabi/12.3.1/../../../../arm-none-eabi/lib/thumb/v7e-m/nofp\libg.a(libc_a-__atexit.o)
                0x0800675c                __register_exitproc
 *(.glue_7)
 .glue_7        0x080067dc        0x0 linker stubs
 *(.glue_7t)
 .glue_7t       0x080067dc        0x0 linker stubs
 *(.eh_frame)
 .eh_frame      0x080067dc        0x0 C:/RMdiankong/STM32CubeCLT/STM32CubeCLT_1.16.0/GNU-tools-for-STM32/bin/../lib/gcc/arm-none-eabi/12.3.1/thumb/v7e-m/nofp/crtbegin.o
 *(.init)
 .init          0x080067dc        0x4 C:/RMdiankong/STM32CubeCLT/STM32CubeCLT_1.16.0/GNU-tools-for-STM32/bin/../lib/gcc/arm-none-eabi/12.3.1/thumb/v7e-m/nofp/crti.o
                0x080067dc                _init
 .init          0x080067e0        0x8 C:/RMdiankong/STM32CubeCLT/STM32CubeCLT_1.16.0/GNU-tools-for-STM32/bin/../lib/gcc/arm-none-eabi/12.3.1/thumb/v7e-m/nofp/crtn.o
 *(.fini)
 .fini          0x080067e8        0x4 C:/RMdiankong/STM32CubeCLT/STM32CubeCLT_1.16.0/GNU-tools-for-STM32/bin/../lib/gcc/arm-none-eabi/12.3.1/thumb/v7e-m/nofp/crti.o
                0x080067e8                _fini
 .fini          0x080067ec        0x8 C:/RMdiankong/STM32CubeCLT/STM32CubeCLT_1.16.0/GNU-tools-for-STM32/bin/../lib/gcc/arm-none-eabi/12.3.1/thumb/v7e-m/nofp/crtn.o
                0x080067f4                        . = ALIGN (0x4)
                0x080067f4                        _etext = .

.vfp11_veneer   0x080067f4        0x0
 .vfp11_veneer  0x080067f4        0x0 linker stubs

.v4_bx          0x080067f4        0x0
 .v4_bx         0x080067f4        0x0 linker stubs

.iplt           0x080067f4        0x0
 .iplt          0x080067f4        0x0 C:/RMdiankong/STM32CubeCLT/STM32CubeCLT_1.16.0/GNU-tools-for-STM32/bin/../lib/gcc/arm-none-eabi/12.3.1/thumb/v7e-m/nofp/crtbegin.o

.rodata         0x080067f8      0x250
                0x080067f8                        . = ALIGN (0x4)
 *(.rodata)
 .rodata        0x080067f8       0x28 CMakeFiles/competition_test.elf.dir/Core/Src/main.c.obj
 *(.rodata*)
 .rodata.AHBPrescTable
                0x08006820       0x10 CMakeFiles/competition_test.elf.dir/Core/Src/system_stm32f4xx.c.obj
                0x08006820                AHBPrescTable
 .rodata.atanlo
                0x08006830       0x20 C:/RMdiankong/STM32CubeCLT/STM32CubeCLT_1.16.0/GNU-tools-for-STM32/bin/../lib/gcc/arm-none-eabi/12.3.1/../../../../arm-none-eabi/lib/thumb/v7e-m/nofp\libm.a(libm_a-s_atan.o)
 .rodata.atanhi
                0x08006850       0x20 C:/RMdiankong/STM32CubeCLT/STM32CubeCLT_1.16.0/GNU-tools-for-STM32/bin/../lib/gcc/arm-none-eabi/12.3.1/../../../../arm-none-eabi/lib/thumb/v7e-m/nofp\libm.a(libm_a-s_atan.o)
 .rodata.npio2_hw
                0x08006870       0x80 C:/RMdiankong/STM32CubeCLT/STM32CubeCLT_1.16.0/GNU-tools-for-STM32/bin/../lib/gcc/arm-none-eabi/12.3.1/../../../../arm-none-eabi/lib/thumb/v7e-m/nofp\libm.a(libm_a-e_rem_pio2.o)
 .rodata.two_over_pi
                0x080068f0      0x108 C:/RMdiankong/STM32CubeCLT/STM32CubeCLT_1.16.0/GNU-tools-for-STM32/bin/../lib/gcc/arm-none-eabi/12.3.1/../../../../arm-none-eabi/lib/thumb/v7e-m/nofp\libm.a(libm_a-e_rem_pio2.o)
 .rodata.PIo2   0x080069f8       0x40 C:/RMdiankong/STM32CubeCLT/STM32CubeCLT_1.16.0/GNU-tools-for-STM32/bin/../lib/gcc/arm-none-eabi/12.3.1/../../../../arm-none-eabi/lib/thumb/v7e-m/nofp\libm.a(libm_a-k_rem_pio2.o)
 .rodata.init_jk
                0x08006a38       0x10 C:/RMdiankong/STM32CubeCLT/STM32CubeCLT_1.16.0/GNU-tools-for-STM32/bin/../lib/gcc/arm-none-eabi/12.3.1/../../../../arm-none-eabi/lib/thumb/v7e-m/nofp\libm.a(libm_a-k_rem_pio2.o)
                0x08006a48                        . = ALIGN (0x4)

.ARM.extab      0x08006a48       0x54
                0x08006a48                        . = ALIGN (0x4)
 *(.ARM.extab* .gnu.linkonce.armextab.*)
 .ARM.extab.text._ZN3IMU17BMI088_ACCEL_NS_LEv
                0x08006a48        0xc CMakeFiles/competition_test.elf.dir/Core/Src/IMU.cpp.obj
 .ARM.extab.text._ZN3IMU17BMI088_ACCEL_NS_HEv
                0x08006a54        0xc CMakeFiles/competition_test.elf.dir/Core/Src/IMU.cpp.obj
 .ARM.extab.text._ZN3IMU16BMI088_GYRO_NS_LEv
                0x08006a60        0xc CMakeFiles/competition_test.elf.dir/Core/Src/IMU.cpp.obj
 .ARM.extab.text._ZN3IMU16BMI088_GYRO_NS_HEv
                0x08006a6c        0xc CMakeFiles/competition_test.elf.dir/Core/Src/IMU.cpp.obj
 .ARM.extab.text.HAL_CAN_RxFifo0MsgPendingCallback
                0x08006a78        0xc CMakeFiles/competition_test.elf.dir/Core/Src/callback.cpp.obj
 .ARM.extab     0x08006a84       0x18 C:/RMdiankong/STM32CubeCLT/STM32CubeCLT_1.16.0/GNU-tools-for-STM32/bin/../lib/gcc/arm-none-eabi/12.3.1/thumb/v7e-m/nofp\libgcc.a(pr-support.o)
                0x08006a9c                        . = ALIGN (0x4)

.ARM            0x08006a9c      0x128
                0x08006a9c                        . = ALIGN (0x4)
                0x08006a9c                        __exidx_start = .
 *(.ARM.exidx*)
 .ARM.exidx     0x08006a9c        0x8 C:/RMdiankong/STM32CubeCLT/STM32CubeCLT_1.16.0/GNU-tools-for-STM32/bin/../lib/gcc/arm-none-eabi/12.3.1/thumb/v7e-m/nofp\libgcc.a(_udivmoddi4.o)
 .ARM.exidx     0x08006aa4       0x78 C:/RMdiankong/STM32CubeCLT/STM32CubeCLT_1.16.0/GNU-tools-for-STM32/bin/../lib/gcc/arm-none-eabi/12.3.1/thumb/v7e-m/nofp\libgcc.a(unwind-arm.o)
                                 0xd8 (size before relaxing)
 .ARM.exidx     0x08006b1c       0x38 C:/RMdiankong/STM32CubeCLT/STM32CubeCLT_1.16.0/GNU-tools-for-STM32/bin/../lib/gcc/arm-none-eabi/12.3.1/thumb/v7e-m/nofp\libgcc.a(pr-support.o)
 .ARM.exidx.text._ZN3IMUC2Ev
                0x08006b54        0x0 CMakeFiles/competition_test.elf.dir/Core/Src/IMU.cpp.obj
                                  0x8 (size before relaxing)
 .ARM.exidx.text._Z41__static_initialization_and_destruction_0ii
                0x08006b54        0x0 CMakeFiles/competition_test.elf.dir/Core/Src/IMU.cpp.obj
                                  0x8 (size before relaxing)
 .ARM.exidx.text._ZN3IMU17BMI088_ACCEL_NS_LEv
                0x08006b54        0x8 CMakeFiles/competition_test.elf.dir/Core/Src/IMU.cpp.obj
 .ARM.exidx.text._ZN3IMU17BMI088_ACCEL_NS_HEv
                0x08006b5c        0x8 CMakeFiles/competition_test.elf.dir/Core/Src/IMU.cpp.obj
 .ARM.exidx.text._ZN3IMU16BMI088_GYRO_NS_LEv
                0x08006b64        0x8 CMakeFiles/competition_test.elf.dir/Core/Src/IMU.cpp.obj
 .ARM.exidx.text._ZN3IMU16BMI088_GYRO_NS_HEv
                0x08006b6c        0x8 CMakeFiles/competition_test.elf.dir/Core/Src/IMU.cpp.obj
 .ARM.exidx.text._ZN3IMU20BMI088_ReadReg_ACCELEv
                0x08006b74        0x8 CMakeFiles/competition_test.elf.dir/Core/Src/IMU.cpp.obj
 .ARM.exidx.text._ZN3IMU19BMI088_ReadReg_GYROEv
                0x08006b7c        0x0 CMakeFiles/competition_test.elf.dir/Core/Src/IMU.cpp.obj
                                  0x8 (size before relaxing)
 .ARM.exidx.text._ZN3IMU9get_accelEv
                0x08006b7c        0x8 CMakeFiles/competition_test.elf.dir/Core/Src/IMU.cpp.obj
 .ARM.exidx.text._ZN3IMU8get_gyroEv
                0x08006b84        0x0 CMakeFiles/competition_test.elf.dir/Core/Src/IMU.cpp.obj
                                  0x8 (size before relaxing)
 .ARM.exidx.text._ZN3IMU9calculateEv
                0x08006b84        0x8 CMakeFiles/competition_test.elf.dir/Core/Src/IMU.cpp.obj
 .ARM.exidx.text._GLOBAL__sub_I__ZN3IMUC2Ev
                0x08006b8c        0x0 CMakeFiles/competition_test.elf.dir/Core/Src/IMU.cpp.obj
                                  0x8 (size before relaxing)
 .ARM.exidx.text._Z13linearMappingfffff
                0x08006b8c        0x0 CMakeFiles/competition_test.elf.dir/Core/Src/Motor.cpp.obj
                                  0x8 (size before relaxing)
 .ARM.exidx.text._ZN5MotorC2Eif
                0x08006b8c        0x8 CMakeFiles/competition_test.elf.dir/Core/Src/Motor.cpp.obj
 .ARM.exidx.text._ZN5Motor11get_messageEv
                0x08006b94        0x8 CMakeFiles/competition_test.elf.dir/Core/Src/Motor.cpp.obj
 .ARM.exidx.text._ZN5Motor16angle_regulationEf
                0x08006b9c        0x8 CMakeFiles/competition_test.elf.dir/Core/Src/Motor.cpp.obj
 .ARM.exidx.text._ZN3PIDC2Efffff
                0x08006ba4        0x8 CMakeFiles/competition_test.elf.dir/Core/Src/PID.cpp.obj
 .ARM.exidx.text._ZN3PID9calculateEff
                0x08006bac        0x0 CMakeFiles/competition_test.elf.dir/Core/Src/PID.cpp.obj
                                  0x8 (size before relaxing)
 .ARM.exidx.text._Z41__static_initialization_and_destruction_0ii
                0x08006bac        0x0 CMakeFiles/competition_test.elf.dir/Core/Src/callback.cpp.obj
                                  0x8 (size before relaxing)
 .ARM.exidx.text.HAL_TIM_PeriodElapsedCallback
                0x08006bac        0x8 CMakeFiles/competition_test.elf.dir/Core/Src/callback.cpp.obj
 .ARM.exidx.text.HAL_CAN_RxFifo0MsgPendingCallback
                0x08006bb4        0x8 CMakeFiles/competition_test.elf.dir/Core/Src/callback.cpp.obj
 .ARM.exidx.text._GLOBAL__sub_I_TxMAilBox
                0x08006bbc        0x8 CMakeFiles/competition_test.elf.dir/Core/Src/callback.cpp.obj
                0x08006bc4                        __exidx_end = .
                0x08006bc4                        . = ALIGN (0x4)

.preinit_array  0x08006bc4        0x0
                0x08006bc4                        . = ALIGN (0x4)
                0x08006bc4                        PROVIDE (__preinit_array_start = .)
 *(.preinit_array*)
                0x08006bc4                        PROVIDE (__preinit_array_end = .)
                0x08006bc4                        . = ALIGN (0x4)

.init_array     0x08006bc4       0x10
                0x08006bc4                        . = ALIGN (0x4)
                0x08006bc4                        PROVIDE (__init_array_start = .)
 *(SORT_BY_NAME(.init_array.*))
 .init_array.00000
                0x08006bc4        0x4 C:/RMdiankong/STM32CubeCLT/STM32CubeCLT_1.16.0/GNU-tools-for-STM32/bin/../lib/gcc/arm-none-eabi/12.3.1/../../../../arm-none-eabi/lib/thumb/v7e-m/nofp\libg.a(libc_a-__call_atexit.o)
 *(.init_array*)
 .init_array    0x08006bc8        0x4 C:/RMdiankong/STM32CubeCLT/STM32CubeCLT_1.16.0/GNU-tools-for-STM32/bin/../lib/gcc/arm-none-eabi/12.3.1/thumb/v7e-m/nofp/crtbegin.o
 .init_array    0x08006bcc        0x4 CMakeFiles/competition_test.elf.dir/Core/Src/IMU.cpp.obj
 .init_array    0x08006bd0        0x4 CMakeFiles/competition_test.elf.dir/Core/Src/callback.cpp.obj
                0x08006bd4                        PROVIDE (__init_array_end = .)
                0x08006bd4                        . = ALIGN (0x4)

.fini_array     0x08006bd4        0x4
                0x08006bd4                        . = ALIGN (0x4)
                0x08006bd4                        PROVIDE (__fini_array_start = .)
 *(SORT_BY_NAME(.fini_array.*))
 *(.fini_array*)
 .fini_array    0x08006bd4        0x4 C:/RMdiankong/STM32CubeCLT/STM32CubeCLT_1.16.0/GNU-tools-for-STM32/bin/../lib/gcc/arm-none-eabi/12.3.1/thumb/v7e-m/nofp/crtbegin.o
                0x08006bd8                        PROVIDE (__fini_array_end = .)
                0x08006bd8                        . = ALIGN (0x4)
                0x08006bd8                        _sidata = LOADADDR (.data)

.rel.dyn        0x08006bd8        0x0
 .rel.iplt      0x08006bd8        0x0 C:/RMdiankong/STM32CubeCLT/STM32CubeCLT_1.16.0/GNU-tools-for-STM32/bin/../lib/gcc/arm-none-eabi/12.3.1/thumb/v7e-m/nofp/crtbegin.o

.data           0x20000000      0x164 load address 0x08006bd8
                0x20000000                        . = ALIGN (0x4)
                0x20000000                        _sdata = .
 *(.data)
 *(.data*)
 .data.txHeader
                0x20000000       0x18 CMakeFiles/competition_test.elf.dir/Core/Src/callback.cpp.obj
                0x20000000                txHeader
 .data.SystemCoreClock
                0x20000018        0x4 CMakeFiles/competition_test.elf.dir/Core/Src/system_stm32f4xx.c.obj
                0x20000018                SystemCoreClock
 .data.uwTickFreq
                0x2000001c        0x1 CMakeFiles/competition_test.elf.dir/Drivers/STM32F4xx_HAL_Driver/Src/stm32f4xx_hal.c.obj
                0x2000001c                uwTickFreq
 *fill*         0x2000001d        0x3 
 .data.uwTickPrio
                0x20000020        0x4 CMakeFiles/competition_test.elf.dir/Drivers/STM32F4xx_HAL_Driver/Src/stm32f4xx_hal.c.obj
                0x20000020                uwTickPrio
 *fill*         0x20000024        0x4 
 .data.tiny     0x20000028        0x8 C:/RMdiankong/STM32CubeCLT/STM32CubeCLT_1.16.0/GNU-tools-for-STM32/bin/../lib/gcc/arm-none-eabi/12.3.1/../../../../arm-none-eabi/lib/thumb/v7e-m/nofp\libm.a(libm_a-e_sqrt.o)
 .data.one      0x20000030        0x8 C:/RMdiankong/STM32CubeCLT/STM32CubeCLT_1.16.0/GNU-tools-for-STM32/bin/../lib/gcc/arm-none-eabi/12.3.1/../../../../arm-none-eabi/lib/thumb/v7e-m/nofp\libm.a(libm_a-e_sqrt.o)
 .data._impure_ptr
                0x20000038        0x4 C:/RMdiankong/STM32CubeCLT/STM32CubeCLT_1.16.0/GNU-tools-for-STM32/bin/../lib/gcc/arm-none-eabi/12.3.1/../../../../arm-none-eabi/lib/thumb/v7e-m/nofp\libg.a(libc_a-impure.o)
                0x20000038                _impure_ptr
 *fill*         0x2000003c        0x4 
 .data._impure_data
                0x20000040      0x120 C:/RMdiankong/STM32CubeCLT/STM32CubeCLT_1.16.0/GNU-tools-for-STM32/bin/../lib/gcc/arm-none-eabi/12.3.1/../../../../arm-none-eabi/lib/thumb/v7e-m/nofp\libg.a(libc_a-impure.o)
                0x20000040                _impure_data
 .data.__atexit_recursive_mutex
                0x20000160        0x4 C:/RMdiankong/STM32CubeCLT/STM32CubeCLT_1.16.0/GNU-tools-for-STM32/bin/../lib/gcc/arm-none-eabi/12.3.1/../../../../arm-none-eabi/lib/thumb/v7e-m/nofp\libg.a(libc_a-__call_atexit.o)
                0x20000160                __atexit_recursive_mutex
 *(.RamFunc)
 *(.RamFunc*)
                0x20000164                        . = ALIGN (0x4)
                0x20000164                        _edata = .
                0x08006d3c                        _siccmram = LOADADDR (.ccmram)

.igot.plt       0x20000164        0x0 load address 0x08006d3c
 .igot.plt      0x20000164        0x0 C:/RMdiankong/STM32CubeCLT/STM32CubeCLT_1.16.0/GNU-tools-for-STM32/bin/../lib/gcc/arm-none-eabi/12.3.1/thumb/v7e-m/nofp/crtbegin.o

.ccmram         0x10000000        0x0 load address 0x08006d3c
                0x10000000                        . = ALIGN (0x4)
                0x10000000                        _sccmram = .
 *(.ccmram)
 *(.ccmram*)
                0x10000000                        . = ALIGN (0x4)
                0x10000000                        _eccmram = .
                0x10000000                        . = ALIGN (0x4)

.bss            0x20000164      0x5c0
                0x20000164                        _sbss = .
                0x20000164                        __bss_start__ = _sbss
 *(.bss)
 .bss           0x20000164       0x1c C:/RMdiankong/STM32CubeCLT/STM32CubeCLT_1.16.0/GNU-tools-for-STM32/bin/../lib/gcc/arm-none-eabi/12.3.1/thumb/v7e-m/nofp/crtbegin.o
 *(.bss*)
 .bss.imu       0x20000180       0x40 CMakeFiles/competition_test.elf.dir/Core/Src/IMU.cpp.obj
                0x20000180                imu
 .bss.init_last_angle
                0x200001c0        0x4 CMakeFiles/competition_test.elf.dir/Core/Src/callback.cpp.obj
                0x200001c0                init_last_angle
 .bss.init_angle
                0x200001c4        0x4 CMakeFiles/competition_test.elf.dir/Core/Src/callback.cpp.obj
                0x200001c4                init_angle
 .bss.init_out  0x200001c8        0x8 CMakeFiles/competition_test.elf.dir/Core/Src/callback.cpp.obj
                0x200001c8                init_out
 .bss.t         0x200001d0        0x4 CMakeFiles/competition_test.elf.dir/Core/Src/callback.cpp.obj
                0x200001d0                t
 .bss.yaw       0x200001d4       0xd0 CMakeFiles/competition_test.elf.dir/Core/Src/callback.cpp.obj
                0x200001d4                yaw
 .bss.pitch     0x200002a4       0xd0 CMakeFiles/competition_test.elf.dir/Core/Src/callback.cpp.obj
                0x200002a4                pitch
 .bss.TxMAilBox
                0x20000374        0x4 CMakeFiles/competition_test.elf.dir/Core/Src/callback.cpp.obj
                0x20000374                TxMAilBox
 .bss.hcan1     0x20000378       0x28 CMakeFiles/competition_test.elf.dir/Core/Src/can.c.obj
                0x20000378                hcan1
 .bss.hiwdg     0x200003a0        0xc CMakeFiles/competition_test.elf.dir/Core/Src/iwdg.c.obj
                0x200003a0                hiwdg
 .bss.hspi1     0x200003ac       0x58 CMakeFiles/competition_test.elf.dir/Core/Src/spi.c.obj
                0x200003ac                hspi1
 .bss.htim6     0x20000404       0x48 CMakeFiles/competition_test.elf.dir/Core/Src/tim.c.obj
                0x20000404                htim6
 .bss.uwTick    0x2000044c        0x4 CMakeFiles/competition_test.elf.dir/Drivers/STM32F4xx_HAL_Driver/Src/stm32f4xx_hal.c.obj
                0x2000044c                uwTick
 .bss.__sf      0x20000450      0x138 C:/RMdiankong/STM32CubeCLT/STM32CubeCLT_1.16.0/GNU-tools-for-STM32/bin/../lib/gcc/arm-none-eabi/12.3.1/../../../../arm-none-eabi/lib/thumb/v7e-m/nofp\libg.a(libc_a-findfp.o)
                0x20000450                __sf
 .bss.errno     0x20000588        0x4 C:/RMdiankong/STM32CubeCLT/STM32CubeCLT_1.16.0/GNU-tools-for-STM32/bin/../lib/gcc/arm-none-eabi/12.3.1/../../../../arm-none-eabi/lib/thumb/v7e-m/nofp\libg.a(libc_a-reent.o)
                0x20000588                errno
 .bss.__lock___atexit_recursive_mutex
                0x2000058c        0x1 C:/RMdiankong/STM32CubeCLT/STM32CubeCLT_1.16.0/GNU-tools-for-STM32/bin/../lib/gcc/arm-none-eabi/12.3.1/../../../../arm-none-eabi/lib/thumb/v7e-m/nofp\libg.a(libc_a-lock.o)
                0x2000058c                __lock___atexit_recursive_mutex
 *fill*         0x2000058d        0x3 
 .bss.__atexit  0x20000590        0x4 C:/RMdiankong/STM32CubeCLT/STM32CubeCLT_1.16.0/GNU-tools-for-STM32/bin/../lib/gcc/arm-none-eabi/12.3.1/../../../../arm-none-eabi/lib/thumb/v7e-m/nofp\libg.a(libc_a-__call_atexit.o)
                0x20000590                __atexit
 .bss.__atexit0
                0x20000594      0x190 C:/RMdiankong/STM32CubeCLT/STM32CubeCLT_1.16.0/GNU-tools-for-STM32/bin/../lib/gcc/arm-none-eabi/12.3.1/../../../../arm-none-eabi/lib/thumb/v7e-m/nofp\libg.a(libc_a-__atexit.o)
                0x20000594                __atexit0
 *(COMMON)
                0x20000724                        . = ALIGN (0x4)
                0x20000724                        _ebss = .
                0x20000724                        __bss_end__ = _ebss

._user_heap_stack
                0x20000724      0x604
                0x20000728                        . = ALIGN (0x8)
 *fill*         0x20000724        0x4 
                [!provide]                        PROVIDE (end = .)
                0x20000728                        PROVIDE (_end = .)
                0x20000928                        . = (. + _Min_Heap_Size)
 *fill*         0x20000728      0x200 
                0x20000d28                        . = (. + _Min_Stack_Size)
 *fill*         0x20000928      0x400 
                0x20000d28                        . = ALIGN (0x8)

/DISCARD/
 libc.a(*)
 libm.a(*)
 libgcc.a(*)

.ARM.attributes
                0x00000000       0x2a
 *(.ARM.attributes)
 .ARM.attributes
                0x00000000       0x1e C:/RMdiankong/STM32CubeCLT/STM32CubeCLT_1.16.0/GNU-tools-for-STM32/bin/../lib/gcc/arm-none-eabi/12.3.1/thumb/v7e-m/nofp/crti.o
 .ARM.attributes
                0x0000001e       0x2e C:/RMdiankong/STM32CubeCLT/STM32CubeCLT_1.16.0/GNU-tools-for-STM32/bin/../lib/gcc/arm-none-eabi/12.3.1/thumb/v7e-m/nofp/crtbegin.o
 .ARM.attributes
                0x0000004c       0x2e CMakeFiles/competition_test.elf.dir/Core/Src/IMU.cpp.obj
 .ARM.attributes
                0x0000007a       0x2e CMakeFiles/competition_test.elf.dir/Core/Src/Motor.cpp.obj
 .ARM.attributes
                0x000000a8       0x2e CMakeFiles/competition_test.elf.dir/Core/Src/PID.cpp.obj
 .ARM.attributes
                0x000000d6       0x2e CMakeFiles/competition_test.elf.dir/Core/Src/callback.cpp.obj
 .ARM.attributes
                0x00000104       0x2e CMakeFiles/competition_test.elf.dir/Core/Src/can.c.obj
 .ARM.attributes
                0x00000132       0x2e CMakeFiles/competition_test.elf.dir/Core/Src/gpio.c.obj
 .ARM.attributes
                0x00000160       0x2e CMakeFiles/competition_test.elf.dir/Core/Src/iwdg.c.obj
 .ARM.attributes
                0x0000018e       0x2e CMakeFiles/competition_test.elf.dir/Core/Src/main.c.obj
 .ARM.attributes
                0x000001bc       0x2e CMakeFiles/competition_test.elf.dir/Core/Src/spi.c.obj
 .ARM.attributes
                0x000001ea       0x2e CMakeFiles/competition_test.elf.dir/Core/Src/stm32f4xx_hal_msp.c.obj
 .ARM.attributes
                0x00000218       0x2e CMakeFiles/competition_test.elf.dir/Core/Src/stm32f4xx_it.c.obj
 .ARM.attributes
                0x00000246       0x2e CMakeFiles/competition_test.elf.dir/Core/Src/syscalls.c.obj
 .ARM.attributes
                0x00000274       0x2e CMakeFiles/competition_test.elf.dir/Core/Src/system_stm32f4xx.c.obj
 .ARM.attributes
                0x000002a2       0x2e CMakeFiles/competition_test.elf.dir/Core/Src/tim.c.obj
 .ARM.attributes
                0x000002d0       0x21 CMakeFiles/competition_test.elf.dir/Core/Startup/startup_stm32f407ighx.s.obj
 .ARM.attributes
                0x000002f1       0x2e CMakeFiles/competition_test.elf.dir/Drivers/STM32F4xx_HAL_Driver/Src/stm32f4xx_hal.c.obj
 .ARM.attributes
                0x0000031f       0x2e CMakeFiles/competition_test.elf.dir/Drivers/STM32F4xx_HAL_Driver/Src/stm32f4xx_hal_can.c.obj
 .ARM.attributes
                0x0000034d       0x2e CMakeFiles/competition_test.elf.dir/Drivers/STM32F4xx_HAL_Driver/Src/stm32f4xx_hal_cortex.c.obj
 .ARM.attributes
                0x0000037b       0x2e CMakeFiles/competition_test.elf.dir/Drivers/STM32F4xx_HAL_Driver/Src/stm32f4xx_hal_dma.c.obj
 .ARM.attributes
                0x000003a9       0x2e CMakeFiles/competition_test.elf.dir/Drivers/STM32F4xx_HAL_Driver/Src/stm32f4xx_hal_gpio.c.obj
 .ARM.attributes
                0x000003d7       0x2e CMakeFiles/competition_test.elf.dir/Drivers/STM32F4xx_HAL_Driver/Src/stm32f4xx_hal_iwdg.c.obj
 .ARM.attributes
                0x00000405       0x2e CMakeFiles/competition_test.elf.dir/Drivers/STM32F4xx_HAL_Driver/Src/stm32f4xx_hal_rcc.c.obj
 .ARM.attributes
                0x00000433       0x2e CMakeFiles/competition_test.elf.dir/Drivers/STM32F4xx_HAL_Driver/Src/stm32f4xx_hal_spi.c.obj
 .ARM.attributes
                0x00000461       0x2e CMakeFiles/competition_test.elf.dir/Drivers/STM32F4xx_HAL_Driver/Src/stm32f4xx_hal_tim.c.obj
 .ARM.attributes
                0x0000048f       0x2e CMakeFiles/competition_test.elf.dir/Drivers/STM32F4xx_HAL_Driver/Src/stm32f4xx_hal_tim_ex.c.obj
 .ARM.attributes
                0x000004bd       0x2e C:/RMdiankong/STM32CubeCLT/STM32CubeCLT_1.16.0/GNU-tools-for-STM32/bin/../lib/gcc/arm-none-eabi/12.3.1/../../../../arm-none-eabi/lib/thumb/v7e-m/nofp\libm.a(libm_a-w_sqrt.o)
 .ARM.attributes
                0x000004eb       0x2e C:/RMdiankong/STM32CubeCLT/STM32CubeCLT_1.16.0/GNU-tools-for-STM32/bin/../lib/gcc/arm-none-eabi/12.3.1/../../../../arm-none-eabi/lib/thumb/v7e-m/nofp\libm.a(libm_a-s_atan.o)
 .ARM.attributes
                0x00000519       0x2e C:/RMdiankong/STM32CubeCLT/STM32CubeCLT_1.16.0/GNU-tools-for-STM32/bin/../lib/gcc/arm-none-eabi/12.3.1/../../../../arm-none-eabi/lib/thumb/v7e-m/nofp\libm.a(libm_a-s_cos.o)
 .ARM.attributes
                0x00000547       0x2e C:/RMdiankong/STM32CubeCLT/STM32CubeCLT_1.16.0/GNU-tools-for-STM32/bin/../lib/gcc/arm-none-eabi/12.3.1/../../../../arm-none-eabi/lib/thumb/v7e-m/nofp\libm.a(libm_a-s_fabs.o)
 .ARM.attributes
                0x00000575       0x2e C:/RMdiankong/STM32CubeCLT/STM32CubeCLT_1.16.0/GNU-tools-for-STM32/bin/../lib/gcc/arm-none-eabi/12.3.1/../../../../arm-none-eabi/lib/thumb/v7e-m/nofp\libm.a(libm_a-s_sin.o)
 .ARM.attributes
                0x000005a3       0x2e C:/RMdiankong/STM32CubeCLT/STM32CubeCLT_1.16.0/GNU-tools-for-STM32/bin/../lib/gcc/arm-none-eabi/12.3.1/../../../../arm-none-eabi/lib/thumb/v7e-m/nofp\libm.a(libm_a-e_sqrt.o)
 .ARM.attributes
                0x000005d1       0x2e C:/RMdiankong/STM32CubeCLT/STM32CubeCLT_1.16.0/GNU-tools-for-STM32/bin/../lib/gcc/arm-none-eabi/12.3.1/../../../../arm-none-eabi/lib/thumb/v7e-m/nofp\libm.a(libm_a-k_cos.o)
 .ARM.attributes
                0x000005ff       0x2e C:/RMdiankong/STM32CubeCLT/STM32CubeCLT_1.16.0/GNU-tools-for-STM32/bin/../lib/gcc/arm-none-eabi/12.3.1/../../../../arm-none-eabi/lib/thumb/v7e-m/nofp\libm.a(libm_a-k_sin.o)
 .ARM.attributes
                0x0000062d       0x2e C:/RMdiankong/STM32CubeCLT/STM32CubeCLT_1.16.0/GNU-tools-for-STM32/bin/../lib/gcc/arm-none-eabi/12.3.1/../../../../arm-none-eabi/lib/thumb/v7e-m/nofp\libm.a(libm_a-e_rem_pio2.o)
 .ARM.attributes
                0x0000065b       0x2e C:/RMdiankong/STM32CubeCLT/STM32CubeCLT_1.16.0/GNU-tools-for-STM32/bin/../lib/gcc/arm-none-eabi/12.3.1/../../../../arm-none-eabi/lib/thumb/v7e-m/nofp\libm.a(libm_a-k_rem_pio2.o)
 .ARM.attributes
                0x00000689       0x2e C:/RMdiankong/STM32CubeCLT/STM32CubeCLT_1.16.0/GNU-tools-for-STM32/bin/../lib/gcc/arm-none-eabi/12.3.1/../../../../arm-none-eabi/lib/thumb/v7e-m/nofp\libm.a(libm_a-s_scalbn.o)
 .ARM.attributes
                0x000006b7       0x2e C:/RMdiankong/STM32CubeCLT/STM32CubeCLT_1.16.0/GNU-tools-for-STM32/bin/../lib/gcc/arm-none-eabi/12.3.1/../../../../arm-none-eabi/lib/thumb/v7e-m/nofp\libm.a(libm_a-s_floor.o)
 .ARM.attributes
                0x000006e5       0x1e C:/RMdiankong/STM32CubeCLT/STM32CubeCLT_1.16.0/GNU-tools-for-STM32/bin/../lib/gcc/arm-none-eabi/12.3.1/thumb/v7e-m/nofp\libgcc.a(_arm_addsubdf3.o)
 .ARM.attributes
                0x00000703       0x1e C:/RMdiankong/STM32CubeCLT/STM32CubeCLT_1.16.0/GNU-tools-for-STM32/bin/../lib/gcc/arm-none-eabi/12.3.1/thumb/v7e-m/nofp\libgcc.a(_arm_muldivdf3.o)
 .ARM.attributes
                0x00000721       0x1e C:/RMdiankong/STM32CubeCLT/STM32CubeCLT_1.16.0/GNU-tools-for-STM32/bin/../lib/gcc/arm-none-eabi/12.3.1/thumb/v7e-m/nofp\libgcc.a(_arm_cmpdf2.o)
 .ARM.attributes
                0x0000073f       0x1e C:/RMdiankong/STM32CubeCLT/STM32CubeCLT_1.16.0/GNU-tools-for-STM32/bin/../lib/gcc/arm-none-eabi/12.3.1/thumb/v7e-m/nofp\libgcc.a(_arm_unorddf2.o)
 .ARM.attributes
                0x0000075d       0x1e C:/RMdiankong/STM32CubeCLT/STM32CubeCLT_1.16.0/GNU-tools-for-STM32/bin/../lib/gcc/arm-none-eabi/12.3.1/thumb/v7e-m/nofp\libgcc.a(_arm_fixdfsi.o)
 .ARM.attributes
                0x0000077b       0x1e C:/RMdiankong/STM32CubeCLT/STM32CubeCLT_1.16.0/GNU-tools-for-STM32/bin/../lib/gcc/arm-none-eabi/12.3.1/thumb/v7e-m/nofp\libgcc.a(_arm_truncdfsf2.o)
 .ARM.attributes
                0x00000799       0x1e C:/RMdiankong/STM32CubeCLT/STM32CubeCLT_1.16.0/GNU-tools-for-STM32/bin/../lib/gcc/arm-none-eabi/12.3.1/thumb/v7e-m/nofp\libgcc.a(_arm_addsubsf3.o)
 .ARM.attributes
                0x000007b7       0x1e C:/RMdiankong/STM32CubeCLT/STM32CubeCLT_1.16.0/GNU-tools-for-STM32/bin/../lib/gcc/arm-none-eabi/12.3.1/thumb/v7e-m/nofp\libgcc.a(_arm_muldivsf3.o)
 .ARM.attributes
                0x000007d5       0x1e C:/RMdiankong/STM32CubeCLT/STM32CubeCLT_1.16.0/GNU-tools-for-STM32/bin/../lib/gcc/arm-none-eabi/12.3.1/thumb/v7e-m/nofp\libgcc.a(_arm_cmpsf2.o)
 .ARM.attributes
                0x000007f3       0x1e C:/RMdiankong/STM32CubeCLT/STM32CubeCLT_1.16.0/GNU-tools-for-STM32/bin/../lib/gcc/arm-none-eabi/12.3.1/thumb/v7e-m/nofp\libgcc.a(_arm_fixsfsi.o)
 .ARM.attributes
                0x00000811       0x1e C:/RMdiankong/STM32CubeCLT/STM32CubeCLT_1.16.0/GNU-tools-for-STM32/bin/../lib/gcc/arm-none-eabi/12.3.1/thumb/v7e-m/nofp\libgcc.a(_arm_fixunssfsi.o)
 .ARM.attributes
                0x0000082f       0x1e C:/RMdiankong/STM32CubeCLT/STM32CubeCLT_1.16.0/GNU-tools-for-STM32/bin/../lib/gcc/arm-none-eabi/12.3.1/thumb/v7e-m/nofp\libgcc.a(_aeabi_uldivmod.o)
 .ARM.attributes
                0x0000084d       0x2e C:/RMdiankong/STM32CubeCLT/STM32CubeCLT_1.16.0/GNU-tools-for-STM32/bin/../lib/gcc/arm-none-eabi/12.3.1/thumb/v7e-m/nofp\libgcc.a(_udivmoddi4.o)
 .ARM.attributes
                0x0000087b       0x2e C:/RMdiankong/STM32CubeCLT/STM32CubeCLT_1.16.0/GNU-tools-for-STM32/bin/../lib/gcc/arm-none-eabi/12.3.1/thumb/v7e-m/nofp\libgcc.a(unwind-arm.o)
 .ARM.attributes
                0x000008a9       0x1e C:/RMdiankong/STM32CubeCLT/STM32CubeCLT_1.16.0/GNU-tools-for-STM32/bin/../lib/gcc/arm-none-eabi/12.3.1/thumb/v7e-m/nofp\libgcc.a(libunwind.o)
 .ARM.attributes
                0x000008c7       0x2e C:/RMdiankong/STM32CubeCLT/STM32CubeCLT_1.16.0/GNU-tools-for-STM32/bin/../lib/gcc/arm-none-eabi/12.3.1/thumb/v7e-m/nofp\libgcc.a(pr-support.o)
 .ARM.attributes
                0x000008f5       0x1e C:/RMdiankong/STM32CubeCLT/STM32CubeCLT_1.16.0/GNU-tools-for-STM32/bin/../lib/gcc/arm-none-eabi/12.3.1/thumb/v7e-m/nofp\libgcc.a(_dvmd_tls.o)
 .ARM.attributes
                0x00000913       0x2e C:/RMdiankong/STM32CubeCLT/STM32CubeCLT_1.16.0/GNU-tools-for-STM32/bin/../lib/gcc/arm-none-eabi/12.3.1/../../../../arm-none-eabi/lib/thumb/v7e-m/nofp\libg.a(libc_a-abort.o)
 .ARM.attributes
                0x00000941       0x2e C:/RMdiankong/STM32CubeCLT/STM32CubeCLT_1.16.0/GNU-tools-for-STM32/bin/../lib/gcc/arm-none-eabi/12.3.1/../../../../arm-none-eabi/lib/thumb/v7e-m/nofp\libg.a(libc_a-findfp.o)
 .ARM.attributes
                0x0000096f       0x2e C:/RMdiankong/STM32CubeCLT/STM32CubeCLT_1.16.0/GNU-tools-for-STM32/bin/../lib/gcc/arm-none-eabi/12.3.1/../../../../arm-none-eabi/lib/thumb/v7e-m/nofp\libg.a(libc_a-memset.o)
 .ARM.attributes
                0x0000099d       0x2e C:/RMdiankong/STM32CubeCLT/STM32CubeCLT_1.16.0/GNU-tools-for-STM32/bin/../lib/gcc/arm-none-eabi/12.3.1/../../../../arm-none-eabi/lib/thumb/v7e-m/nofp\libg.a(libc_a-signal.o)
 .ARM.attributes
                0x000009cb       0x2e C:/RMdiankong/STM32CubeCLT/STM32CubeCLT_1.16.0/GNU-tools-for-STM32/bin/../lib/gcc/arm-none-eabi/12.3.1/../../../../arm-none-eabi/lib/thumb/v7e-m/nofp\libg.a(libc_a-reent.o)
 .ARM.attributes
                0x000009f9       0x2e C:/RMdiankong/STM32CubeCLT/STM32CubeCLT_1.16.0/GNU-tools-for-STM32/bin/../lib/gcc/arm-none-eabi/12.3.1/../../../../arm-none-eabi/lib/thumb/v7e-m/nofp\libg.a(libc_a-impure.o)
 .ARM.attributes
                0x00000a27       0x2e C:/RMdiankong/STM32CubeCLT/STM32CubeCLT_1.16.0/GNU-tools-for-STM32/bin/../lib/gcc/arm-none-eabi/12.3.1/../../../../arm-none-eabi/lib/thumb/v7e-m/nofp\libg.a(libc_a-signalr.o)
 .ARM.attributes
                0x00000a55       0x2e C:/RMdiankong/STM32CubeCLT/STM32CubeCLT_1.16.0/GNU-tools-for-STM32/bin/../lib/gcc/arm-none-eabi/12.3.1/../../../../arm-none-eabi/lib/thumb/v7e-m/nofp\libg.a(libc_a-errno.o)
 .ARM.attributes
                0x00000a83       0x2e C:/RMdiankong/STM32CubeCLT/STM32CubeCLT_1.16.0/GNU-tools-for-STM32/bin/../lib/gcc/arm-none-eabi/12.3.1/../../../../arm-none-eabi/lib/thumb/v7e-m/nofp\libg.a(libc_a-init.o)
 .ARM.attributes
                0x00000ab1       0x2e C:/RMdiankong/STM32CubeCLT/STM32CubeCLT_1.16.0/GNU-tools-for-STM32/bin/../lib/gcc/arm-none-eabi/12.3.1/../../../../arm-none-eabi/lib/thumb/v7e-m/nofp\libg.a(libc_a-lock.o)
 .ARM.attributes
                0x00000adf       0x2e C:/RMdiankong/STM32CubeCLT/STM32CubeCLT_1.16.0/GNU-tools-for-STM32/bin/../lib/gcc/arm-none-eabi/12.3.1/../../../../arm-none-eabi/lib/thumb/v7e-m/nofp\libg.a(libc_a-memcpy-stub.o)
 .ARM.attributes
                0x00000b0d       0x2e C:/RMdiankong/STM32CubeCLT/STM32CubeCLT_1.16.0/GNU-tools-for-STM32/bin/../lib/gcc/arm-none-eabi/12.3.1/../../../../arm-none-eabi/lib/thumb/v7e-m/nofp\libg.a(libc_a-__call_atexit.o)
 .ARM.attributes
                0x00000b3b       0x2e C:/RMdiankong/STM32CubeCLT/STM32CubeCLT_1.16.0/GNU-tools-for-STM32/bin/../lib/gcc/arm-none-eabi/12.3.1/../../../../arm-none-eabi/lib/thumb/v7e-m/nofp\libg.a(libc_a-atexit.o)
 .ARM.attributes
                0x00000b69       0x2e C:/RMdiankong/STM32CubeCLT/STM32CubeCLT_1.16.0/GNU-tools-for-STM32/bin/../lib/gcc/arm-none-eabi/12.3.1/../../../../arm-none-eabi/lib/thumb/v7e-m/nofp\libg.a(libc_a-fini.o)
 .ARM.attributes
                0x00000b97       0x2e C:/RMdiankong/STM32CubeCLT/STM32CubeCLT_1.16.0/GNU-tools-for-STM32/bin/../lib/gcc/arm-none-eabi/12.3.1/../../../../arm-none-eabi/lib/thumb/v7e-m/nofp\libg.a(libc_a-__atexit.o)
 .ARM.attributes
                0x00000bc5       0x1e C:/RMdiankong/STM32CubeCLT/STM32CubeCLT_1.16.0/GNU-tools-for-STM32/bin/../lib/gcc/arm-none-eabi/12.3.1/thumb/v7e-m/nofp/crtn.o
OUTPUT(competition_test.elf elf32-littlearm)
LOAD linker stubs
LOAD C:/RMdiankong/STM32CubeCLT/STM32CubeCLT_1.16.0/GNU-tools-for-STM32/bin/../lib/gcc/arm-none-eabi/12.3.1/../../../../arm-none-eabi/lib/thumb/v7e-m/nofp\libc.a
LOAD C:/RMdiankong/STM32CubeCLT/STM32CubeCLT_1.16.0/GNU-tools-for-STM32/bin/../lib/gcc/arm-none-eabi/12.3.1/../../../../arm-none-eabi/lib/thumb/v7e-m/nofp\libm.a
LOAD C:/RMdiankong/STM32CubeCLT/STM32CubeCLT_1.16.0/GNU-tools-for-STM32/bin/../lib/gcc/arm-none-eabi/12.3.1/thumb/v7e-m/nofp\libgcc.a

.debug_info     0x00000000    0x1b0ee
 .debug_info    0x00000000     0x16c0 CMakeFiles/competition_test.elf.dir/Core/Src/IMU.cpp.obj
 .debug_info    0x000016c0     0x10a4 CMakeFiles/competition_test.elf.dir/Core/Src/Motor.cpp.obj
 .debug_info    0x00002764      0x2bb CMakeFiles/competition_test.elf.dir/Core/Src/PID.cpp.obj
 .debug_info    0x00002a1f     0x2db4 CMakeFiles/competition_test.elf.dir/Core/Src/callback.cpp.obj
 .debug_info    0x000057d3      0xba1 CMakeFiles/competition_test.elf.dir/Core/Src/can.c.obj
 .debug_info    0x00006374      0x4b2 CMakeFiles/competition_test.elf.dir/Core/Src/gpio.c.obj
 .debug_info    0x00006826      0x1d6 CMakeFiles/competition_test.elf.dir/Core/Src/iwdg.c.obj
 .debug_info    0x000069fc     0x107d CMakeFiles/competition_test.elf.dir/Core/Src/main.c.obj
 .debug_info    0x00007a79      0xcb7 CMakeFiles/competition_test.elf.dir/Core/Src/spi.c.obj
 .debug_info    0x00008730      0x265 CMakeFiles/competition_test.elf.dir/Core/Src/stm32f4xx_hal_msp.c.obj
 .debug_info    0x00008995      0xe07 CMakeFiles/competition_test.elf.dir/Core/Src/stm32f4xx_it.c.obj
 .debug_info    0x0000979c      0x783 CMakeFiles/competition_test.elf.dir/Core/Src/syscalls.c.obj
 .debug_info    0x00009f1f      0x334 CMakeFiles/competition_test.elf.dir/Core/Src/system_stm32f4xx.c.obj
 .debug_info    0x0000a253      0xc15 CMakeFiles/competition_test.elf.dir/Core/Src/tim.c.obj
 .debug_info    0x0000ae68       0x30 CMakeFiles/competition_test.elf.dir/Core/Startup/startup_stm32f407ighx.s.obj
 .debug_info    0x0000ae98      0x9e2 CMakeFiles/competition_test.elf.dir/Drivers/STM32F4xx_HAL_Driver/Src/stm32f4xx_hal.c.obj
 .debug_info    0x0000b87a     0x11f7 CMakeFiles/competition_test.elf.dir/Drivers/STM32F4xx_HAL_Driver/Src/stm32f4xx_hal_can.c.obj
 .debug_info    0x0000ca71      0xfbb CMakeFiles/competition_test.elf.dir/Drivers/STM32F4xx_HAL_Driver/Src/stm32f4xx_hal_cortex.c.obj
 .debug_info    0x0000da2c      0xad9 CMakeFiles/competition_test.elf.dir/Drivers/STM32F4xx_HAL_Driver/Src/stm32f4xx_hal_dma.c.obj
 .debug_info    0x0000e505      0x704 CMakeFiles/competition_test.elf.dir/Drivers/STM32F4xx_HAL_Driver/Src/stm32f4xx_hal_gpio.c.obj
 .debug_info    0x0000ec09      0x1f5 CMakeFiles/competition_test.elf.dir/Drivers/STM32F4xx_HAL_Driver/Src/stm32f4xx_hal_iwdg.c.obj
 .debug_info    0x0000edfe      0xa6d CMakeFiles/competition_test.elf.dir/Drivers/STM32F4xx_HAL_Driver/Src/stm32f4xx_hal_rcc.c.obj
 .debug_info    0x0000f86b     0x1ca2 CMakeFiles/competition_test.elf.dir/Drivers/STM32F4xx_HAL_Driver/Src/stm32f4xx_hal_spi.c.obj
 .debug_info    0x0001150d     0x3be0 CMakeFiles/competition_test.elf.dir/Drivers/STM32F4xx_HAL_Driver/Src/stm32f4xx_hal_tim.c.obj
 .debug_info    0x000150ed     0x1ac8 CMakeFiles/competition_test.elf.dir/Drivers/STM32F4xx_HAL_Driver/Src/stm32f4xx_hal_tim_ex.c.obj
 .debug_info    0x00016bb5       0xd8 C:/RMdiankong/STM32CubeCLT/STM32CubeCLT_1.16.0/GNU-tools-for-STM32/bin/../lib/gcc/arm-none-eabi/12.3.1/../../../../arm-none-eabi/lib/thumb/v7e-m/nofp\libg.a(libc_a-abort.o)
 .debug_info    0x00016c8d      0xfc5 C:/RMdiankong/STM32CubeCLT/STM32CubeCLT_1.16.0/GNU-tools-for-STM32/bin/../lib/gcc/arm-none-eabi/12.3.1/../../../../arm-none-eabi/lib/thumb/v7e-m/nofp\libg.a(libc_a-findfp.o)
 .debug_info    0x00017c52       0xe0 C:/RMdiankong/STM32CubeCLT/STM32CubeCLT_1.16.0/GNU-tools-for-STM32/bin/../lib/gcc/arm-none-eabi/12.3.1/../../../../arm-none-eabi/lib/thumb/v7e-m/nofp\libg.a(libc_a-memset.o)
 .debug_info    0x00017d32      0xa0d C:/RMdiankong/STM32CubeCLT/STM32CubeCLT_1.16.0/GNU-tools-for-STM32/bin/../lib/gcc/arm-none-eabi/12.3.1/../../../../arm-none-eabi/lib/thumb/v7e-m/nofp\libg.a(libc_a-signal.o)
 .debug_info    0x0001873f      0x7e7 C:/RMdiankong/STM32CubeCLT/STM32CubeCLT_1.16.0/GNU-tools-for-STM32/bin/../lib/gcc/arm-none-eabi/12.3.1/../../../../arm-none-eabi/lib/thumb/v7e-m/nofp\libg.a(libc_a-reent.o)
 .debug_info    0x00018f26      0x733 C:/RMdiankong/STM32CubeCLT/STM32CubeCLT_1.16.0/GNU-tools-for-STM32/bin/../lib/gcc/arm-none-eabi/12.3.1/../../../../arm-none-eabi/lib/thumb/v7e-m/nofp\libg.a(libc_a-impure.o)
 .debug_info    0x00019659      0x7fb C:/RMdiankong/STM32CubeCLT/STM32CubeCLT_1.16.0/GNU-tools-for-STM32/bin/../lib/gcc/arm-none-eabi/12.3.1/../../../../arm-none-eabi/lib/thumb/v7e-m/nofp\libg.a(libc_a-signalr.o)
 .debug_info    0x00019e54      0x719 C:/RMdiankong/STM32CubeCLT/STM32CubeCLT_1.16.0/GNU-tools-for-STM32/bin/../lib/gcc/arm-none-eabi/12.3.1/../../../../arm-none-eabi/lib/thumb/v7e-m/nofp\libg.a(libc_a-errno.o)
 .debug_info    0x0001a56d      0x10b C:/RMdiankong/STM32CubeCLT/STM32CubeCLT_1.16.0/GNU-tools-for-STM32/bin/../lib/gcc/arm-none-eabi/12.3.1/../../../../arm-none-eabi/lib/thumb/v7e-m/nofp\libg.a(libc_a-init.o)
 .debug_info    0x0001a678      0x20a C:/RMdiankong/STM32CubeCLT/STM32CubeCLT_1.16.0/GNU-tools-for-STM32/bin/../lib/gcc/arm-none-eabi/12.3.1/../../../../arm-none-eabi/lib/thumb/v7e-m/nofp\libg.a(libc_a-lock.o)
 .debug_info    0x0001a882      0x121 C:/RMdiankong/STM32CubeCLT/STM32CubeCLT_1.16.0/GNU-tools-for-STM32/bin/../lib/gcc/arm-none-eabi/12.3.1/../../../../arm-none-eabi/lib/thumb/v7e-m/nofp\libg.a(libc_a-memcpy-stub.o)
 .debug_info    0x0001a9a3      0x2dd C:/RMdiankong/STM32CubeCLT/STM32CubeCLT_1.16.0/GNU-tools-for-STM32/bin/../lib/gcc/arm-none-eabi/12.3.1/../../../../arm-none-eabi/lib/thumb/v7e-m/nofp\libg.a(libc_a-__call_atexit.o)
 .debug_info    0x0001ac80      0x118 C:/RMdiankong/STM32CubeCLT/STM32CubeCLT_1.16.0/GNU-tools-for-STM32/bin/../lib/gcc/arm-none-eabi/12.3.1/../../../../arm-none-eabi/lib/thumb/v7e-m/nofp\libg.a(libc_a-atexit.o)
 .debug_info    0x0001ad98       0xf7 C:/RMdiankong/STM32CubeCLT/STM32CubeCLT_1.16.0/GNU-tools-for-STM32/bin/../lib/gcc/arm-none-eabi/12.3.1/../../../../arm-none-eabi/lib/thumb/v7e-m/nofp\libg.a(libc_a-fini.o)
 .debug_info    0x0001ae8f      0x25f C:/RMdiankong/STM32CubeCLT/STM32CubeCLT_1.16.0/GNU-tools-for-STM32/bin/../lib/gcc/arm-none-eabi/12.3.1/../../../../arm-none-eabi/lib/thumb/v7e-m/nofp\libg.a(libc_a-__atexit.o)

.debug_abbrev   0x00000000     0x4eb7
 .debug_abbrev  0x00000000      0x3e1 CMakeFiles/competition_test.elf.dir/Core/Src/IMU.cpp.obj
 .debug_abbrev  0x000003e1      0x39f CMakeFiles/competition_test.elf.dir/Core/Src/Motor.cpp.obj
 .debug_abbrev  0x00000780      0x168 CMakeFiles/competition_test.elf.dir/Core/Src/PID.cpp.obj
 .debug_abbrev  0x000008e8      0x497 CMakeFiles/competition_test.elf.dir/Core/Src/callback.cpp.obj
 .debug_abbrev  0x00000d7f      0x23d CMakeFiles/competition_test.elf.dir/Core/Src/can.c.obj
 .debug_abbrev  0x00000fbc      0x164 CMakeFiles/competition_test.elf.dir/Core/Src/gpio.c.obj
 .debug_abbrev  0x00001120      0x143 CMakeFiles/competition_test.elf.dir/Core/Src/iwdg.c.obj
 .debug_abbrev  0x00001263      0x274 CMakeFiles/competition_test.elf.dir/Core/Src/main.c.obj
 .debug_abbrev  0x000014d7      0x237 CMakeFiles/competition_test.elf.dir/Core/Src/spi.c.obj
 .debug_abbrev  0x0000170e       0xd6 CMakeFiles/competition_test.elf.dir/Core/Src/stm32f4xx_hal_msp.c.obj
 .debug_abbrev  0x000017e4      0x1e9 CMakeFiles/competition_test.elf.dir/Core/Src/stm32f4xx_it.c.obj
 .debug_abbrev  0x000019cd      0x1c1 CMakeFiles/competition_test.elf.dir/Core/Src/syscalls.c.obj
 .debug_abbrev  0x00001b8e      0x120 CMakeFiles/competition_test.elf.dir/Core/Src/system_stm32f4xx.c.obj
 .debug_abbrev  0x00001cae      0x220 CMakeFiles/competition_test.elf.dir/Core/Src/tim.c.obj
 .debug_abbrev  0x00001ece       0x24 CMakeFiles/competition_test.elf.dir/Core/Startup/startup_stm32f407ighx.s.obj
 .debug_abbrev  0x00001ef2      0x240 CMakeFiles/competition_test.elf.dir/Drivers/STM32F4xx_HAL_Driver/Src/stm32f4xx_hal.c.obj
 .debug_abbrev  0x00002132      0x27b CMakeFiles/competition_test.elf.dir/Drivers/STM32F4xx_HAL_Driver/Src/stm32f4xx_hal_can.c.obj
 .debug_abbrev  0x000023ad      0x391 CMakeFiles/competition_test.elf.dir/Drivers/STM32F4xx_HAL_Driver/Src/stm32f4xx_hal_cortex.c.obj
 .debug_abbrev  0x0000273e      0x2c0 CMakeFiles/competition_test.elf.dir/Drivers/STM32F4xx_HAL_Driver/Src/stm32f4xx_hal_dma.c.obj
 .debug_abbrev  0x000029fe      0x202 CMakeFiles/competition_test.elf.dir/Drivers/STM32F4xx_HAL_Driver/Src/stm32f4xx_hal_gpio.c.obj
 .debug_abbrev  0x00002c00      0x139 CMakeFiles/competition_test.elf.dir/Drivers/STM32F4xx_HAL_Driver/Src/stm32f4xx_hal_iwdg.c.obj
 .debug_abbrev  0x00002d39      0x2c7 CMakeFiles/competition_test.elf.dir/Drivers/STM32F4xx_HAL_Driver/Src/stm32f4xx_hal_rcc.c.obj
 .debug_abbrev  0x00003000      0x272 CMakeFiles/competition_test.elf.dir/Drivers/STM32F4xx_HAL_Driver/Src/stm32f4xx_hal_spi.c.obj
 .debug_abbrev  0x00003272      0x271 CMakeFiles/competition_test.elf.dir/Drivers/STM32F4xx_HAL_Driver/Src/stm32f4xx_hal_tim.c.obj
 .debug_abbrev  0x000034e3      0x26f CMakeFiles/competition_test.elf.dir/Drivers/STM32F4xx_HAL_Driver/Src/stm32f4xx_hal_tim_ex.c.obj
 .debug_abbrev  0x00003752       0x99 C:/RMdiankong/STM32CubeCLT/STM32CubeCLT_1.16.0/GNU-tools-for-STM32/bin/../lib/gcc/arm-none-eabi/12.3.1/../../../../arm-none-eabi/lib/thumb/v7e-m/nofp\libg.a(libc_a-abort.o)
 .debug_abbrev  0x000037eb      0x462 C:/RMdiankong/STM32CubeCLT/STM32CubeCLT_1.16.0/GNU-tools-for-STM32/bin/../lib/gcc/arm-none-eabi/12.3.1/../../../../arm-none-eabi/lib/thumb/v7e-m/nofp\libg.a(libc_a-findfp.o)
 .debug_abbrev  0x00003c4d       0x9e C:/RMdiankong/STM32CubeCLT/STM32CubeCLT_1.16.0/GNU-tools-for-STM32/bin/../lib/gcc/arm-none-eabi/12.3.1/../../../../arm-none-eabi/lib/thumb/v7e-m/nofp\libg.a(libc_a-memset.o)
 .debug_abbrev  0x00003ceb      0x28a C:/RMdiankong/STM32CubeCLT/STM32CubeCLT_1.16.0/GNU-tools-for-STM32/bin/../lib/gcc/arm-none-eabi/12.3.1/../../../../arm-none-eabi/lib/thumb/v7e-m/nofp\libg.a(libc_a-signal.o)
 .debug_abbrev  0x00003f75      0x229 C:/RMdiankong/STM32CubeCLT/STM32CubeCLT_1.16.0/GNU-tools-for-STM32/bin/../lib/gcc/arm-none-eabi/12.3.1/../../../../arm-none-eabi/lib/thumb/v7e-m/nofp\libg.a(libc_a-reent.o)
 .debug_abbrev  0x0000419e      0x185 C:/RMdiankong/STM32CubeCLT/STM32CubeCLT_1.16.0/GNU-tools-for-STM32/bin/../lib/gcc/arm-none-eabi/12.3.1/../../../../arm-none-eabi/lib/thumb/v7e-m/nofp\libg.a(libc_a-impure.o)
 .debug_abbrev  0x00004323      0x239 C:/RMdiankong/STM32CubeCLT/STM32CubeCLT_1.16.0/GNU-tools-for-STM32/bin/../lib/gcc/arm-none-eabi/12.3.1/../../../../arm-none-eabi/lib/thumb/v7e-m/nofp\libg.a(libc_a-signalr.o)
 .debug_abbrev  0x0000455c      0x19a C:/RMdiankong/STM32CubeCLT/STM32CubeCLT_1.16.0/GNU-tools-for-STM32/bin/../lib/gcc/arm-none-eabi/12.3.1/../../../../arm-none-eabi/lib/thumb/v7e-m/nofp\libg.a(libc_a-errno.o)
 .debug_abbrev  0x000046f6       0xc9 C:/RMdiankong/STM32CubeCLT/STM32CubeCLT_1.16.0/GNU-tools-for-STM32/bin/../lib/gcc/arm-none-eabi/12.3.1/../../../../arm-none-eabi/lib/thumb/v7e-m/nofp\libg.a(libc_a-init.o)